
 Start  Stop   Length Name               Class

 00000H 0436EH 0436FH _TEXT              CODE
 04370H 04370H 00000H H_LDIV_TEXT        CODE
 04370H 0470FH 003A0H WOLFHACK_TEXT      CODE
 04710H 060A5H 01996H WOLF3D_TEXT        CODE
 060A6H 060A6H 00000H SIGNON_TEXT        CODE
 060A6H 060A6H 00000H GAMEPAL_TEXT       CODE
 060A6H 0610AH 00065H WHACK_A_TEXT       CODE
 0610CH 06146H 0003BH WL_ASM_TEXT        CODE
 06147H 06B3EH 009F8H WL_TEXT_TEXT       CODE
 06B3FH 0AEDCH 0439EH WL_MENU_TEXT       CODE
 0AEDDH 0C4B6H 015DAH WL_INTER_TEXT      CODE
 0C4B7H 0D8EBH 01435H WL_GAME_TEXT       CODE
 0D8ECH 0EA92H 011A7H WL_PLAY_TEXT       CODE
 0EA93H 0F61CH 00B8AH WL_DEBUG_TEXT      CODE
 0F61DH 107A5H 01189H WL_DRAW_TEXT       CODE
 107A6H 10BF9H 00454H WL_DR_A_TEXT       CODE
 10BFAH 114ACH 008B3H WL_SCALE_TEXT      CODE
 114ADH 12D5BH 018AFH WL_STATE_TEXT      CODE
 12D5CH 14027H 012CCH WL_AGENT_TEXT      CODE
 14028H 14D68H 00D41H WL_ACT1_TEXT       CODE
 14D69H 17106H 0239EH WL_ACT2_TEXT       CODE
 17107H 18876H 01770H ID_CA_TEXT         CODE
 18877H 19400H 00B8AH ID_IN_TEXT         CODE
 19401H 1A24DH 00E4DH ID_MM_TEXT         CODE
 1A24EH 1B416H 011C9H ID_PM_TEXT         CODE
 1B417H 1CD53H 0193DH ID_SD_TEXT         CODE
 1CD54H 1D145H 003F2H ID_SD_A_TEXT       CODE
 1D146H 1D18AH 00045H ID_US_A_TEXT       CODE
 1D18BH 1DD7DH 00BF3H ID_US_1_TEXT       CODE
 1DD7EH 1E98BH 00C0EH ID_VL_TEXT         CODE
 1E98CH 1F2EAH 0095FH ID_VH_TEXT         CODE
 1F2ECH 1F4C2H 001D7H ID_VL_A_TEXT       CODE
 1F4C4H 1F6B9H 001F6H ID_VH_A_TEXT       CODE
 1F6C0H 21E36H 02777H EMU_PROG           CODE
 21E40H 22407H 005C8H E87_PROG           CODE
 22410H 22410H 00000H _FARDATA           FAR_DATA
 22410H 2440FH 02000H FAR_DATA           FAR_DATA
 24410H 24511H 00102H FAR_DATA           FAR_DATA
 24520H 24813H 002F4H WOLF3D5_DATA       FAR_DATA
 24820H 3421FH 0FA00H SIGNON5_DATA       FAR_DATA
 34220H 3451FH 00300H GAMEPAL5_DATA      FAR_DATA
 34520H 347EFH 002D0H WL_MENU5_DATA      FAR_DATA
 347F0H 34969H 0017AH WL_MENU6_DATA      FAR_DATA
 34970H 34B67H 001F8H WL_MENU7_DATA      FAR_DATA
 34B70H 34C6BH 000FCH WL_MENU8_DATA      FAR_DATA
 34C70H 34E3DH 001CEH WL_MENU9_DATA      FAR_DATA
 34E40H 34EE7H 000A8H WL_MENU10_DATA     FAR_DATA
 34EF0H 35093H 001A4H WL_MENU11_DATA     FAR_DATA
 350A0H 35219H 0017AH WL_MENU12_DATA     FAR_DATA
 35220H 35243H 00024H WL_MENU13_DATA     FAR_DATA
 35250H 352CFH 00080H ID_IN5_DATA        FAR_DATA
 352D0H 3534FH 00080H ID_IN6_DATA        FAR_DATA
 35350H 353CFH 00080H ID_IN7_DATA        FAR_DATA
 353D0H 353D0H 00000H _FARBSS            FAR_BSS
 353D0H 35928H 00559H _COMDEF_AA_        FAR_BSS
 35930H 36037H 00708H _COMDEF_AB_        FAR_BSS
 36040H 36E4FH 00E10H _COMDEF_AC_        FAR_BSS
 36E50H 36EE4H 00095H _COMDEF_AD_        FAR_BSS
 36EF0H 380EFH 01200H _COMDEF_AE_        FAR_BSS
 380F0H 392EFH 01200H _COMDEF_AF_        FAR_BSS
 392F0H 3B3BFH 020D0H _COMDEF_AG_        FAR_BSS
 3B3C0H 3B6BFH 00300H _COMDEF_AH_        FAR_BSS
 3B6C0H 3B9BFH 00300H _COMDEF_AI_        FAR_BSS
 3B9C0H 3B9C0H 00000H _OVERLAY_          OVRINFO
 3B9C0H 3B9C0H 00000H _1STUB_            STUBSEG
 3B9C0H 3FFB9H 045FAH _DATA              DATA
 3FFBAH 3FFBDH 00004H _CVTSEG            DATA
 3FFBEH 3FFC9H 0000CH _SCNSEG            DATA
 3FFCAH 3FFCAH 00000H _CONST             CONST
 3FFCAH 3FFE7H 0001EH _INIT_             INITDATA
 3FFE8H 3FFE8H 00000H _INITEND_          INITDATA
 3FFE8H 3FFEDH 00006H _EXIT_             EXITDATA
 3FFEEH 3FFEEH 00000H _EXITEND_          EXITDATA
 3FFEEH 40257H 0026AH _BSS               BSS
 40258H 4A820H 0A5C9H _COMDEF_           BSS
 4A821H 4A821H 00000H _BSSEND            BSSEND
 4A830H 4A8AFH 00080H _STACK             STACK


Detailed map of segments

 0000:0000 02B2 C=CODE   S=_TEXT          G=(none)  M=C0.ASM     ACBP=28
 0000:02B2 00DE C=CODE   S=_TEXT          G=(none)  M=H_LDIV.ASM ACBP=28
 0000:0390 0258 C=CODE   S=_TEXT          G=(none)  M=FPINIT     ACBP=28
 0000:05E8 0000 C=CODE   S=_TEXT          G=(none)  M=E87TRAP    ACBP=28
 0000:05E8 0000 C=CODE   S=_TEXT          G=(none)  M=PROTFLAG   ACBP=28
 0000:05E8 0000 C=CODE   S=_TEXT          G=(none)  M=DEFLT87    ACBP=28
 0000:05E8 000D C=CODE   S=_TEXT          G=(none)  M=ATAN       ACBP=28
 0000:05F5 0000 C=CODE   S=_TEXT          G=(none)  M=HUGEVAL    ACBP=28
 0000:05F5 009A C=CODE   S=_TEXT          G=(none)  M=LDTRUNC    ACBP=28
 0000:068F 0000 C=CODE   S=_TEXT          G=(none)  M=MATHWHY    ACBP=28
 0000:068F 01B5 C=CODE   S=_TEXT          G=(none)  M=REALCVT    ACBP=28
 0000:0844 0361 C=CODE   S=_TEXT          G=(none)  M=SCANTOD    ACBP=28
 0000:0BA5 0209 C=CODE   S=_TEXT          G=(none)  M=XCVT       ACBP=28
 0000:0DAE 00A6 C=CODE   S=_TEXT          G=(none)  M=FPERR      ACBP=28
 0000:0E54 00C9 C=CODE   S=_TEXT          G=(none)  M=_POW10     ACBP=28
 0000:0F1D 000B C=CODE   S=_TEXT          G=(none)  M=POW10D     ACBP=28
 0000:0F28 0026 C=CODE   S=_TEXT          G=(none)  M=MATHERR    ACBP=28
 0000:0F4E 004D C=CODE   S=_TEXT          G=(none)  M=SIN        ACBP=28
 0000:0F9B 0050 C=CODE   S=_TEXT          G=(none)  M=TAN        ACBP=28
 0000:0FEB 0090 C=CODE   S=_TEXT          G=(none)  M=_MATHERR   ACBP=28
 0000:107B 00BB C=CODE   S=_TEXT          G=(none)  M=ATAN2      ACBP=28
 0000:1136 002C C=CODE   S=_TEXT          G=(none)  M=FFTOL      ACBP=28
 0000:1162 002D C=CODE   S=_TEXT          G=(none)  M=ATEXIT     ACBP=28
 0000:118F 0000 C=CODE   S=_TEXT          G=(none)  M=CTYPE      ACBP=28
 0000:118F 0036 C=CODE   S=_TEXT          G=(none)  M=DOSDFREE   ACBP=28
 0000:11C5 0038 C=CODE   S=_TEXT          G=(none)  M=DOSFATTR   ACBP=28
 0000:11FD 0032 C=CODE   S=_TEXT          G=(none)  M=DOSGDATE   ACBP=28
 0000:122F 0023 C=CODE   S=_TEXT          G=(none)  M=DOSWRITE   ACBP=28
 0000:1252 0093 C=CODE   S=_TEXT          G=(none)  M=EXIT       ACBP=28
 0000:12E5 0000 C=CODE   S=_TEXT          G=(none)  M=FILES      ACBP=28
 0000:12E5 0000 C=CODE   S=_TEXT          G=(none)  M=FILES2     ACBP=28
 0000:12E5 0000 C=CODE   S=_TEXT          G=(none)  M=FMODE      ACBP=28
 0000:12E5 0000 C=CODE   S=_TEXT          G=(none)  M=FPSTKLEN   ACBP=28
 0000:12E5 0017 C=CODE   S=_TEXT          G=(none)  M=F_LXMUL    ACBP=28
 0000:12FC 0021 C=CODE   S=_TEXT          G=(none)  M=F_PCMP     ACBP=28
 0000:131D 001C C=CODE   S=_TEXT          G=(none)  M=F_SCOPY    ACBP=28
 0000:1339 0020 C=CODE   S=_TEXT          G=(none)  M=GETVECT    ACBP=28
 0000:1359 0000 C=CODE   S=_TEXT          G=(none)  M=HEAPLEN    ACBP=28
 0000:1359 0021 C=CODE   S=_TEXT          G=(none)  M=H_LLSH     ACBP=28
 0000:137A 0020 C=CODE   S=_TEXT          G=(none)  M=H_LRSH     ACBP=28
 0000:139A 0021 C=CODE   S=_TEXT          G=(none)  M=H_LURSH    ACBP=28
 0000:13BB 0088 C=CODE   S=_TEXT          G=(none)  M=H_PADA     ACBP=28
 0000:1443 0060 C=CODE   S=_TEXT          G=(none)  M=H_PADD     ACBP=28
 0000:14A3 0028 C=CODE   S=_TEXT          G=(none)  M=H_PSBP     ACBP=28
 0000:14CB 0027 C=CODE   S=_TEXT          G=(none)  M=H_SPUSH    ACBP=28
 0000:14F2 004B C=CODE   S=_TEXT          G=(none)  M=IOERROR    ACBP=28
 0000:153D 0011 C=CODE   S=_TEXT          G=(none)  M=ISATTY     ACBP=28
 0000:154E 009A C=CODE   S=_TEXT          G=(none)  M=LONGTOA    ACBP=28
 0000:15E8 0029 C=CODE   S=_TEXT          G=(none)  M=LSEEK      ACBP=28
 0000:1611 0082 C=CODE   S=_TEXT          G=(none)  M=MKNAME     ACBP=28
 0000:1693 0021 C=CODE   S=_TEXT          G=(none)  M=N_PCMP     ACBP=28
 0000:16B4 002D C=CODE   S=_TEXT          G=(none)  M=READA      ACBP=28
 0000:16E1 01AA C=CODE   S=_TEXT          G=(none)  M=SCANTOL    ACBP=28
 0000:188B 00A5 C=CODE   S=_TEXT          G=(none)  M=SETUPIO    ACBP=28
 0000:1930 0000 C=CODE   S=_TEXT          G=(none)  M=SIGDATA    ACBP=28
 0000:1930 0000 C=CODE   S=_TEXT          G=(none)  M=STKLEN     ACBP=28
 0000:1930 002C C=CODE   S=_TEXT          G=(none)  M=TOLOWER    ACBP=28
 0000:195C 002C C=CODE   S=_TEXT          G=(none)  M=TOUPPER    ACBP=28
 0000:1988 0016 C=CODE   S=_TEXT          G=(none)  M=UNLINK     ACBP=28
 0000:199E 04CB C=CODE   S=_TEXT          G=(none)  M=VPRINTER   ACBP=28
 0000:1E69 009F C=CODE   S=_TEXT          G=(none)  M=VRAM       ACBP=28
 0000:1F08 001A C=CODE   S=_TEXT          G=(none)  M=XCLOSE     ACBP=28
 0000:1F22 0029 C=CODE   S=_TEXT          G=(none)  M=_STPCPY    ACBP=28
 0000:1F4B 006F C=CODE   S=_TEXT          G=(none)  M=BRK        ACBP=28
 0000:1FBA 0029 C=CODE   S=_TEXT          G=(none)  M=CLRSCR     ACBP=28
 0000:1FE3 0010 C=CODE   S=_TEXT          G=(none)  M=CORELEFT   ACBP=28
 0000:1FF3 01A1 C=CODE   S=_TEXT          G=(none)  M=CRTINIT    ACBP=28
 0000:2194 001F C=CODE   S=_TEXT          G=(none)  M=CVTFAK     ACBP=28
 0000:21B3 0421 C=CODE   S=_TEXT          G=(none)  M=FARHEAP    ACBP=28
 0000:25D4 0140 C=CODE   S=_TEXT          G=(none)  M=FBRK       ACBP=28
 0000:2714 0050 C=CODE   S=_TEXT          G=(none)  M=FCORELFT   ACBP=28
 0000:2764 0049 C=CODE   S=_TEXT          G=(none)  M=GOTOXY     ACBP=28
 0000:27AD 00A8 C=CODE   S=_TEXT          G=(none)  M=GPTEXT     ACBP=28
 0000:2855 0027 C=CODE   S=_TEXT          G=(none)  M=IOCTL      ACBP=28
 0000:287C 009D C=CODE   S=_TEXT          G=(none)  M=MOVETEXT   ACBP=28
 0000:2919 027B C=CODE   S=_TEXT          G=(none)  M=NEARHEAP   ACBP=28
 0000:2B94 0004 C=CODE   S=_TEXT          G=(none)  M=REALCVT    ACBP=28
 0000:2B98 01BD C=CODE   S=_TEXT          G=(none)  M=SCREEN     ACBP=28
 0000:2D55 0188 C=CODE   S=_TEXT          G=(none)  M=SCROLL     ACBP=28
 0000:2EDD 0119 C=CODE   S=_TEXT          G=(none)  M=SETARGV    ACBP=28
 0000:2FF6 001C C=CODE   S=_TEXT          G=(none)  M=SETBLOCK   ACBP=28
 0000:3012 005D C=CODE   S=_TEXT          G=(none)  M=SETENVP    ACBP=28
 0000:306F 002C C=CODE   S=_TEXT          G=(none)  M=WHEREXY    ACBP=28
 0000:309B 007D C=CODE   S=_TEXT          G=(none)  M=ATOL       ACBP=28
 0000:3118 001B C=CODE   S=_TEXT          G=(none)  M=CHMODA     ACBP=28
 0000:3133 0028 C=CODE   S=_TEXT          G=(none)  M=CLOSE      ACBP=28
 0000:315B 001E C=CODE   S=_TEXT          G=(none)  M=CLOSEA     ACBP=28
 0000:3179 008B C=CODE   S=_TEXT          G=(none)  M=CREAT      ACBP=28
 0000:3204 0081 C=CODE   S=_TEXT          G=(none)  M=FCLOSE     ACBP=28
 0000:3285 0081 C=CODE   S=_TEXT          G=(none)  M=FFLUSH     ACBP=28
 0000:3306 0060 C=CODE   S=_TEXT          G=(none)  M=FINDFIRS   ACBP=28
 0000:3366 0041 C=CODE   S=_TEXT          G=(none)  M=FLENGTH    ACBP=28
 0000:33A7 003A C=CODE   S=_TEXT          G=(none)  M=FLUSHALL   ACBP=28
 0000:33E1 01A0 C=CODE   S=_TEXT          G=(none)  M=FOPEN      ACBP=28
 0000:3581 0016 C=CODE   S=_TEXT          G=(none)  M=FPRINTF    ACBP=28
 0000:3597 018C C=CODE   S=_TEXT          G=(none)  M=FSEEK      ACBP=28
 0000:3723 005F C=CODE   S=_TEXT          G=(none)  M=GETENV     ACBP=28
 0000:3782 0067 C=CODE   S=_TEXT          G=(none)  M=LTOA1      ACBP=28
 0000:37E9 001F C=CODE   S=_TEXT          G=(none)  M=MEMCPY     ACBP=28
 0000:3808 0022 C=CODE   S=_TEXT          G=(none)  M=MOVEDATA   ACBP=28
 0000:382A 0183 C=CODE   S=_TEXT          G=(none)  M=OPEN       ACBP=28
 0000:39AD 004D C=CODE   S=_TEXT          G=(none)  M=OPENA      ACBP=28
 0000:39FA 0017 C=CODE   S=_TEXT          G=(none)  M=PRINTF     ACBP=28
 0000:3A11 0309 C=CODE   S=_TEXT          G=(none)  M=PUTC       ACBP=28
 0000:3D1A 004B C=CODE   S=_TEXT          G=(none)  M=PUTS       ACBP=28
 0000:3D65 00CE C=CODE   S=_TEXT          G=(none)  M=READ       ACBP=28
 0000:3E33 0003 C=CODE   S=_TEXT          G=(none)  M=READU      ACBP=28
 0000:3E36 00D8 C=CODE   S=_TEXT          G=(none)  M=SETVBUF    ACBP=28
 0000:3F0E 0061 C=CODE   S=_TEXT          G=(none)  M=SPRINTF    ACBP=28
 0000:3F6F 0039 C=CODE   S=_TEXT          G=(none)  M=STRCAT     ACBP=28
 0000:3FA8 001A C=CODE   S=_TEXT          G=(none)  M=STRLEN     ACBP=28
 0000:3FC2 00FF C=CODE   S=_TEXT          G=(none)  M=STRTOL     ACBP=28
 0000:40C1 010E C=CODE   S=_TEXT          G=(none)  M=WRITE      ACBP=28
 0000:41CF 003A C=CODE   S=_TEXT          G=(none)  M=WRITEA     ACBP=28
 0000:4209 0003 C=CODE   S=_TEXT          G=(none)  M=WRITEU     ACBP=28
 0000:420C 0028 C=CODE   S=_TEXT          G=(none)  M=XFCLOSE    ACBP=28
 0000:4234 0023 C=CODE   S=_TEXT          G=(none)  M=XFFLUSH    ACBP=28
 0000:4257 0028 C=CODE   S=_TEXT          G=(none)  M=FMEMCMP    ACBP=28
 0000:427F 0024 C=CODE   S=_TEXT          G=(none)  M=FMEMCPY    ACBP=28
 0000:42A3 0043 C=CODE   S=_TEXT          G=(none)  M=FMEMSET    ACBP=28
 0000:42E6 0029 C=CODE   S=_TEXT          G=(none)  M=FSTRCPY    ACBP=28
 0000:430F 0041 C=CODE   S=_TEXT          G=(none)  M=FSTRICMP   ACBP=28
 0000:4350 001F C=CODE   S=_TEXT          G=(none)  M=FSTRLEN    ACBP=28
 0437:0000 0000 C=CODE   S=H_LDIV_TEXT    G=(none)  M=H_LDIV.ASM ACBP=48
 0437:0000 03A0 C=CODE   S=WOLFHACK_TEXT  G=(none)  M=WOLFHACK.C ACBP=28
 0471:0000 1996 C=CODE   S=WOLF3D_TEXT    G=(none)  M=WOLF3D.C   ACBP=28
 060A:0006 0000 C=CODE   S=SIGNON_TEXT    G=(none)  M=SIGNON.C   ACBP=28
 060A:0006 0000 C=CODE   S=GAMEPAL_TEXT   G=(none)  M=GAMEPAL.C  ACBP=28
 060A:0006 0065 C=CODE   S=WHACK_A_TEXT   G=(none)  M=WHACK_A.ASM ACBP=48
 0610:000C 003B C=CODE   S=WL_ASM_TEXT    G=(none)  M=WL_ASM.ASM ACBP=48
 0614:0007 09F8 C=CODE   S=WL_TEXT_TEXT   G=(none)  M=WL_TEXT.C  ACBP=28
 06B3:000F 439E C=CODE   S=WL_MENU_TEXT   G=(none)  M=WL_MENU.C  ACBP=28
 0AED:000D 15DA C=CODE   S=WL_INTER_TEXT  G=(none)  M=WL_INTER.C ACBP=28
 0C4B:0007 1435 C=CODE   S=WL_GAME_TEXT   G=(none)  M=WL_GAME.C  ACBP=28
 0D8E:000C 11A7 C=CODE   S=WL_PLAY_TEXT   G=(none)  M=WL_PLAY.C  ACBP=28
 0EA9:0003 0B8A C=CODE   S=WL_DEBUG_TEXT  G=(none)  M=WL_DEBUG.C ACBP=28
 0F61:000D 1189 C=CODE   S=WL_DRAW_TEXT   G=(none)  M=WL_DRAW.C  ACBP=28
 107A:0006 0454 C=CODE   S=WL_DR_A_TEXT   G=(none)  M=WL_DR_A.ASM ACBP=48
 10BF:000A 08B3 C=CODE   S=WL_SCALE_TEXT  G=(none)  M=WL_SCALE.C ACBP=28
 114A:000D 18AF C=CODE   S=WL_STATE_TEXT  G=(none)  M=WL_STATE.C ACBP=28
 12D5:000C 12CC C=CODE   S=WL_AGENT_TEXT  G=(none)  M=WL_AGENT.C ACBP=28
 1402:0008 0D41 C=CODE   S=WL_ACT1_TEXT   G=(none)  M=WL_ACT1.C  ACBP=28
 14D6:0009 239E C=CODE   S=WL_ACT2_TEXT   G=(none)  M=WL_ACT2.C  ACBP=28
 1710:0007 1770 C=CODE   S=ID_CA_TEXT     G=(none)  M=ID_CA.C    ACBP=28
 1887:0007 0B8A C=CODE   S=ID_IN_TEXT     G=(none)  M=ID_IN.C    ACBP=28
 1940:0001 0E4D C=CODE   S=ID_MM_TEXT     G=(none)  M=ID_MM.C    ACBP=28
 1A24:000E 11C9 C=CODE   S=ID_PM_TEXT     G=(none)  M=ID_PM.C    ACBP=28
 1B41:0007 193D C=CODE   S=ID_SD_TEXT     G=(none)  M=ID_SD.C    ACBP=28
 1CD5:0004 03F2 C=CODE   S=ID_SD_A_TEXT   G=(none)  M=ID_SD_A.ASM ACBP=48
 1D14:0006 0045 C=CODE   S=ID_US_A_TEXT   G=(none)  M=ID_US_A.ASM ACBP=48
 1D18:000B 0BF3 C=CODE   S=ID_US_1_TEXT   G=(none)  M=ID_US_1.C  ACBP=28
 1DD7:000E 0C0E C=CODE   S=ID_VL_TEXT     G=(none)  M=ID_VL.C    ACBP=28
 1E98:000C 095F C=CODE   S=ID_VH_TEXT     G=(none)  M=ID_VH.C    ACBP=28
 1F2E:000C 01D7 C=CODE   S=ID_VL_A_TEXT   G=(none)  M=ID_VL_A.ASM ACBP=48
 1F4C:0004 01F6 C=CODE   S=ID_VH_A_TEXT   G=(none)  M=ID_VH_A.ASM ACBP=48
 1F6C:0000 0000 C=CODE   S=EMU_PROG       G=(none)  M=FPINIT     ACBP=68
 1F6C:0000 2777 C=CODE   S=EMU_PROG       G=(none)  M=EMU086     ACBP=68
 21E4:0000 0000 C=CODE   S=E87_PROG       G=(none)  M=FPINIT     ACBP=68
 21E4:0000 03E3 C=CODE   S=E87_PROG       G=(none)  M=EMU087     ACBP=68
 21E4:03F0 01D8 C=CODE   S=E87_PROG       G=(none)  M=E87TRAP    ACBP=68
 2241:0000 0000 C=FAR_DATA S=_FARDATA       G=(none)  M=C0.ASM     ACBP=68
 2241:0000 2000 C=FAR_DATA S=FAR_DATA       G=(none)  M=WHACK_A.ASM ACBP=60
 2441:0000 0102 C=FAR_DATA S=FAR_DATA       G=(none)  M=ID_US_A.ASM ACBP=60
 2452:0000 02F4 C=FAR_DATA S=WOLF3D5_DATA   G=(none)  M=WOLF3D.C   ACBP=68
 2482:0000 FA00 C=FAR_DATA S=SIGNON5_DATA   G=(none)  M=SIGNON.C   ACBP=68
 3422:0000 0300 C=FAR_DATA S=GAMEPAL5_DATA  G=(none)  M=GAMEPAL.C  ACBP=68
 3452:0000 02D0 C=FAR_DATA S=WL_MENU5_DATA  G=(none)  M=WL_MENU.C  ACBP=68
 347F:0000 017A C=FAR_DATA S=WL_MENU6_DATA  G=(none)  M=WL_MENU.C  ACBP=68
 3497:0000 01F8 C=FAR_DATA S=WL_MENU7_DATA  G=(none)  M=WL_MENU.C  ACBP=68
 34B7:0000 00FC C=FAR_DATA S=WL_MENU8_DATA  G=(none)  M=WL_MENU.C  ACBP=68
 34C7:0000 01CE C=FAR_DATA S=WL_MENU9_DATA  G=(none)  M=WL_MENU.C  ACBP=68
 34E4:0000 00A8 C=FAR_DATA S=WL_MENU10_DATA G=(none)  M=WL_MENU.C  ACBP=68
 34EF:0000 01A4 C=FAR_DATA S=WL_MENU11_DATA G=(none)  M=WL_MENU.C  ACBP=68
 350A:0000 017A C=FAR_DATA S=WL_MENU12_DATA G=(none)  M=WL_MENU.C  ACBP=68
 3522:0000 0024 C=FAR_DATA S=WL_MENU13_DATA G=(none)  M=WL_MENU.C  ACBP=68
 3525:0000 0080 C=FAR_DATA S=ID_IN5_DATA    G=(none)  M=ID_IN.C    ACBP=68
 352D:0000 0080 C=FAR_DATA S=ID_IN6_DATA    G=(none)  M=ID_IN.C    ACBP=68
 3535:0000 0080 C=FAR_DATA S=ID_IN7_DATA    G=(none)  M=ID_IN.C    ACBP=68
 353D:0000 0000 C=FAR_BSS S=_FARBSS        G=(none)  M=C0.ASM     ACBP=68
 353D:0000 0559 C=FAR_BSS S=_COMDEF_AA_    G=(none)  M=WL_ACT1.C  ACBP=60
 3593:0000 0708 C=FAR_BSS S=_COMDEF_AB_    G=(none)  M=WL_DRAW.C  ACBP=60
 3604:0000 0E10 C=FAR_BSS S=_COMDEF_AC_    G=(none)  M=WL_DRAW.C  ACBP=60
 36E5:0000 0095 C=FAR_BSS S=_COMDEF_AD_    G=(none)  M=ID_CA.C    ACBP=60
 36EF:0000 1200 C=FAR_BSS S=_COMDEF_AE_    G=(none)  M=WL_PLAY.C  ACBP=60
 380F:0000 1200 C=FAR_BSS S=_COMDEF_AF_    G=(none)  M=WL_PLAY.C  ACBP=60
 392F:0000 20D0 C=FAR_BSS S=_COMDEF_AG_    G=(none)  M=ID_MM.C    ACBP=60
 3B3C:0000 0300 C=FAR_BSS S=_COMDEF_AH_    G=(none)  M=ID_VL.C    ACBP=60
 3B6C:0000 0300 C=FAR_BSS S=_COMDEF_AI_    G=(none)  M=ID_VL.C    ACBP=60
 3B9C:0000 0000 C=OVRINFO S=_OVERLAY_      G=(none)  M=C0.ASM     ACBP=68
 3B9C:0000 0000 C=STUBSEG S=_1STUB_        G=(none)  M=C0.ASM     ACBP=68
 3B9C:0000 00D9 C=DATA   S=_DATA          G=DGROUP  M=C0.ASM     ACBP=68
 3B9C:00DA 0000 C=DATA   S=_DATA          G=DGROUP  M=H_LDIV.ASM ACBP=48
 3B9C:00DA 0002 C=DATA   S=_DATA          G=DGROUP  M=WOLFHACK.C ACBP=48
 3B9C:00DC 0287 C=DATA   S=_DATA          G=DGROUP  M=WOLF3D.C   ACBP=48
 3B9C:0364 0000 C=DATA   S=_DATA          G=DGROUP  M=SIGNON.C   ACBP=48
 3B9C:0364 0000 C=DATA   S=_DATA          G=DGROUP  M=GAMEPAL.C  ACBP=48
 3B9C:0364 0000 C=DATA   S=_DATA          G=DGROUP  M=WHACK_A.ASM ACBP=48
 3B9C:0364 0000 C=DATA   S=_DATA          G=DGROUP  M=WL_ASM.ASM ACBP=48
 3B9C:0364 00A1 C=DATA   S=_DATA          G=DGROUP  M=WL_TEXT.C  ACBP=48
 3B9C:0406 06B4 C=DATA   S=_DATA          G=DGROUP  M=WL_MENU.C  ACBP=48
 3B9C:0ABA 03ED C=DATA   S=_DATA          G=DGROUP  M=WL_INTER.C ACBP=48
 3B9C:0EA8 03FC C=DATA   S=_DATA          G=DGROUP  M=WL_GAME.C  ACBP=48
 3B9C:12A4 0216 C=DATA   S=_DATA          G=DGROUP  M=WL_PLAY.C  ACBP=48
 3B9C:14BA 01FE C=DATA   S=_DATA          G=DGROUP  M=WL_DEBUG.C ACBP=48
 3B9C:16B8 012A C=DATA   S=_DATA          G=DGROUP  M=WL_DRAW.C  ACBP=48
 3B9C:17E2 0000 C=DATA   S=_DATA          G=DGROUP  M=WL_DR_A.ASM ACBP=48
 3B9C:17E2 00F1 C=DATA   S=_DATA          G=DGROUP  M=WL_SCALE.C ACBP=48
 3B9C:18D4 00FF C=DATA   S=_DATA          G=DGROUP  M=WL_STATE.C ACBP=48
 3B9C:19D4 0112 C=DATA   S=_DATA          G=DGROUP  M=WL_AGENT.C ACBP=48
 3B9C:1AE6 0119 C=DATA   S=_DATA          G=DGROUP  M=WL_ACT1.C  ACBP=48
 3B9C:1C00 1412 C=DATA   S=_DATA          G=DGROUP  M=WL_ACT2.C  ACBP=48
 3B9C:3012 0109 C=DATA   S=_DATA          G=DGROUP  M=ID_CA.C    ACBP=48
 3B9C:311C 005F C=DATA   S=_DATA          G=DGROUP  M=ID_IN.C    ACBP=48
 3B9C:317C 01B7 C=DATA   S=_DATA          G=DGROUP  M=ID_MM.C    ACBP=48
 3B9C:3334 0490 C=DATA   S=_DATA          G=DGROUP  M=ID_PM.C    ACBP=48
 3B9C:37C4 0265 C=DATA   S=_DATA          G=DGROUP  M=ID_SD.C    ACBP=48
 3B9C:3A2A 0104 C=DATA   S=_DATA          G=DGROUP  M=ID_SD_A.ASM ACBP=48
 3B9C:3B2E 0000 C=DATA   S=_DATA          G=DGROUP  M=ID_US_A.ASM ACBP=48
 3B9C:3B2E 02B9 C=DATA   S=_DATA          G=DGROUP  M=ID_US_1.C  ACBP=48
 3B9C:3DE8 0097 C=DATA   S=_DATA          G=DGROUP  M=ID_VL.C    ACBP=48
 3B9C:3E80 00C3 C=DATA   S=_DATA          G=DGROUP  M=ID_VH.C    ACBP=48
 3B9C:3F44 0002 C=DATA   S=_DATA          G=DGROUP  M=ID_VL_A.ASM ACBP=48
 3B9C:3F46 0000 C=DATA   S=_DATA          G=DGROUP  M=ID_VH_A.ASM ACBP=48
 3B9C:3F50 0002 C=DATA   S=_DATA          G=DGROUP  M=FPINIT     ACBP=68
 3B9C:3F60 0000 C=DATA   S=_DATA          G=DGROUP  M=E87TRAP    ACBP=68
 3B9C:3F60 0003 C=DATA   S=_DATA          G=DGROUP  M=PROTFLAG   ACBP=48
 3B9C:3F64 0002 C=DATA   S=_DATA          G=DGROUP  M=DEFLT87    ACBP=48
 3B9C:3F66 0000 C=DATA   S=_DATA          G=DGROUP  M=ATAN       ACBP=48
 3B9C:3F66 0024 C=DATA   S=_DATA          G=DGROUP  M=HUGEVAL    ACBP=48
 3B9C:3F8A 0000 C=DATA   S=_DATA          G=DGROUP  M=LDTRUNC    ACBP=48
 3B9C:3F8A 0037 C=DATA   S=_DATA          G=DGROUP  M=MATHWHY    ACBP=48
 3B9C:3FC2 0000 C=DATA   S=_DATA          G=DGROUP  M=REALCVT    ACBP=48
 3B9C:3FC2 0018 C=DATA   S=_DATA          G=DGROUP  M=SCANTOD    ACBP=48
 3B9C:3FDA 0000 C=DATA   S=_DATA          G=DGROUP  M=XCVT       ACBP=48
 3B9C:3FDA 008C C=DATA   S=_DATA          G=DGROUP  M=FPERR      ACBP=48
 3B9C:4066 0080 C=DATA   S=_DATA          G=DGROUP  M=_POW10     ACBP=48
 3B9C:40E6 0000 C=DATA   S=_DATA          G=DGROUP  M=POW10D     ACBP=48
 3B9C:40E6 0000 C=DATA   S=_DATA          G=DGROUP  M=MATHERR    ACBP=48
 3B9C:40E6 000C C=DATA   S=_DATA          G=DGROUP  M=SIN        ACBP=48
 3B9C:40F2 000C C=DATA   S=_DATA          G=DGROUP  M=TAN        ACBP=48
 3B9C:40FE 000E C=DATA   S=_DATA          G=DGROUP  M=_MATHERR   ACBP=48
 3B9C:410C 0018 C=DATA   S=_DATA          G=DGROUP  M=ATAN2      ACBP=48
 3B9C:4130 0110 C=DATA   S=_DATA          G=DGROUP  M=EMUVARS    ACBP=68
 3B9C:4240 0000 C=DATA   S=_DATA          G=DGROUP  M=FFTOL      ACBP=48
 3B9C:4240 0002 C=DATA   S=_DATA          G=DGROUP  M=ATEXIT     ACBP=48
 3B9C:4242 0101 C=DATA   S=_DATA          G=DGROUP  M=CTYPE      ACBP=48
 3B9C:4344 0000 C=DATA   S=_DATA          G=DGROUP  M=DOSDFREE   ACBP=48
 3B9C:4344 0000 C=DATA   S=_DATA          G=DGROUP  M=DOSFATTR   ACBP=48
 3B9C:4344 0000 C=DATA   S=_DATA          G=DGROUP  M=DOSGDATE   ACBP=48
 3B9C:4344 0000 C=DATA   S=_DATA          G=DGROUP  M=DOSWRITE   ACBP=48
 3B9C:4344 000C C=DATA   S=_DATA          G=DGROUP  M=EXIT       ACBP=48
 3B9C:4350 0140 C=DATA   S=_DATA          G=DGROUP  M=FILES      ACBP=48
 3B9C:4490 002A C=DATA   S=_DATA          G=DGROUP  M=FILES2     ACBP=48
 3B9C:44BA 0004 C=DATA   S=_DATA          G=DGROUP  M=FMODE      ACBP=48
 3B9C:44BE 0002 C=DATA   S=_DATA          G=DGROUP  M=FPSTKLEN   ACBP=48
 3B9C:44C0 0000 C=DATA   S=_DATA          G=DGROUP  M=F_LXMUL    ACBP=48
 3B9C:44C0 0000 C=DATA   S=_DATA          G=DGROUP  M=F_PCMP     ACBP=48
 3B9C:44C0 0000 C=DATA   S=_DATA          G=DGROUP  M=F_SCOPY    ACBP=48
 3B9C:44C0 0000 C=DATA   S=_DATA          G=DGROUP  M=GETVECT    ACBP=48
 3B9C:44C0 0002 C=DATA   S=_DATA          G=DGROUP  M=HEAPLEN    ACBP=48
 3B9C:44C2 0000 C=DATA   S=_DATA          G=DGROUP  M=H_LLSH     ACBP=48
 3B9C:44C2 0000 C=DATA   S=_DATA          G=DGROUP  M=H_LRSH     ACBP=48
 3B9C:44C2 0000 C=DATA   S=_DATA          G=DGROUP  M=H_LURSH    ACBP=48
 3B9C:44C2 0000 C=DATA   S=_DATA          G=DGROUP  M=H_PADA     ACBP=48
 3B9C:44C2 0000 C=DATA   S=_DATA          G=DGROUP  M=H_PADD     ACBP=48
 3B9C:44C2 0000 C=DATA   S=_DATA          G=DGROUP  M=H_PSBP     ACBP=48
 3B9C:44C2 0000 C=DATA   S=_DATA          G=DGROUP  M=H_SPUSH    ACBP=48
 3B9C:44C2 005B C=DATA   S=_DATA          G=DGROUP  M=IOERROR    ACBP=48
 3B9C:451E 0000 C=DATA   S=_DATA          G=DGROUP  M=ISATTY     ACBP=48
 3B9C:451E 0000 C=DATA   S=_DATA          G=DGROUP  M=LONGTOA    ACBP=48
 3B9C:451E 0000 C=DATA   S=_DATA          G=DGROUP  M=LSEEK      ACBP=48
 3B9C:451E 0009 C=DATA   S=_DATA          G=DGROUP  M=MKNAME     ACBP=48
 3B9C:4528 0000 C=DATA   S=_DATA          G=DGROUP  M=N_PCMP     ACBP=48
 3B9C:4528 0000 C=DATA   S=_DATA          G=DGROUP  M=READA      ACBP=48
 3B9C:4528 0000 C=DATA   S=_DATA          G=DGROUP  M=SCANTOL    ACBP=48
 3B9C:4528 0000 C=DATA   S=_DATA          G=DGROUP  M=SETUPIO    ACBP=48
 3B9C:4528 0000 C=DATA   S=_DATA          G=DGROUP  M=SIGDATA    ACBP=48
 3B9C:4528 0002 C=DATA   S=_DATA          G=DGROUP  M=STKLEN     ACBP=48
 3B9C:452A 0000 C=DATA   S=_DATA          G=DGROUP  M=TOLOWER    ACBP=48
 3B9C:452A 0000 C=DATA   S=_DATA          G=DGROUP  M=TOUPPER    ACBP=48
 3B9C:452A 0000 C=DATA   S=_DATA          G=DGROUP  M=UNLINK     ACBP=48
 3B9C:452A 0067 C=DATA   S=_DATA          G=DGROUP  M=VPRINTER   ACBP=48
 3B9C:4592 0000 C=DATA   S=_DATA          G=DGROUP  M=VRAM       ACBP=48
 3B9C:4592 0000 C=DATA   S=_DATA          G=DGROUP  M=XCLOSE     ACBP=48
 3B9C:4592 0000 C=DATA   S=_DATA          G=DGROUP  M=_STPCPY    ACBP=48
 3B9C:4592 0000 C=DATA   S=_DATA          G=DGROUP  M=BRK        ACBP=48
 3B9C:4592 0000 C=DATA   S=_DATA          G=DGROUP  M=CLRSCR     ACBP=48
 3B9C:4592 0000 C=DATA   S=_DATA          G=DGROUP  M=CORELEFT   ACBP=48
 3B9C:4592 0018 C=DATA   S=_DATA          G=DGROUP  M=CRTINIT    ACBP=48
 3B9C:45AA 0031 C=DATA   S=_DATA          G=DGROUP  M=CVTFAK     ACBP=48
 3B9C:45DC 0000 C=DATA   S=_DATA          G=DGROUP  M=FARHEAP    ACBP=48
 3B9C:45DC 0002 C=DATA   S=_DATA          G=DGROUP  M=FBRK       ACBP=48
 3B9C:45DE 0000 C=DATA   S=_DATA          G=DGROUP  M=FCORELFT   ACBP=48
 3B9C:45DE 0000 C=DATA   S=_DATA          G=DGROUP  M=GOTOXY     ACBP=48
 3B9C:45DE 0000 C=DATA   S=_DATA          G=DGROUP  M=GPTEXT     ACBP=48
 3B9C:45DE 0000 C=DATA   S=_DATA          G=DGROUP  M=IOCTL      ACBP=48
 3B9C:45DE 0000 C=DATA   S=_DATA          G=DGROUP  M=MOVETEXT   ACBP=48
 3B9C:45DE 0006 C=DATA   S=_DATA          G=DGROUP  M=NEARHEAP   ACBP=48
 3B9C:45E4 0000 C=DATA   S=_DATA          G=DGROUP  M=REALCVT    ACBP=48
 3B9C:45E4 0000 C=DATA   S=_DATA          G=DGROUP  M=SCREEN     ACBP=48
 3B9C:45E4 0000 C=DATA   S=_DATA          G=DGROUP  M=SCROLL     ACBP=48
 3B9C:45E4 000E C=DATA   S=_DATA          G=DGROUP  M=SETARGV    ACBP=48
 3B9C:45F2 0000 C=DATA   S=_DATA          G=DGROUP  M=SETBLOCK   ACBP=48
 3B9C:45F2 0002 C=DATA   S=_DATA          G=DGROUP  M=SETENVP    ACBP=48
 3B9C:45F4 0000 C=DATA   S=_DATA          G=DGROUP  M=WHEREXY    ACBP=48
 3B9C:45F4 0000 C=DATA   S=_DATA          G=DGROUP  M=ATOL       ACBP=48
 3B9C:45F4 0000 C=DATA   S=_DATA          G=DGROUP  M=CHMODA     ACBP=48
 3B9C:45F4 0000 C=DATA   S=_DATA          G=DGROUP  M=CLOSE      ACBP=48
 3B9C:45F4 0000 C=DATA   S=_DATA          G=DGROUP  M=CLOSEA     ACBP=48
 3B9C:45F4 0000 C=DATA   S=_DATA          G=DGROUP  M=CREAT      ACBP=48
 3B9C:45F4 0000 C=DATA   S=_DATA          G=DGROUP  M=FCLOSE     ACBP=48
 3B9C:45F4 0000 C=DATA   S=_DATA          G=DGROUP  M=FFLUSH     ACBP=48
 3B9C:45F4 0000 C=DATA   S=_DATA          G=DGROUP  M=FINDFIRS   ACBP=48
 3B9C:45F4 0000 C=DATA   S=_DATA          G=DGROUP  M=FLENGTH    ACBP=48
 3B9C:45F4 0000 C=DATA   S=_DATA          G=DGROUP  M=FLUSHALL   ACBP=48
 3B9C:45F4 0000 C=DATA   S=_DATA          G=DGROUP  M=FOPEN      ACBP=48
 3B9C:45F4 0000 C=DATA   S=_DATA          G=DGROUP  M=FPRINTF    ACBP=48
 3B9C:45F4 0000 C=DATA   S=_DATA          G=DGROUP  M=FSEEK      ACBP=48
 3B9C:45F4 0000 C=DATA   S=_DATA          G=DGROUP  M=GETENV     ACBP=48
 3B9C:45F4 0000 C=DATA   S=_DATA          G=DGROUP  M=LTOA1      ACBP=48
 3B9C:45F4 0000 C=DATA   S=_DATA          G=DGROUP  M=MEMCPY     ACBP=48
 3B9C:45F4 0000 C=DATA   S=_DATA          G=DGROUP  M=MOVEDATA   ACBP=48
 3B9C:45F4 0000 C=DATA   S=_DATA          G=DGROUP  M=OPEN       ACBP=48
 3B9C:45F4 0000 C=DATA   S=_DATA          G=DGROUP  M=OPENA      ACBP=48
 3B9C:45F4 0000 C=DATA   S=_DATA          G=DGROUP  M=PRINTF     ACBP=48
 3B9C:45F4 0001 C=DATA   S=_DATA          G=DGROUP  M=PUTC       ACBP=48
 3B9C:45F6 0000 C=DATA   S=_DATA          G=DGROUP  M=PUTS       ACBP=48
 3B9C:45F6 0000 C=DATA   S=_DATA          G=DGROUP  M=READ       ACBP=48
 3B9C:45F6 0000 C=DATA   S=_DATA          G=DGROUP  M=READU      ACBP=48
 3B9C:45F6 0004 C=DATA   S=_DATA          G=DGROUP  M=SETVBUF    ACBP=48
 3B9C:45FA 0000 C=DATA   S=_DATA          G=DGROUP  M=SPRINTF    ACBP=48
 3B9C:45FA 0000 C=DATA   S=_DATA          G=DGROUP  M=STRCAT     ACBP=48
 3B9C:45FA 0000 C=DATA   S=_DATA          G=DGROUP  M=STRLEN     ACBP=48
 3B9C:45FA 0000 C=DATA   S=_DATA          G=DGROUP  M=STRTOL     ACBP=48
 3B9C:45FA 0000 C=DATA   S=_DATA          G=DGROUP  M=WRITE      ACBP=48
 3B9C:45FA 0000 C=DATA   S=_DATA          G=DGROUP  M=WRITEA     ACBP=48
 3B9C:45FA 0000 C=DATA   S=_DATA          G=DGROUP  M=WRITEU     ACBP=48
 3B9C:45FA 0000 C=DATA   S=_DATA          G=DGROUP  M=XFCLOSE    ACBP=48
 3B9C:45FA 0000 C=DATA   S=_DATA          G=DGROUP  M=XFFLUSH    ACBP=48
 3B9C:45FA 0000 C=DATA   S=_DATA          G=DGROUP  M=FMEMCMP    ACBP=48
 3B9C:45FA 0000 C=DATA   S=_DATA          G=DGROUP  M=FMEMCPY    ACBP=48
 3B9C:45FA 0000 C=DATA   S=_DATA          G=DGROUP  M=FMEMSET    ACBP=48
 3B9C:45FA 0000 C=DATA   S=_DATA          G=DGROUP  M=FSTRCPY    ACBP=48
 3B9C:45FA 0000 C=DATA   S=_DATA          G=DGROUP  M=FSTRICMP   ACBP=48
 3B9C:45FA 0000 C=DATA   S=_DATA          G=DGROUP  M=FSTRLEN    ACBP=48
 3B9C:45FA 0000 C=DATA   S=_CVTSEG        G=DGROUP  M=C0.ASM     ACBP=48
 3B9C:45FA 0002 C=DATA   S=_CVTSEG        G=DGROUP  M=REALCVT    ACBP=48
 3B9C:45FC 0002 C=DATA   S=_CVTSEG        G=DGROUP  M=CVTFAK     ACBP=48
 3B9C:45FE 0000 C=DATA   S=_CVTSEG        G=DGROUP  M=REALCVT    ACBP=48
 3B9C:45FE 0000 C=DATA   S=_SCNSEG        G=DGROUP  M=C0.ASM     ACBP=48
 3B9C:45FE 0006 C=DATA   S=_SCNSEG        G=DGROUP  M=SCANTOD    ACBP=48
 3B9C:4604 0006 C=DATA   S=_SCNSEG        G=DGROUP  M=CVTFAK     ACBP=48
 3B9C:460A 0000 C=CONST  S=_CONST         G=DGROUP  M=C0.ASM     ACBP=48
 3B9C:460A 0000 C=INITDATA S=_INIT_         G=DGROUP  M=C0.ASM     ACBP=48
 3B9C:460A 0006 C=INITDATA S=_INIT_         G=DGROUP  M=FPINIT     ACBP=48
 3B9C:4610 0006 C=INITDATA S=_INIT_         G=DGROUP  M=SETUPIO    ACBP=48
 3B9C:4616 0006 C=INITDATA S=_INIT_         G=DGROUP  M=CRTINIT    ACBP=48
 3B9C:461C 0006 C=INITDATA S=_INIT_         G=DGROUP  M=SETARGV    ACBP=48
 3B9C:4622 0006 C=INITDATA S=_INIT_         G=DGROUP  M=SETENVP    ACBP=48
 3B9C:4628 0000 C=INITDATA S=_INITEND_      G=DGROUP  M=C0.ASM     ACBP=28
 3B9C:4628 0000 C=EXITDATA S=_EXIT_         G=DGROUP  M=C0.ASM     ACBP=48
 3B9C:4628 0006 C=EXITDATA S=_EXIT_         G=DGROUP  M=FPINIT     ACBP=48
 3B9C:462E 0000 C=EXITDATA S=_EXITEND_      G=DGROUP  M=C0.ASM     ACBP=28
 3B9C:462E 0000 C=BSS    S=_BSS           G=DGROUP  M=C0.ASM     ACBP=48
 3B9C:462E 0000 C=BSS    S=_BSS           G=DGROUP  M=WOLFHACK.C ACBP=48
 3B9C:462E 0002 C=BSS    S=_BSS           G=DGROUP  M=WOLF3D.C   ACBP=48
 3B9C:4630 0000 C=BSS    S=_BSS           G=DGROUP  M=SIGNON.C   ACBP=48
 3B9C:4630 0000 C=BSS    S=_BSS           G=DGROUP  M=GAMEPAL.C  ACBP=48
 3B9C:4630 0000 C=BSS    S=_BSS           G=DGROUP  M=WL_TEXT.C  ACBP=48
 3B9C:4630 0002 C=BSS    S=_BSS           G=DGROUP  M=WL_MENU.C  ACBP=48
 3B9C:4632 0000 C=BSS    S=_BSS           G=DGROUP  M=WL_INTER.C ACBP=48
 3B9C:4632 0000 C=BSS    S=_BSS           G=DGROUP  M=WL_GAME.C  ACBP=48
 3B9C:4632 0000 C=BSS    S=_BSS           G=DGROUP  M=WL_PLAY.C  ACBP=48
 3B9C:4632 000A C=BSS    S=_BSS           G=DGROUP  M=WL_DEBUG.C ACBP=48
 3B9C:463C 0000 C=BSS    S=_BSS           G=DGROUP  M=WL_DRAW.C  ACBP=48
 3B9C:463C 0004 C=BSS    S=_BSS           G=DGROUP  M=WL_SCALE.C ACBP=48
 3B9C:4640 0000 C=BSS    S=_BSS           G=DGROUP  M=WL_STATE.C ACBP=48
 3B9C:4640 0000 C=BSS    S=_BSS           G=DGROUP  M=WL_AGENT.C ACBP=48
 3B9C:4640 0000 C=BSS    S=_BSS           G=DGROUP  M=WL_ACT1.C  ACBP=48
 3B9C:4640 0000 C=BSS    S=_BSS           G=DGROUP  M=WL_ACT2.C  ACBP=48
 3B9C:4640 0000 C=BSS    S=_BSS           G=DGROUP  M=ID_CA.C    ACBP=48
 3B9C:4640 0014 C=BSS    S=_BSS           G=DGROUP  M=ID_IN.C    ACBP=48
 3B9C:4654 0000 C=BSS    S=_BSS           G=DGROUP  M=ID_MM.C    ACBP=48
 3B9C:4654 0000 C=BSS    S=_BSS           G=DGROUP  M=ID_PM.C    ACBP=48
 3B9C:4654 0180 C=BSS    S=_BSS           G=DGROUP  M=ID_SD.C    ACBP=48
 3B9C:47D4 0030 C=BSS    S=_BSS           G=DGROUP  M=ID_US_1.C  ACBP=48
 3B9C:4804 0000 C=BSS    S=_BSS           G=DGROUP  M=ID_VL.C    ACBP=48
 3B9C:4804 0000 C=BSS    S=_BSS           G=DGROUP  M=ID_VH.C    ACBP=48
 3B9C:4804 0000 C=BSS    S=_BSS           G=DGROUP  M=ATAN       ACBP=48
 3B9C:4804 0000 C=BSS    S=_BSS           G=DGROUP  M=LDTRUNC    ACBP=48
 3B9C:4804 0000 C=BSS    S=_BSS           G=DGROUP  M=REALCVT    ACBP=48
 3B9C:4804 0000 C=BSS    S=_BSS           G=DGROUP  M=SCANTOD    ACBP=48
 3B9C:4804 0000 C=BSS    S=_BSS           G=DGROUP  M=XCVT       ACBP=48
 3B9C:4804 0000 C=BSS    S=_BSS           G=DGROUP  M=_POW10     ACBP=48
 3B9C:4804 0000 C=BSS    S=_BSS           G=DGROUP  M=SIN        ACBP=48
 3B9C:4804 0000 C=BSS    S=_BSS           G=DGROUP  M=TAN        ACBP=48
 3B9C:4804 0000 C=BSS    S=_BSS           G=DGROUP  M=ATAN2      ACBP=48
 3B9C:4804 0080 C=BSS    S=_BSS           G=DGROUP  M=ATEXIT     ACBP=48
 3B9C:4884 0000 C=BSS    S=_BSS           G=DGROUP  M=DOSFATTR   ACBP=48
 3B9C:4884 0000 C=BSS    S=_BSS           G=DGROUP  M=DOSWRITE   ACBP=48
 3B9C:4884 0000 C=BSS    S=_BSS           G=DGROUP  M=GETVECT    ACBP=48
 3B9C:4884 0000 C=BSS    S=_BSS           G=DGROUP  M=IOERROR    ACBP=48
 3B9C:4884 0000 C=BSS    S=_BSS           G=DGROUP  M=ISATTY     ACBP=48
 3B9C:4884 0000 C=BSS    S=_BSS           G=DGROUP  M=LONGTOA    ACBP=48
 3B9C:4884 0000 C=BSS    S=_BSS           G=DGROUP  M=LSEEK      ACBP=48
 3B9C:4884 000D C=BSS    S=_BSS           G=DGROUP  M=MKNAME     ACBP=48
 3B9C:4892 0000 C=BSS    S=_BSS           G=DGROUP  M=READA      ACBP=48
 3B9C:4892 0000 C=BSS    S=_BSS           G=DGROUP  M=SCANTOL    ACBP=48
 3B9C:4892 0000 C=BSS    S=_BSS           G=DGROUP  M=SETUPIO    ACBP=48
 3B9C:4892 0004 C=BSS    S=_BSS           G=DGROUP  M=SIGDATA    ACBP=48
 3B9C:4896 0000 C=BSS    S=_BSS           G=DGROUP  M=UNLINK     ACBP=48
 3B9C:4896 0000 C=BSS    S=_BSS           G=DGROUP  M=VPRINTER   ACBP=48
 3B9C:4896 0000 C=BSS    S=_BSS           G=DGROUP  M=VRAM       ACBP=48
 3B9C:4896 0000 C=BSS    S=_BSS           G=DGROUP  M=BRK        ACBP=48
 3B9C:4896 0000 C=BSS    S=_BSS           G=DGROUP  M=CORELEFT   ACBP=48
 3B9C:4896 0000 C=BSS    S=_BSS           G=DGROUP  M=CRTINIT    ACBP=48
 3B9C:4896 0000 C=BSS    S=_BSS           G=DGROUP  M=IOCTL      ACBP=48
 3B9C:4896 0000 C=BSS    S=_BSS           G=DGROUP  M=SETBLOCK   ACBP=48
 3B9C:4896 0000 C=BSS    S=_BSS           G=DGROUP  M=ATOL       ACBP=48
 3B9C:4896 0000 C=BSS    S=_BSS           G=DGROUP  M=CHMODA     ACBP=48
 3B9C:4896 0000 C=BSS    S=_BSS           G=DGROUP  M=CLOSEA     ACBP=48
 3B9C:4896 0000 C=BSS    S=_BSS           G=DGROUP  M=CREAT      ACBP=48
 3B9C:4896 0000 C=BSS    S=_BSS           G=DGROUP  M=FINDFIRS   ACBP=48
 3B9C:4896 0000 C=BSS    S=_BSS           G=DGROUP  M=FLENGTH    ACBP=48
 3B9C:4896 0000 C=BSS    S=_BSS           G=DGROUP  M=GETENV     ACBP=48
 3B9C:4896 0000 C=BSS    S=_BSS           G=DGROUP  M=MEMCPY     ACBP=48
 3B9C:4896 0000 C=BSS    S=_BSS           G=DGROUP  M=MOVEDATA   ACBP=48
 3B9C:4896 0000 C=BSS    S=_BSS           G=DGROUP  M=OPEN       ACBP=48
 3B9C:4896 0000 C=BSS    S=_BSS           G=DGROUP  M=OPENA      ACBP=48
 3B9C:4896 0001 C=BSS    S=_BSS           G=DGROUP  M=PUTC       ACBP=48
 3B9C:4898 0000 C=BSS    S=_BSS           G=DGROUP  M=READ       ACBP=48
 3B9C:4898 0000 C=BSS    S=_BSS           G=DGROUP  M=STRCAT     ACBP=48
 3B9C:4898 0000 C=BSS    S=_BSS           G=DGROUP  M=STRLEN     ACBP=48
 3B9C:4898 0000 C=BSS    S=_BSS           G=DGROUP  M=WRITEA     ACBP=48
 3B9C:4898 0000 C=BSS    S=_BSS           G=DGROUP  M=FMEMCMP    ACBP=48
 3B9C:4898 0000 C=BSS    S=_BSS           G=DGROUP  M=FMEMCPY    ACBP=48
 3B9C:4898 0000 C=BSS    S=_BSS           G=DGROUP  M=FMEMSET    ACBP=48
 3B9C:4898 0000 C=BSS    S=_BSS           G=DGROUP  M=FSTRCPY    ACBP=48
 3B9C:4898 0000 C=BSS    S=_BSS           G=DGROUP  M=FSTRICMP   ACBP=48
 3B9C:4898 0000 C=BSS    S=_BSS           G=DGROUP  M=FSTRLEN    ACBP=48
 3B9C:4898 A5C9 C=BSS    S=_COMDEF_       G=DGROUP  M=WOLFHACK.C ACBP=48
 3B9C:EE61 0000 C=BSSEND S=_BSSEND        G=DGROUP  M=C0.ASM     ACBP=28
 4A83:0000 0080 C=STACK  S=_STACK         G=(none)  M=C0.ASM     ACBP=74

  Address         Publics by Name

 3B9C:0000 idle  DATASEG@
 0000:02AE idle  DGROUP@
 1F6C:2152       e086_Entry
 1F6C:26E0       e086_Shortcut
 21E4:0306       e087_Entry
 21E4:03C6       e087_Shortcut
 21E4:0430       e087_Trap
 0000:FE32 idle  FIARQQ
 0000:0E32 idle  FICRQQ
 0000:5C32  Abs  FIDRQQ
 0000:1632  Abs  FIERQQ
 0000:0632 idle  FISRQQ
 0000:A23D  Abs  FIWRQQ
 0000:4000 idle  FJARQQ
 0000:C000 idle  FJCRQQ
 0000:8000 idle  FJSRQQ
 0000:1136 idle  FTOL@
 0000:1136       F_FTOL@
 0000:02B5       F_LDIV@
 0000:02DC       F_LMOD@
 0000:02D4 idle  F_LUDIV@
 0000:02E4 idle  F_LUMOD@
 0000:135C       F_LXLSH@
 0000:12E5       F_LXMUL@
 0000:137D       F_LXRSH@
 0000:139D       F_LXURSH@
 0000:13BE       F_PADA@
 0000:1446       F_PADD@
 0000:12FC       F_PCMP@
 0000:1402       F_PSBA@
 0000:14A6       F_PSBP@
 0000:1475 idle  F_PSUB@
 0000:131D       F_SCOPY@
 0000:14D1       F_SPUSH@
 0000:02B5       LDIV@
 0000:02DC idle  LMOD@
 0000:02D4 idle  LUDIV@
 0000:02E4 idle  LUMOD@
 0000:135C idle  LXLSH@
 0000:12E5 idle  LXMUL@
 0000:137D idle  LXRSH@
 0000:139D idle  LXURSH@
 0000:02B2 idle  N_LDIV@
 0000:02D9 idle  N_LMOD@
 0000:02D1 idle  N_LUDIV@
 0000:02E1 idle  N_LUMOD@
 0000:1359       N_LXLSH@
 0000:137A idle  N_LXRSH@
 0000:139A idle  N_LXURSH@
 0000:13BB idle  N_PADA@
 0000:1443       N_PADD@
 0000:1693       N_PCMP@
 0000:13FF idle  N_PSBA@
 0000:14A3       N_PSBP@
 0000:1472 idle  N_PSUB@
 0000:14CB idle  N_SPUSH@
 0000:13BE idle  PADA@
 0000:1446 idle  PADD@
 0000:12FC idle  PCMP@
 0000:1402 idle  PSBA@
 0000:14A6 idle  PSBP@
 0000:1475 idle  PSUB@
 0000:131D idle  SCOPY@
 0000:14D1 idle  SPUSH@
 0000:0296       _abort
 3B9C:ECC3       _abortprogram
 3B9C:546C       _actorat
 3B9C:9AF3       _AdLibPresent
 3B9C:305B idle  _afilename
 3B9C:E762       _aftersort
 3B9C:3051 idle  _aheadname
 3B9C:E964       _alBlock
 3B9C:E960       _alLengthLeft
 3B9C:E96A       _alNoCheck
 1B41:0D59       _alOut
 3B9C:E966       _alSound
 3B9C:E95C       _alTimeCount
 3B9C:E94C       _alZeroInst
 3B9C:D878       _angle
 3B9C:A394       _anglefrac
 3B9C:518E       _areabyplayer
 353D:0000       _areaconnect
 107A:0072       _AsmRefresh
 0000:05E8       _atan
 0000:107B       _atan2
 0000:1162 idle  _atexit
 0000:310B idle  _atoi
 0000:309B       _atol
 3B9C:19F4 idle  _attackinfo
 3B9C:DECF       _audiohandle
 3B9C:DED5       _audiohuffman
 3B9C:3012       _audioname
 3B9C:9F06       _audiosegs
 3B9C:E6CD       _audiostarts
 14D6:075D       _A_DeathScream
 14D6:12D0 idle  _A_HitlerMorph
 14D6:1362 idle  _A_MechaSound
 14D6:1394 idle  _A_Slurpie
 14D6:0009 idle  _A_Smoke
 14D6:208E idle  _A_StartDeathCam
 3B9C:9806       _backcolor
 0614:0689 idle  _BackPage
 10BF:000A idle  _BadScale
 3B9C:4B06       _basedist
 3B9C:E766       _beforesort
 0AED:0609 idle  _BJ_Breathe
 3B9C:9807       _blockstarts
 3B9C:E748       _bombonerror
 3B9C:A2CE       _bonuscount
 3B9C:ECC7       _bordercolor
 06B3:02AF idle  _BossKey
 0000:1F9E idle  _brk
 3B9C:E6DA       _btnstate
 3B9C:EE5D       _bufferheight
 3B9C:5186       _bufferofs
 3B9C:E6D8       _bufferseg
 3B9C:EE5F       _bufferwidth
 10BF:01E0 idle  _BuildCompScale
 0471:0CC5 idle  _BuildTables
 3B9C:ECC1       _Button0
 3B9C:ECBF       _Button1
 3B9C:A3B0       _buttonheld
 3B9C:12C4       _buttonjoy
 3B9C:12BC       _buttonmouse
 3B9C:12AC       _buttonscan
 3B9C:A39C       _buttonstate
 0614:06B3 idle  _CacheLayoutGraphics
 06B3:3231       _CacheLump
 0F61:0310       _CalcHeight
 0471:0E1D idle  _CalcProjection
 0F61:0C3D idle  _CalcRotate
 0F61:0F6E       _CalcTics
 06B3:172F idle  _CalibrateJoystick
 1710:04B2 idle  _CAL_CarmackExpand
 1710:0E88 idle  _CAL_ExpandGrChunk
 1710:008C idle  _CAL_GetGrChunkLength
 1710:0345 idle  _CAL_HuffExpand
 1710:02ED idle  _CAL_OptimizeNodes
 1710:0BD6 idle  _CAL_SetupAudioFile
 1710:07D9 idle  _CAL_SetupGrFile
 1710:0A0E idle  _CAL_SetupMapFile
 1710:0D54       _CA_CacheAudioChunk
 1710:0F5F       _CA_CacheGrChunk
 1710:119B       _CA_CacheMap
 1710:140A       _CA_CacheMarks
 1710:10A6       _CA_CacheScreen
 1710:1716 idle  _CA_CannotOpen
 1710:1388 idle  _CA_ClearAllMarks
 1710:1367 idle  _CA_ClearMarks
 1710:007B idle  _CA_CloseDebug
 1710:1340       _CA_DownLevel
 1710:00EC       _CA_FarRead
 1710:0147       _CA_FarWrite
 3B9C:9D99       _ca_levelbit
 3B9C:E6D5       _ca_levelnum
 1710:0E03       _CA_LoadAllSounds
 1710:026C idle  _CA_LoadFile
 1710:0057 idle  _CA_OpenDebug
 1710:01A2 idle  _CA_ReadFile
 1710:05D0 idle  _CA_RLEWCompress
 1710:071D idle  _CA_RLEWexpand
 1710:13DC       _CA_SetAllPurge
 1710:13AE idle  _CA_SetGrPurge
 1710:0D2B       _CA_Shutdown
 1710:0D0A       _CA_Startup
 1710:12FB       _CA_UpLevel
 1710:0214       _CA_WriteFile
 0D8E:060A       _CenterWindow
 3B9C:9748       _centerx
 06B3:41E7       _CheckForEpisodes
 0AED:13BC       _CheckHighScore
 0610:000C idle  _CheckIs386
 0D8E:0638 idle  _CheckKeys
 114A:10C0       _CheckLine
 06B3:4123 idle  _CheckPause
 14D6:1FEF idle  _CheckPosition
 114A:1371 idle  _CheckSight
 12D5:000C idle  _CheckWeaponChange
 3B9C:16CC       _chsw
 3B9C:DECB       _chunkcomplen
 3B9C:DEC7       _chunkexplen
 3B9C:D718       _ChunksInFile
 06B3:3450 idle  _CleanupControlPanel
 0C4B:017E       _ClearMemory
 06B3:3214       _ClearMScreen
 0D8E:0D2B idle  _ClearPaletteShifts
 0AED:000D       _ClearSplitVWB
 12D5:09C9 idle  _ClipMove
 0000:3133       _close
 1402:037A idle  _CloseDoor
 0000:1FBA       _clrscr
 12D5:0BE8 idle  _Cmd_Fire
 12D5:0C3A idle  _Cmd_Use
 3B9C:044C idle  _color_hlite
 3B9C:0454 idle  _color_norml
 3B9C:D6F8       _compatability
 3B9C:00EE       _configname
 06B3:3DC7 idle  _Confirm
 1402:01C0 idle  _ConnectAreas
 12D5:0040 idle  _ControlMovement
 3B9C:E6F6       _Controls
 3B9C:A3AE       _controlx
 3B9C:A3AC       _controly
 0000:1FE3       _coreleft
 3B9C:16C8       _costable
 0EA9:00C8 idle  _CountObjects
 06B3:2D3F idle  _CP_ChangeView
 06B3:02FC idle  _CP_CheckQuick
 06B3:198C idle  _CP_Control
 06B3:086E idle  _CP_EndGame
 06B3:10A6 idle  _CP_LoadGame
 06B3:093A idle  _CP_NewGame
 06B3:2F60 idle  _CP_Quit
 06B3:13CC idle  _CP_SaveGame
 06B3:0C36 idle  _CP_Sound
 06B3:08CA       _CP_ViewScores
 0000:3192       _creat
 3B9C:0424 idle  _CtlItems
 34B7:0000 idle  _CtlMenu
 3B9C:ECBD       _CursorBad
 3B9C:ECBB       _CursorX
 3B9C:ECB9       _CursorY
 3B9C:042E idle  _CusItems
 350A:0000 idle  _CusMenu
 06B3:201B idle  _CustomControls
 114A:0FBD       _DamageActor
 3B9C:A2D0       _damagecount
 3B9C:E6D1       _debughandle
 0EA9:07AC       _DebugKeys
 0EA9:0003 idle  _DebugMemory
 3B9C:A390       _DebugOk
 06B3:2113 idle  _DefineJoyBtns
 06B3:2159 idle  _DefineKeyBtns
 06B3:219F idle  _DefineKeyMove
 06B3:20CE idle  _DefineMouseBtns
 3B9C:E6F4       _DemoBuffer
 3B9C:A15E       _demobuffer
 0471:173C idle  _DemoLoop
 3B9C:3126 idle  _DemoMode
 3B9C:1238       _demoname
 3B9C:E6F2       _DemoOffset
 3B9C:A168       _demoplayback
 3B9C:A164       _demoptr
 3B9C:A16A       _demorecord
 3B9C:E6F0       _DemoSize
 3B9C:18E6 idle  _diagonal
 0C4B:0FEE idle  _Died
 3B9C:EB87       _DigiLastEnd
 3B9C:EB89       _DigiLastStart
 3B9C:EB8D       _DigiLeft
 3B9C:D6FC       _DigiList
 3B9C:9A3B       _DigiMap
 3B9C:9AEB       _DigiMode
 3B9C:EBA1       _DigiNumber
 3B9C:EB8B       _DigiPage
 3B9C:EBB9       _DigiPlaying
 3B9C:EB9D       _DigiPriority
 3B9C:00DC       _dirangle
 3B9C:45A1       _directvideo
 3B9C:12A4       _dirscan
 3B9C:1C00 idle  _dirtable
 0471:03AF idle  _DiskFlopAnim
 3B9C:9BFE       _displayofs
 0D8E:0E7D idle  _DoActor
 0471:03DE idle  _DoChecksum
 0471:1142 idle  _DoJukebox
 1402:07E2 idle  _DoorClosing
 3B9C:D70E       _doornum
 3B9C:856C       _doorobjlist
 1402:0652 idle  _DoorOpen
 1402:0680 idle  _DoorOpening
 3B9C:51DA       _doorposition
 0C4B:0A22       _DrawAllPlayBorder
 0C4B:09F0       _DrawAllPlayBorderSides
 12D5:054E       _DrawAmmo
 06B3:2ED2 idle  _DrawChangeView
 06B3:1E2C idle  _DrawCtlScreen
 06B3:2C11 idle  _DrawCustJoy
 06B3:2CA5 idle  _DrawCustKeybd
 06B3:2D0D idle  _DrawCustKeys
 06B3:2B6A idle  _DrawCustMouse
 06B3:2812 idle  _DrawCustomScreen
 12D5:020A       _DrawFace
 06B3:3A34 idle  _DrawGun
 06B3:39F0 idle  _DrawHalfStep
 12D5:034A       _DrawHealth
 0AED:11C1       _DrawHighScores
 12D5:04BE       _DrawKeys
 12D5:03E9       _DrawLevel
 12D5:0408       _DrawLives
 06B3:1272 idle  _DrawLoadSaveScreen
 06B3:100F idle  _DrawLSAction
 06B3:01F2 idle  _DrawMainMenu
 06B3:3B30       _DrawMenu
 06B3:4165 idle  _DrawMenuGun
 06B3:1AA9 idle  _DrawMouseSens
 06B3:0AB2 idle  _DrawNewEpisode
 06B3:0B78 idle  _DrawNewGame
 06B3:0C1A idle  _DrawNewGameDiff
 06B3:32C9 idle  _DrawOutline
 0437:0275 idle  _DrawPlanes
 0C4B:0A55       _DrawPlayBorder
 0C4B:095B idle  _DrawPlayBorderSides
 0F61:0ECE idle  _DrawPlayerWeapon
 0C4B:0B2D       _DrawPlayScreen
 0F61:0CBA idle  _DrawScaleds
 12D5:0446       _DrawScore
 06B3:0DEA idle  _DrawSoundMenu
 0437:0028 idle  _DrawSpans
 06B3:419C       _DrawStripes
 12D5:04A3       _DrawWeapon
 06B3:328F       _DrawWindow
 114A:0C22 idle  _DropItem
 3B9C:A2D4       _dummyobj
 3B9C:0EA8 idle  _ElevatorBackTo
 3B9C:E7A4       _EMSAvail
 3B9C:E7A2       _EMSHandle
 3B9C:E786       _EMSList
 3B9C:E7A0       _EMSPageFrame
 3B9C:A146       _EMSPagesAvail
 3B9C:E774       _EMSPagesUsed
 3B9C:E79E       _EMSPhysicalPage
 3B9C:A14A       _EMSPresent
 3B9C:0364 idle  _endextern
 3B9C:0375       _endfilename
 3452:0000 idle  _endStrings
 0614:0950       _EndText
 06B3:21E5 idle  _EnterCtrlData
 3B9C:45F2       _environ
 3B9C:045C idle  _EpisodeSelect
 06B3:3972 idle  _EraseGun
 3B9C:00C3       _errno
 0000:12AA       _exit
 3B9C:9F01       _extension
 3B9C:A3C0       _extravbls
 3B9C:A392       _facecount
 0000:2714       _farcoreleft
 0000:22F3       _farfree
 3B9C:E75C       _farheap
 0000:23FD       _farmalloc
 3B9C:84EC       _farmapylookup
 0000:255A idle  _farrealloc
 0F61:05B1       _FarScalePost
 3B9C:D71A       _farthest
 3B9C:ECC5       _fastpalette
 0000:3204       _fclose
 0000:3285       _fflush
 0000:3366       _filelength
 0000:3306       _findfirst
 0000:3339       _findnext
 3604:0000       _finetangent
 0C4B:0C30 idle  _FinishDemoRecord
 0D8E:0E4F       _FinishPaletteShifts
 0471:1012 idle  _FinishSignon
 114A:147D idle  _FirstSighting
 0F61:000D       _FixedByFrac
 0437:0000 idle  _FixedMul
 0F61:0FD1       _FixOfs
 06B3:2662 idle  _FixupCustom
 1E98:081F       _FizzleFade
 3B9C:A17A       _fizzlein
 0000:33A7       _flushall
 3B9C:974C       _focallength
 3B9C:D882       _focaltx
 3B9C:D880       _focalty
 3B9C:9BFD       _fontcolor
 3B9C:9BFB       _fontnumber
 0000:3562       _fopen
 0000:3581       _fprintf
 0000:3A2A       _fputc
 0000:3B60 idle  _fputchar
 3B9C:A398       _frameon
 0000:2919       _free
 3B9C:16BE       _freelatch
 06B3:40B8       _FreeMusic
 0000:35F4       _fseek
 0000:365C idle  _ftell
 3B9C:D88E       _fullscalefarcall
 3B9C:A2C8       _funnyticount
 0C4B:1228       _GameLoop
 3422:0000       _gamepal
 3B9C:EBBD       _Games
 3B9C:9474       _gamestate
 3B9C:3033 idle  _gdictname
 12D5:05B6       _GetBonus
 0000:3723       _getenv
 0D8E:0A51       _GetNewActor
 0000:27AD       _gettext
 0000:1339       _getvect
 3B9C:3029 idle  _gfilename
 3B9C:301F idle  _gheadname
 12D5:056C idle  _GiveAmmo
 12D5:0426 idle  _GiveExtraMan
 12D5:05A1 idle  _GiveKey
 12D5:0466       _GivePoints
 12D5:0523       _GiveWeapon
 3B9C:A15A       _globalsoundx
 3B9C:A156       _globalsoundy
 3B9C:A3C4       _godmode
 3B9C:DEBD       _gotgatgun
 0000:2764       _gotoxy
 1710:0007 idle  _GRFILEPOS
 3B9C:DED3       _grhandle
 3B9C:E2D1       _grhuffman
 36E5:0000       _grneeded
 3B9C:9C00       _grsegs
 3B9C:E6CF       _grstarts
 12D5:0ECC idle  _GunAttack
 3B9C:EBB3       _HackCount
 3B9C:00DA idle  _halfheight
 0614:00F4 idle  _HandleCommand
 0614:03B6 idle  _HandleCtrls
 06B3:346A       _HandleMenu
 0614:03D8 idle  _HandleWord
 12D5:03C2       _HealSelf
 3B9C:94B8       _heightnumerator
 3B9C:0366 idle  _helpextern
 3B9C:0368 idle  _helpfilename
 0614:08C2 idle  _HelpScreens
 0F61:07FC       _HitHorizDoor
 0F61:0A0D       _HitHorizPWall
 0F61:06D9       _HitHorizWall
 0F61:0903       _HitVertDoor
 0F61:0AEE       _HitVertPWall
 0F61:05B9       _HitVertWall
 3B9C:52DC       _horizwall
 3B9C:9EFC       _ingame
 0D8E:0A0A       _InitActorList
 1402:01F9       _InitAreas
 0471:1121 idle  _InitDigiMap
 1402:0221       _InitDoorList
 0471:135E idle  _InitGame
 0D8E:0BB9       _InitRedShifts
 1402:0008       _InitStaticList
 1887:01E6       _INL_GetJoyDelta
 1887:0007 idle  _INL_KeyService
 3B9C:DCA9       _insetupscaling
 06B3:2FF2       _IntroScreen
 1887:0B0E       _IN_Ack
 1887:0AB4       _IN_CheckAck
 1887:06D6       _IN_ClearKeysDown
 1887:0658 idle  _IN_Default
 1887:014B       _IN_GetJoyAbs
 1887:0354 idle  _IN_GetJoyButtonsDB
 06B3:40DB idle  _IN_GetScanName
 1887:0B7B       _IN_JoyButtons
 1887:0B64       _IN_MouseButtons
 1887:06F5       _IN_ReadControl
 1887:0A18 idle  _IN_SetControlType
 1887:06C4 idle  _IN_SetKeyHook
 1887:04CA       _IN_SetupJoy
 1887:0698       _IN_Shutdown
 1887:0A64       _IN_StartAck
 1887:05B7       _IN_Startup
 1887:0B1F       _IN_UserInput
 1887:0A47       _IN_WaitForASCII
 1887:0A29 idle  _IN_WaitForKey
 0000:2855       _ioctl
 0000:153D       _isatty
 0000:3782       _itoa
 0610:0034 idle  _jabhack2
 3B9C:E6FE       _JoyDefs
 3B9C:5362       _joypadenabled
 3B9C:E6EE       _JoyPadPresent
 3B9C:9AF5       _JoysPresent
 3B9C:5364       _joystickenabled
 3B9C:535E       _joystickport
 3B9C:5360       _joystickprogressive
 3B9C:311C idle  _KbdDefs
 3B9C:9AFB       _Keyboard
 114A:0CBD idle  _KillActor
 3B9C:A16C       _killerobj
 12D5:0E33 idle  _KnifeAttack
 3B9C:9EFE       _LastASCII
 3B9C:DEBB       _LastAttacker
 3B9C:A160       _lastdemoptr
 3B9C:DEC3       _lastdoorobj
 3B9C:D886       _lastintercept
 3B9C:B3CA       _lastobj
 3B9C:9D92       _LastScan
 3B9C:D88A       _lastside
 3B9C:87EC       _laststatobj
 3B9C:D884       _lasttilehit
 3B9C:9D9E       _lasttimecount
 1E98:06A5       _LatchDrawPic
 12D5:02BB idle  _LatchNumber
 3B9C:A184       _latchpics
 3B9C:9D3E       _layoutdone
 3B9C:A154       _leftchannel
 3B9C:9D6C       _leftmargin
 3B9C:3DF2 idle  _leftmasks
 3B9C:EB9B       _LeftPosition
 3B9C:1076 idle  _lefttable
 0AED:066A       _LevelCompleted
 3B9C:97B6       _LevelRatios
 3B9C:DC9D       _linecmds
 3B9C:DC99       _linescale
 3B9C:EE59       _linewidth
 3B9C:9A35       _loadedgame
 1E98:0702       _LoadLatchMem
 0471:0869       _LoadTheGame
 3B9C:EB91       _LocalTime
 0000:15E8       _lseek
 3B9C:041A idle  _LSItems
 34EF:0000 idle  _LSMenu
 0000:37C4       _ltoa
 3B9C:D6F6       _madenoise
 0471:1979       _main
 3B9C:0406       _MainItems
 3B9C:E870       _MainMemPages
 3B9C:E7A8       _MainMemUsed
 347F:0000       _MainMenu
 3B9C:E7A6       _MainPagesAvail
 3B9C:E772       _MainPagesUsed
 3B9C:E938       _MainPresent
 0000:29E8       _malloc
 3B9C:DED1       _maphandle
 3B9C:A24C       _mapheaderseg
 3B9C:A17E       _mapheight
 3B9C:17E2       _mapmasks1
 3B9C:1802       _mapmasks2
 3B9C:1822       _mapmasks3
 3B9C:A150       _mapon
 3B9C:D704       _maporgx
 3B9C:D702       _maporgy
 060A:0006       _MapRow
 3B9C:A2C4       _mapsegs
 3B9C:A180       _mapwidth
 3B9C:A310       _mapwidthtable
 3B9C:DC96       _mask1
 3B9C:DC95       _mask2
 3B9C:DC94       _mask3
 3B9C:DC97       _maskword
 0000:0F28       _matherr
 3B9C:DCAB       _maxscale
 3B9C:D88C       _maxscaleshl2
 3B9C:94BC       _maxslope
 3B9C:0626 idle  _mbarray
 0000:37E9       _memcpy
 3B9C:9D9C       _menuitems
 06B3:3EF2       _Message
 3B9C:3047 idle  _mfilename
 3B9C:303D idle  _mheadname
 3B9C:D87A       _midangle
 3B9C:16C4 idle  _mindist
 3B9C:94B6       _minheightdiv
 3B9C:48AE       _mirrorofs
 392F:0000       _mmblocks
 3B9C:A14E       _mmerror
 3B9C:E752       _mmfree
 3B9C:E756       _mmhead
 3B9C:9D2A       _mminfo
 1940:0187 idle  _MML_ClearBlock
 1940:0001       _MML_UseSpace
 3B9C:E74A       _mmnew
 3B9C:E74E       _mmrover
 3B9C:E760       _mmstarted
 1940:0E43       _MM_BombOnError
 1940:0C2D idle  _MM_DumpData
 1940:0746       _MM_FreePtr
 1940:0408       _MM_GetPtr
 1940:088E       _MM_SetLock
 1940:080D       _MM_SetPurge
 1940:0AD0 idle  _MM_ShowMemory
 1940:03E0       _MM_Shutdown
 1940:0914       _MM_SortMem
 1940:01ED       _MM_Startup
 1940:0DC5       _MM_TotalFree
 1940:0D5E       _MM_UnusedMemory
 3B9C:9740       _mouseadjustment
 3B9C:E6EA       _MouseDownCount
 3B9C:5366       _mouseenabled
 3B9C:9AF9       _MousePresent
 06B3:1BE8 idle  _MouseSensitivity
 0000:3808       _movedata
 1402:091E       _MoveDoors
 114A:09DA       _MoveObj
 3B9C:0656 idle  _moveorder
 1402:0B25       _MovePWalls
 0000:287C       _movetext
 3B9C:48A2       _mr_count
 3B9C:4898       _mr_dest
 3B9C:48A4       _mr_rowofs
 3B9C:489C       _mr_xfrac
 3B9C:48A0       _mr_xstep
 3B9C:489A       _mr_yfrac
 3B9C:489E       _mr_ystep
 0471:10B7       _MS_CheckParm
 3B9C:01BE idle  _MusicItems
 2452:0000 idle  _MusicMenu
 3B9C:9AE9       _MusicMode
 3B9C:E75A       _nearheap
 3B9C:846C       _nearmapylookup
 3B9C:EBB5       _NeedsDigitized
 3B9C:EBBB       _NeedsMusic
 3B9C:9470       _new
 3B9C:0438 idle  _NewEitems
 34C7:0000 idle  _NewEmenu
 0471:035E       _NewGame
 3B9C:0442 idle  _NewItems
 0614:035B idle  _NewLine
 34E4:0000 idle  _NewMenu
 114A:00BC       _NewState
 0471:15DE       _NewViewSize
 3B9C:EBAD       _nextsoundpos
 3B9C:A3C2       _noclip
 0AED:1512 idle  _NonShareware
 3B9C:9750       _nospr
 3B9C:01F6 idle  _nosprtxt
 3B9C:9A33       _NoWait
 3B9C:D6FE       _NumDigi
 3B9C:9D8A       _numpages
 3B9C:E742       _numUMBs
 3B9C:B3CC       _obj
 3B9C:A2D2       _objcount
 3B9C:B3C8       _objfreelist
 3B9C:B3CE       _objlist
 3B9C:DEC5       _oldsoundmode
 0000:3855       _open
 1402:0351       _OpenDoor
 1402:05DD       _OperateDoor
 3B9C:18D4 idle  _opposite
 3B9C:0632 idle  _order
 3B9C:3344 idle  _PageFile
 3B9C:3336       _PageFileName
 0614:0489 idle  _PageLayout
 3B9C:9D8C       _pagenum
 3B6C:0000       _palette1
 3B3C:0000       _palette2
 3B9C:A2CC       _palshifted
 0614:001A idle  _ParseNumber
 0614:006E idle  _ParsePicCommand
 0614:008C idle  _ParseTimedCommand
 3B9C:9EFF       _Paused
 3B9C:EB72       _pcLastSample
 3B9C:EB6A       _pcLengthLeft
 3B9C:48A6       _pcos
 3B9C:EB6E       _pcSound
 3B9C:E96C       _pcSoundLookup
 3B9C:EE5B       _pelpan
 0AED:0447       _PG13
 3B9C:9D40       _picdelay
 3B9C:9D9A       _pickquick
 3B9C:9D42       _picnum
 3B9C:9D97       _pictable
 0EA9:01C4       _PicturePause
 3B9C:9D46       _picx
 3B9C:9D44       _picy
 3B9C:94C0       _pixelangle
 3B9C:3DEE idle  _pixmasks
 3B9C:D864       _pixx
 1402:00E2       _PlaceItemType
 2241:0000       _planepics
 3B9C:4976       _planeylookup
 0C4B:0E71       _PlayDemo
 3B9C:946E       _player
 3B9C:DEB7       _playerxmove
 3B9C:DEB3       _playerymove
 0D8E:101A       _PlayLoop
 0C4B:00FA       _PlaySoundLocGlobal
 3B9C:9472       _playstate
 3B9C:DEB1       _plux
 3B9C:DEAF       _pluy
 3B9C:E76C       _PMFrameCount
 1A24:06E3 idle  _PML_ClosePageFile
 1A24:0AE7 idle  _PML_GetAPageBuffer
 1A24:071D idle  _PML_GetEMSAddress
 1A24:0BF4 idle  _PML_GetPageFromXMS
 1A24:0852 idle  _PML_GiveLRUPage
 1A24:08F3 idle  _PML_GiveLRUXMSPage
 1A24:0C78 idle  _PML_LoadPage
 1A24:000E idle  _PML_MapEMS
 1A24:04FC idle  _PML_OpenPageFile
 1A24:0965 idle  _PML_PutPageInXMS
 1A24:047C idle  _PML_ReadFromFile
 1A24:014C idle  _PML_ShutdownEMS
 1A24:0455 idle  _PML_ShutdownMainMem
 1A24:0290 idle  _PML_ShutdownXMS
 1A24:0031 idle  _PML_StartupEMS
 1A24:03D8 idle  _PML_StartupMainMem
 1A24:0170 idle  _PML_StartupXMS
 1A24:0A14 idle  _PML_TransferPageSpace
 1A24:01E3 idle  _PML_XMSCopy
 3B9C:E770       _PMNumBlocks
 3B9C:D710       _PMPages
 3B9C:E77A       _PMPanicMode
 3B9C:E76A       _PMSegPages
 3B9C:D714       _PMSoundStart
 3B9C:D716       _PMSpriteStart
 3B9C:E77C       _PMStarted
 3B9C:E778       _PMThrashing
 1A24:02DF       _PM_CheckMainMem
 1A24:0CCA       _PM_GetPage
 1A24:07F9       _PM_GetPageAddress
 1A24:1022       _PM_NextFrame
 1A24:0DBC       _PM_Preload
 1A24:109C idle  _PM_Reset
 1A24:02B6       _PM_SetMainMemPurge
 1A24:0D8C       _PM_SetPageLock
 1A24:11BB       _PM_Shutdown
 1A24:110A       _PM_Startup
 0D8E:03D2 idle  _PollControls
 0D8E:0077 idle  _PollJoystickButtons
 0D8E:0252 idle  _PollJoystickMove
 0D8E:000C idle  _PollKeyboardButtons
 0D8E:0108 idle  _PollKeyboardMove
 0D8E:0033 idle  _PollMouseButtons
 0D8E:0214 idle  _PollMouseMove
 3B9C:D70A       _postsource
 3B9C:D706       _postwidth
 3B9C:D708       _postx
 0000:0F1D       _pow10
 0AED:110E       _PreloadGraphics
 0AED:106D idle  _PreloadUpdate
 06B3:2BC7 idle  _PrintCustJoy
 06B3:2C6E idle  _PrintCustKeybd
 06B3:2CD7 idle  _PrintCustKeys
 06B3:2B20 idle  _PrintCustMouse
 0000:39FA       _printf
 06B3:133C idle  _PrintLSEntry
 3B9C:9EFA       _PrintX
 3B9C:9A31       _PrintY
 3B9C:E6D3       _profilehandle
 14D6:0057 idle  _ProjectileTryMove
 3B9C:48AA       _psin
 1402:0971       _PushWall
 0000:3D1A       _puts
 0000:2801       _puttext
 3B9C:5188       _pwalldir
 3B9C:525A       _pwallpos
 3B9C:51D8       _pwallstate
 3B9C:518C       _pwallx
 3B9C:518A       _pwally
 3B9C:9D95       _px
 3B9C:9D93       _py
 0471:1626       _Quit
 3B9C:00FC idle  _radtoint
 0000:3E33       _read
 06B3:3C65 idle  _ReadAnyControl
 0471:0000 idle  _ReadConfig
 0000:2B41 idle  _realloc
 0C4B:0D15       _RecordDemo
 1402:0172 idle  _RecursiveConnect
 380F:0000       _redshifts
 0D8E:0AB3 idle  _RemoveObj
 3B9C:A152       _rightchannel
 3B9C:9D4E       _rightmargin
 3B9C:3DF6 idle  _rightmasks
 3B9C:EB99       _RightPosition
 3B9C:0EB4 idle  _righttable
 0614:0007 idle  _RipToEOL
 2441:0002 idle  _rndtable
 3B9C:9D48       _rowon
 3B9C:A396       _running
 3B9C:9DA2       _SaveGameNames
 3B9C:9EE4       _SaveGamesAvail
 3B9C:046A idle  _SaveName
 0471:042B       _SaveTheGame
 3B9C:EBB7       _SBProPresent
 0000:1FAA idle  _sbrk
 3B9C:517E       _scale
 3B9C:DCAD       _scaledirectory
 10BF:0335 idle  _ScaleLine
 0F61:053A idle  _ScalePost
 10BF:0483       _ScaleShape
 0C4B:0199 idle  _ScanInfoPlane
 3B9C:3B3E       _Scores
 3B9C:D6FA       _screenfaded
 3B9C:16B8       _screenloc
 3B9C:974A       _screenofs
 3B9C:3DE8       _screenseg
 1B41:0BA8       _SDL_DigitizedDone
 1CD5:0012       _SDL_IndicatePC
 1B41:08EF idle  _SDL_LoadDigiSegment
 1B41:0924 idle  _SDL_PlayDigiSegment
 1B41:0287 idle  _SDL_SBService
 1B41:050D idle  _SDL_SBSetDMA
 1CD5:000A       _SDL_SetDS
 1B41:0C76 idle  _SDL_SetupDigi
 1CD5:001F       _SDL_t0ExtremeAsmService
 1CD5:0099       _SDL_t0FastAsmService
 1CD5:02CB       _SDL_t0SlowAsmService
 1B41:1545 idle  _SD_Default
 1B41:191E idle  _SD_FadeOutMusic
 1B41:187F       _SD_MusicOff
 1B41:1874       _SD_MusicOn
 1B41:192F idle  _SD_MusicPlaying
 1B41:0AE4 idle  _SD_PlayDigitized
 1B41:1638       _SD_PlaySound
 1B41:0A10       _SD_Poll
 1B41:1621       _SD_PositionSound
 1B41:0C12       _SD_SetDigiDevice
 1B41:11A4       _SD_SetMusicMode
 1B41:0A9C       _SD_SetPosition
 1B41:1114       _SD_SetSoundMode
 1B41:160F idle  _SD_SetUserHook
 1B41:15B4       _SD_Shutdown
 1B41:17E9       _SD_SoundPlaying
 1B41:18CC       _SD_StartMusic
 1B41:11F6       _SD_Startup
 1B41:096E       _SD_StopDigitized
 1B41:1830       _SD_StopSound
 1B41:1867       _SD_WaitSoundDone
 114A:07B6       _SelectChaseDir
 114A:0686       _SelectDodgeDir
 14D6:1A4B idle  _SelectPathDir
 114A:0910       _SelectRunDir
 0000:2FF6       _setblock
 0437:016C idle  _SetPlaneViewSize
 0C4B:0007 idle  _SetSoundLoc
 06B3:3BFE idle  _SetTextColor
 06B3:332E idle  _SetupControlPanel
 0C4B:06A5       _SetupGameLevel
 10BF:001B       _SetupScaling
 0471:0F55 idle  _SetupWalls
 0000:3E36       _setvbuf
 0000:1348       _setvect
 0471:150B       _SetViewSize
 0EA9:02DF idle  _ShapeTest
 3B9C:9746       _shootdelta
 06B3:41D6 idle  _ShootSnd
 0614:079F idle  _ShowArticle
 0471:1593       _ShowViewSize
 0471:0C9D       _ShutdownId
 114A:1790       _SightPlayer
 2482:0000       _signon
 0471:0F7C idle  _SignonScreen
 10BF:079C       _SimpleScaleShape
 0000:0F4E       _sin
 3B9C:A3C6       _singlestep
 3593:0000       _sintable
 3B9C:DCA1       _slinewidth
 3B9C:DCA3       _slinex
 3B9C:0410 idle  _SndItems
 3497:0000 idle  _SndMenu
 3B9C:12CC idle  _songs
 3B9C:9AEF       _SoundBlasterPresent
 3B9C:9AED       _SoundMode
 3B9C:EBA3       _SoundNumber
 3B9C:A182       _SoundPositioned
 3B9C:EB9F       _SoundPriority
 3B9C:9AF1       _SoundSourcePresent
 3B9C:0468 idle  _SoundStatus
 3B9C:EBB1       _SoundTable
 3B9C:4E26       _spanstart
 14D6:1EA6       _SpawnBJVictory
 14D6:04FC       _SpawnBoss
 14D6:04DC       _SpawnDeadGuard
 1402:0259       _SpawnDoor
 14D6:1200       _SpawnFakeHitler
 14D6:0AA6       _SpawnFat
 14D6:094C       _SpawnGhosts
 14D6:0A3E       _SpawnGift
 14D6:054F       _SpawnGretel
 14D6:1268       _SpawnHitler
 114A:000D       _SpawnNewObj
 14D6:05A2       _SpawnPatrol
 12D5:0D93       _SpawnPlayer
 14D6:09D6       _SpawnSchabbs
 14D6:0329       _SpawnStand
 1402:0013       _SpawnStatic
 3B9C:A170       _spearangle
 3B9C:A16E       _spearflag
 3B9C:A176       _spearx
 3B9C:A172       _speary
 3B9C:A3C8       _spotvis
 0000:3F36       _sprintf
 3B9C:E94A       _sqActive
 3B9C:E946       _sqHack
 3B9C:E940       _sqHackLen
 3B9C:E942       _sqHackPtr
 3B9C:E93E       _sqHackSeqLen
 3B9C:E93A       _sqHackTime
 3B9C:EB83       _ssActive
 3B9C:EB81       _ssControl
 3B9C:EB7D       _ssData
 3B9C:EBAF       _ssIsTandy
 3B9C:EB73       _ssLengthLeft
 3B9C:EB85       _ssNoCheck
 3B9C:EB7B       _ssOff
 3B9C:EB7C       _ssOn
 3B9C:37C4 idle  _ssPort
 3B9C:EB77       _ssSample
 3B9C:EB7F       _ssStatus
 0D8E:0D38       _StartBonusFlash
 06B3:402B       _StartCPMusic
 0D8E:0D43       _StartDamageFlash
 0C4B:0BD9 idle  _StartDemoRecord
 3B9C:9EE2       _StartGame
 3B9C:9744       _startgame
 3B9C:1C12 idle  _starthitpoints
 0D8E:0B3D       _StartMusic
 3B9C:1AE6 idle  _statinfo
 3B9C:87EE       _statobjlist
 12D5:01B1 idle  _StatusDrawPic
 3B9C:DCA5       _stepbytwo
 3B9C:4C96       _stepscale
 0D8E:0B02       _StopMusic
 3B9C:9766       _str
 3B9C:9752       _str2
 3B9C:1AD4 idle  _strafeangle
 0000:3F6F       _strcat
 0000:3FA8       _strlen
 0000:3FEC       _strtol
 3B9C:19E4 idle  _s_attack
 3B9C:2F7C idle  _s_bjjump1
 3B9C:2F8C idle  _s_bjjump2
 3B9C:2F9C idle  _s_bjjump3
 3B9C:2FAC idle  _s_bjjump4
 3B9C:2F1C idle  _s_bjrun1
 3B9C:2F2C idle  _s_bjrun1s
 3B9C:2F3C idle  _s_bjrun2
 3B9C:2F4C idle  _s_bjrun3
 3B9C:2F5C idle  _s_bjrun3s
 3B9C:2F6C idle  _s_bjrun4
 3B9C:1EA2       _s_blinkychase1
 3B9C:1EB2 idle  _s_blinkychase2
 3B9C:1D12 idle  _s_boom1
 3B9C:1D22 idle  _s_boom2
 3B9C:1D32 idle  _s_boom3
 3B9C:2532       _s_bosschase1
 3B9C:2542 idle  _s_bosschase1s
 3B9C:2552 idle  _s_bosschase2
 3B9C:2562 idle  _s_bosschase3
 3B9C:2572 idle  _s_bosschase3s
 3B9C:2582 idle  _s_bosschase4
 3B9C:2592       _s_bossdie1
 3B9C:25A2 idle  _s_bossdie2
 3B9C:25B2 idle  _s_bossdie3
 3B9C:25C2 idle  _s_bossdie4
 3B9C:25D2 idle  _s_bossshoot1
 3B9C:25E2 idle  _s_bossshoot2
 3B9C:25F2 idle  _s_bossshoot3
 3B9C:2602 idle  _s_bossshoot4
 3B9C:2612 idle  _s_bossshoot5
 3B9C:2622 idle  _s_bossshoot6
 3B9C:2632 idle  _s_bossshoot7
 3B9C:2642 idle  _s_bossshoot8
 3B9C:2522 idle  _s_bossstand
 3B9C:1F02 idle  _s_clydechase1
 3B9C:1F12 idle  _s_clydechase2
 3B9C:2FBC       _s_deathcam
 3B9C:1FD2       _s_dogchase1
 3B9C:1FE2 idle  _s_dogchase1s
 3B9C:1FF2 idle  _s_dogchase2
 3B9C:2002 idle  _s_dogchase3
 3B9C:2012 idle  _s_dogchase3s
 3B9C:2022 idle  _s_dogchase4
 3B9C:2062 idle  _s_dogdead
 3B9C:2032       _s_dogdie1
 3B9C:2042 idle  _s_dogdie2
 3B9C:2052 idle  _s_dogdie3
 3B9C:1F82 idle  _s_dogjump1
 3B9C:1F92 idle  _s_dogjump2
 3B9C:1FA2 idle  _s_dogjump3
 3B9C:1FB2 idle  _s_dogjump4
 3B9C:1FC2 idle  _s_dogjump5
 3B9C:1F22 idle  _s_dogpath1
 3B9C:1F32 idle  _s_dogpath1s
 3B9C:1F42 idle  _s_dogpath2
 3B9C:1F52 idle  _s_dogpath3
 3B9C:1F62 idle  _s_dogpath3s
 3B9C:1F72 idle  _s_dogpath4
 3B9C:2B24       _s_fakechase1
 3B9C:2B34 idle  _s_fakechase1s
 3B9C:2B44 idle  _s_fakechase2
 3B9C:2B54 idle  _s_fakechase3
 3B9C:2B64 idle  _s_fakechase3s
 3B9C:2B74 idle  _s_fakechase4
 3B9C:2B84       _s_fakedie1
 3B9C:2B94 idle  _s_fakedie2
 3B9C:2BA4 idle  _s_fakedie3
 3B9C:2BB4 idle  _s_fakedie4
 3B9C:2BC4 idle  _s_fakedie5
 3B9C:2BD4 idle  _s_fakedie6
 3B9C:2BE4 idle  _s_fakeshoot1
 3B9C:2BF4 idle  _s_fakeshoot2
 3B9C:2C04 idle  _s_fakeshoot3
 3B9C:2C14 idle  _s_fakeshoot4
 3B9C:2C24 idle  _s_fakeshoot5
 3B9C:2C34 idle  _s_fakeshoot6
 3B9C:2C44 idle  _s_fakeshoot7
 3B9C:2C54 idle  _s_fakeshoot8
 3B9C:2C64 idle  _s_fakeshoot9
 3B9C:2B14 idle  _s_fakestand
 3B9C:29E4       _s_fatchase1
 3B9C:29F4 idle  _s_fatchase1s
 3B9C:2A04 idle  _s_fatchase2
 3B9C:2A14 idle  _s_fatchase3
 3B9C:2A24 idle  _s_fatchase3s
 3B9C:2A34 idle  _s_fatchase4
 3B9C:2A44 idle  _s_fatdeathcam
 3B9C:2A54       _s_fatdie1
 3B9C:2A64 idle  _s_fatdie2
 3B9C:2A74 idle  _s_fatdie3
 3B9C:2A84 idle  _s_fatdie4
 3B9C:2A94 idle  _s_fatdie5
 3B9C:2AA4 idle  _s_fatdie6
 3B9C:2AB4 idle  _s_fatshoot1
 3B9C:2AC4 idle  _s_fatshoot2
 3B9C:2AD4 idle  _s_fatshoot3
 3B9C:2AE4 idle  _s_fatshoot4
 3B9C:2AF4 idle  _s_fatshoot5
 3B9C:2B04 idle  _s_fatshoot6
 3B9C:29D4 idle  _s_fatstand
 3B9C:2C74 idle  _s_fire1
 3B9C:2C84 idle  _s_fire2
 3B9C:28E4       _s_giftchase1
 3B9C:28F4 idle  _s_giftchase1s
 3B9C:2904 idle  _s_giftchase2
 3B9C:2914 idle  _s_giftchase3
 3B9C:2924 idle  _s_giftchase3s
 3B9C:2934 idle  _s_giftchase4
 3B9C:2944 idle  _s_giftdeathcam
 3B9C:2954       _s_giftdie1
 3B9C:2964 idle  _s_giftdie2
 3B9C:2974 idle  _s_giftdie3
 3B9C:2984 idle  _s_giftdie4
 3B9C:2994 idle  _s_giftdie5
 3B9C:29A4 idle  _s_giftdie6
 3B9C:29B4 idle  _s_giftshoot1
 3B9C:29C4 idle  _s_giftshoot2
 3B9C:28D4 idle  _s_giftstand
 3B9C:1E02       _s_grdchase1
 3B9C:1E12 idle  _s_grdchase1s
 3B9C:1E22 idle  _s_grdchase2
 3B9C:1E32 idle  _s_grdchase3
 3B9C:1E42 idle  _s_grdchase3s
 3B9C:1E52 idle  _s_grdchase4
 3B9C:1E62       _s_grddie1
 3B9C:1E72 idle  _s_grddie2
 3B9C:1E82 idle  _s_grddie3
 3B9C:1E92 idle  _s_grddie4
 3B9C:1DB2       _s_grdpain
 3B9C:1DC2       _s_grdpain1
 3B9C:1D52 idle  _s_grdpath1
 3B9C:1D62 idle  _s_grdpath1s
 3B9C:1D72 idle  _s_grdpath2
 3B9C:1D82 idle  _s_grdpath3
 3B9C:1D92 idle  _s_grdpath3s
 3B9C:1DA2 idle  _s_grdpath4
 3B9C:1DD2 idle  _s_grdshoot1
 3B9C:1DE2 idle  _s_grdshoot2
 3B9C:1DF2 idle  _s_grdshoot3
 3B9C:1D42 idle  _s_grdstand
 3B9C:2662       _s_gretelchase1
 3B9C:2672 idle  _s_gretelchase1s
 3B9C:2682 idle  _s_gretelchase2
 3B9C:2692 idle  _s_gretelchase3
 3B9C:26A2 idle  _s_gretelchase3s
 3B9C:26B2 idle  _s_gretelchase4
 3B9C:26C2       _s_greteldie1
 3B9C:26D2 idle  _s_greteldie2
 3B9C:26E2 idle  _s_greteldie3
 3B9C:26F2 idle  _s_greteldie4
 3B9C:2702 idle  _s_gretelshoot1
 3B9C:2712 idle  _s_gretelshoot2
 3B9C:2722 idle  _s_gretelshoot3
 3B9C:2732 idle  _s_gretelshoot4
 3B9C:2742 idle  _s_gretelshoot5
 3B9C:2752 idle  _s_gretelshoot6
 3B9C:2762 idle  _s_gretelshoot7
 3B9C:2772 idle  _s_gretelshoot8
 3B9C:2652 idle  _s_gretelstand
 3B9C:2DA4       _s_hitlerchase1
 3B9C:2DB4 idle  _s_hitlerchase1s
 3B9C:2DC4 idle  _s_hitlerchase2
 3B9C:2DD4 idle  _s_hitlerchase3
 3B9C:2DE4 idle  _s_hitlerchase3s
 3B9C:2DF4 idle  _s_hitlerchase4
 3B9C:2E04 idle  _s_hitlerdeathcam
 3B9C:2E14       _s_hitlerdie1
 3B9C:2EA4 idle  _s_hitlerdie10
 3B9C:2E24 idle  _s_hitlerdie2
 3B9C:2E34 idle  _s_hitlerdie3
 3B9C:2E44 idle  _s_hitlerdie4
 3B9C:2E54 idle  _s_hitlerdie5
 3B9C:2E64 idle  _s_hitlerdie6
 3B9C:2E74 idle  _s_hitlerdie7
 3B9C:2E84 idle  _s_hitlerdie8
 3B9C:2E94 idle  _s_hitlerdie9
 3B9C:2EB4 idle  _s_hitlershoot1
 3B9C:2EC4 idle  _s_hitlershoot2
 3B9C:2ED4 idle  _s_hitlershoot3
 3B9C:2EE4 idle  _s_hitlershoot4
 3B9C:2EF4 idle  _s_hitlershoot5
 3B9C:2F04 idle  _s_hitlershoot6
 3B9C:1EC2 idle  _s_inkychase1
 3B9C:1ED2 idle  _s_inkychase2
 3B9C:2CA4       _s_mechachase1
 3B9C:2CB4 idle  _s_mechachase1s
 3B9C:2CC4 idle  _s_mechachase2
 3B9C:2CD4 idle  _s_mechachase3
 3B9C:2CE4 idle  _s_mechachase3s
 3B9C:2CF4 idle  _s_mechachase4
 3B9C:2D04       _s_mechadie1
 3B9C:2D14 idle  _s_mechadie2
 3B9C:2D24 idle  _s_mechadie3
 3B9C:2D34 idle  _s_mechadie4
 3B9C:2D44 idle  _s_mechashoot1
 3B9C:2D54 idle  _s_mechashoot2
 3B9C:2D64 idle  _s_mechashoot3
 3B9C:2D74 idle  _s_mechashoot4
 3B9C:2D84 idle  _s_mechashoot5
 3B9C:2D94 idle  _s_mechashoot6
 3B9C:2C94 idle  _s_mechastand
 3B9C:22B2       _s_mutchase1
 3B9C:22C2 idle  _s_mutchase1s
 3B9C:22D2 idle  _s_mutchase2
 3B9C:22E2 idle  _s_mutchase3
 3B9C:22F2 idle  _s_mutchase3s
 3B9C:2302 idle  _s_mutchase4
 3B9C:2312       _s_mutdie1
 3B9C:2322 idle  _s_mutdie2
 3B9C:2332 idle  _s_mutdie3
 3B9C:2342 idle  _s_mutdie4
 3B9C:2352 idle  _s_mutdie5
 3B9C:2252       _s_mutpain
 3B9C:2262       _s_mutpain1
 3B9C:21F2 idle  _s_mutpath1
 3B9C:2202 idle  _s_mutpath1s
 3B9C:2212 idle  _s_mutpath2
 3B9C:2222 idle  _s_mutpath3
 3B9C:2232 idle  _s_mutpath3s
 3B9C:2242 idle  _s_mutpath4
 3B9C:2272 idle  _s_mutshoot1
 3B9C:2282 idle  _s_mutshoot2
 3B9C:2292 idle  _s_mutshoot3
 3B9C:22A2 idle  _s_mutshoot4
 3B9C:21E2 idle  _s_mutstand
 3B9C:2894 idle  _s_needle1
 3B9C:28A4 idle  _s_needle2
 3B9C:28B4 idle  _s_needle3
 3B9C:28C4 idle  _s_needle4
 3B9C:2132       _s_ofcchase1
 3B9C:2142 idle  _s_ofcchase1s
 3B9C:2152 idle  _s_ofcchase2
 3B9C:2162 idle  _s_ofcchase3
 3B9C:2172 idle  _s_ofcchase3s
 3B9C:2182 idle  _s_ofcchase4
 3B9C:2192       _s_ofcdie1
 3B9C:21A2 idle  _s_ofcdie2
 3B9C:21B2 idle  _s_ofcdie3
 3B9C:21C2 idle  _s_ofcdie4
 3B9C:21D2 idle  _s_ofcdie5
 3B9C:20E2       _s_ofcpain
 3B9C:20F2       _s_ofcpain1
 3B9C:2082 idle  _s_ofcpath1
 3B9C:2092 idle  _s_ofcpath1s
 3B9C:20A2 idle  _s_ofcpath2
 3B9C:20B2 idle  _s_ofcpath3
 3B9C:20C2 idle  _s_ofcpath3s
 3B9C:20D2 idle  _s_ofcpath4
 3B9C:2102 idle  _s_ofcshoot1
 3B9C:2112 idle  _s_ofcshoot2
 3B9C:2122 idle  _s_ofcshoot3
 3B9C:2072 idle  _s_ofcstand
 3B9C:1EE2 idle  _s_pinkychase1
 3B9C:1EF2 idle  _s_pinkychase2
 3B9C:19D4 idle  _s_player
 3B9C:1CC2 idle  _s_rocket
 3B9C:27A4       _s_schabbchase1
 3B9C:27B4 idle  _s_schabbchase1s
 3B9C:27C4 idle  _s_schabbchase2
 3B9C:27D4 idle  _s_schabbchase3
 3B9C:27E4 idle  _s_schabbchase3s
 3B9C:27F4 idle  _s_schabbchase4
 3B9C:2804 idle  _s_schabbdeathcam
 3B9C:2814       _s_schabbdie1
 3B9C:2824 idle  _s_schabbdie2
 3B9C:2834 idle  _s_schabbdie3
 3B9C:2844 idle  _s_schabbdie4
 3B9C:2854 idle  _s_schabbdie5
 3B9C:2864 idle  _s_schabbdie6
 3B9C:2874 idle  _s_schabbshoot1
 3B9C:2884 idle  _s_schabbshoot2
 3B9C:2794 idle  _s_schabbstand
 3B9C:1CD2 idle  _s_smoke1
 3B9C:1CE2 idle  _s_smoke2
 3B9C:1CF2 idle  _s_smoke3
 3B9C:1D02 idle  _s_smoke4
 3B9C:2482       _s_sschase1
 3B9C:2492 idle  _s_sschase1s
 3B9C:24A2 idle  _s_sschase2
 3B9C:24B2 idle  _s_sschase3
 3B9C:24C2 idle  _s_sschase3s
 3B9C:24D2 idle  _s_sschase4
 3B9C:24E2       _s_ssdie1
 3B9C:24F2 idle  _s_ssdie2
 3B9C:2502 idle  _s_ssdie3
 3B9C:2512 idle  _s_ssdie4
 3B9C:23D2       _s_sspain
 3B9C:23E2       _s_sspain1
 3B9C:2372 idle  _s_sspath1
 3B9C:2382 idle  _s_sspath1s
 3B9C:2392 idle  _s_sspath2
 3B9C:23A2 idle  _s_sspath3
 3B9C:23B2 idle  _s_sspath3s
 3B9C:23C2 idle  _s_sspath4
 3B9C:23F2 idle  _s_ssshoot1
 3B9C:2402 idle  _s_ssshoot2
 3B9C:2412 idle  _s_ssshoot3
 3B9C:2422 idle  _s_ssshoot4
 3B9C:2432 idle  _s_ssshoot5
 3B9C:2442 idle  _s_ssshoot6
 3B9C:2452 idle  _s_ssshoot7
 3B9C:2462 idle  _s_ssshoot8
 3B9C:2472 idle  _s_ssshoot9
 3B9C:2362 idle  _s_ssstand
 3B9C:EB95       _t0OldService
 12D5:0368       _TakeDamage
 0000:0F9B       _tan
 3B9C:9A39       _tedlevel
 3B9C:9A37       _tedlevelnum
 3B9C:9D4A       _text
 0F61:10E2       _ThreeDRefresh
 12D5:0B00 idle  _Thrust
 3B9C:DEBF       _thrustspeed
 06B3:3AF2 idle  _TicDelay
 3B9C:A17C       _tics
 3B9C:16C0       _tileglobal
 3B9C:D866       _tilehit
 3B9C:746C       _tilemap
 3B9C:9D8E       _TimeCount
 0614:00B1 idle  _TimedPicCommand
 3B9C:EBA5       _TimerCount
 3B9C:EBA9       _TimerDivisor
 3B9C:EB8F       _TimerRate
 3B9C:E6D6       _tinf
 0000:1930       _tolower
 0000:195C       _toupper
 06B3:1247 idle  _TrackWhichGame
 0F61:005C idle  _TransformActor
 0F61:019E idle  _TransformTile
 12D5:0831 idle  _TryMove
 114A:00D4       _TryWalk
 12D5:10C3 idle  _T_Attack
 14D6:1DC8 idle  _T_Bite
 14D6:1FE4 idle  _T_BJDone
 14D6:1F97 idle  _T_BJJump
 14D6:1EFA idle  _T_BJRun
 14D6:1FC2 idle  _T_BJYell
 14D6:15B5 idle  _T_Chase
 14D6:18E2 idle  _T_DogChase
 14D6:14C6 idle  _T_Fake
 14D6:13A5 idle  _T_FakeFire
 14D6:1070 idle  _T_Fat
 14D6:1832 idle  _T_Ghosts
 14D6:0EE0 idle  _T_Gift
 14D6:0C2F idle  _T_GiftThrow
 14D6:1A97 idle  _T_Path
 12D5:1256 idle  _T_Player
 14D6:00FA idle  _T_Projectile
 14D6:0D50 idle  _T_Schabb
 14D6:0B0E idle  _T_SchabbThrow
 14D6:1BCD idle  _T_Shoot
 14D6:15A5 idle  _T_Stand
 0000:37AA       _ultoa
 3B9C:E72E       _UMBbase
 06B3:3250       _UnCacheLump
 0000:1988       _unlink
 3B9C:5368       _update
 12D5:0274 idle  _UpdateFace
 0D8E:0D4F idle  _UpdatePaletteShifts
 3B9C:9A29       _updateptr
 0C4B:014B       _UpdateSoundLoc
 3B9C:3B3A idle  _USL_DrawString
 1D18:000B idle  _USL_HardError
 3B9C:3B36       _USL_MeasureString
 1D18:03DC idle  _USL_PrintInCenter
 1D18:0698 idle  _US_CenterWindow
 1D18:021B       _US_CheckParm
 1D18:054B       _US_ClearWindow
 06B3:000F       _US_ControlPanel
 1D18:04E0       _US_CPrint
 1D18:0480 idle  _US_CPrintLine
 1D18:0578       _US_DrawWindow
 1D14:0008       _US_InitRndT
 1D18:07B1       _US_LineInput
 1D18:02E4       _US_Print
 1D18:043C       _US_PrintCentered
 1D18:03B3 idle  _US_PrintSigned
 1D18:038A       _US_PrintUnsigned
 1D18:06E9 idle  _US_RestoreWindow
 1D14:0030       _US_RndT
 1D18:06BC idle  _US_SaveWindow
 1D18:02C5 idle  _US_SetPrintRoutines
 1D18:0209       _US_Shutdown
 1D18:0143       _US_Startup
 3B9C:9A0F       _uwidthtable
 3B9C:525C       _vertwall
 3B9C:16CE idle  _vgaCeiling
 0F61:0BCF idle  _VGAClearScreen
 1DD7:0BD3       _VGAMAPMASK
 1DD7:0BF8       _VGAREADMAP
 1DD7:0BE3 idle  _VGAWRITEMODE
 1F4C:0004       _VH_UpdateScreen
 0AED:003A       _Victory
 12D5:1003 idle  _VictorySpin
 12D5:0AF0 idle  _VictoryTile
 3B9C:DC92       _viewangle
 3B9C:4EEE       _viewcos
 3B9C:5182       _viewheight
 3B9C:4EF2       _viewsin
 3B9C:535C       _viewsize
 3B9C:D87E       _viewtx
 3B9C:D87C       _viewty
 3B9C:D700       _viewtype
 3B9C:5184       _viewwidth
 3B9C:4EFA       _viewx
 3B9C:4EF6       _viewy
 3B9C:9742       _virtualreality
 3B9C:D720       _vislist
 3B9C:D71E       _visptr
 3B9C:D71C       _visstep
 1DD7:0683       _VL_Bar
 1DD7:00A6 idle  _VL_ClearVideo
 1DD7:04D9       _VL_ColorBorder
 1DD7:00D0 idle  _VL_DePlaneVGA
 1DD7:0AFF idle  _VL_DrawLatch8String
 1DD7:09D1 idle  _VL_DrawTile8String
 1DD7:0390       _VL_FadeIn
 1DD7:0263       _VL_FadeOut
 1DD7:01AC idle  _VL_FillPalette
 1DD7:01EC idle  _VL_GetColor
 1DD7:0242 idle  _VL_GetPalette
 1DD7:053C       _VL_Hlin
 1DD7:091C       _VL_LatchToScreen
 1DD7:088B idle  _VL_MaskedToScreen
 1DD7:0793       _VL_MemToLatch
 1DD7:07ED       _VL_MemToScreen
 1E98:0244       _VL_MungePic
 1DD7:04ED       _VL_Plot
 1DD7:097F       _VL_ScreenToScreen
 1DD7:01D1 idle  _VL_SetColor
 1F2E:0023 idle  _VL_SetCRTC
 1DD7:0128 idle  _VL_SetLineWidth
 1DD7:0217       _VL_SetPalette
 1DD7:0C08       _VL_SetScreen
 1DD7:015D idle  _VL_SetSplitScreen
 1DD7:009C idle  _VL_SetTextMode
 1DD7:0076       _VL_SetVGAPlaneMode
 1DD7:006C       _VL_Shutdown
 1DD7:0BA9 idle  _VL_SizeTile8String
 1DD7:000E       _VL_Startup
 1DD7:0475       _VL_TestPaletteSet
 1F2E:0077       _VL_VideoID
 1DD7:061A       _VL_Vlin
 1F2E:000C       _VL_WaitVBL
 0000:3F53 idle  _vsprintf
 1E98:05CC       _VWB_Bar
 1E98:0524       _VWB_DrawPic
 1E98:0593       _VWB_DrawPropString
 1E98:0495       _VWB_DrawTile8
 1E98:04DD idle  _VWB_DrawTile8M
 1E98:0633       _VWB_Hlin
 1E98:0608       _VWB_Plot
 1E98:0667       _VWB_Vlin
 1E98:0343 idle  _VWL_MeasureString
 1E98:0124 idle  _VW_DrawColorPropString
 1E98:000C idle  _VW_DrawPropString
 1E98:03C7       _VW_MarkUpdateBlock
 1E98:03A5 idle  _VW_MeasureMPropString
 1E98:0383       _VW_MeasurePropString
 1E98:069B       _VW_UpdateScreen
 06B3:3C33 idle  _WaitKeyUp
 3B9C:4EFE       _wallheight
 0F61:0FF4 idle  _WallRefresh
 3B9C:1746 idle  _weaponscale
 0000:3079 idle  _wherex
 0000:3088 idle  _wherey
 36EF:0000       _whiteshifts
 3B9C:9EF8       _WindowH
 3B9C:9A2B       _WindowW
 3B9C:9A2F       _WindowX
 3B9C:9A2D       _WindowY
 3B9C:1842 idle  _wordmasks
 3B9C:DCA7       _work
 0000:4209       _write
 0AED:04FE       _Write
 0471:0231 idle  _WriteConfig
 3B9C:D858       _xintercept
 3B9C:D86A       _xinttile
 3B9C:E744       _XMSaddr
 3B9C:E784       _XMSAvail
 3B9C:E77E       _XMSDriver
 3B9C:E782       _XMSHandle
 3B9C:A148       _XMSPagesAvail
 3B9C:E776       _XMSPagesUsed
 3B9C:A14C       _XMSPresent
 3B9C:3334 idle  _XMSProtectPage
 3B9C:D876       _xpartial
 3B9C:D870       _xpartialdown
 3B9C:D872       _xpartialup
 3B9C:D850       _xstep
 3B9C:D862       _xtile
 3B9C:D85E       _xtilestep
 3B9C:D854       _yintercept
 3B9C:D868       _yinttile
 3B9C:ECC9       _ylookup
 3B9C:D874       _ypartial
 3B9C:D86C       _ypartialdown
 3B9C:D86E       _ypartialup
 3B9C:D84C       _ystep
 3B9C:D860       _ytile
 3B9C:D85C       _ytilestep
 3B9C:3F50       __8087
 0000:1000 idle  __AHINCR
 0000:000C idle  __AHSHIFT
 3B9C:45E4       __argc
 3B9C:45E6       __argv
 3B9C:4240       __atexitcnt
 3B9C:4804       __atexittbl
 0000:264A       __brk
 3B9C:00D1       __brklvl
 3B9C:00B3       __C0argc
 3B9C:00B5       __C0argv
 0000:20B6 idle  __c0crtinit
 3B9C:00B7       __C0environ
 0000:12CB idle  __cexit
 0000:0189       __checknull
 0000:3118       __chmod
 0000:0176       __cleanup
 0000:315B       __close
 0000:20D3 idle  __crtinit
 3B9C:4242       __ctype
 0000:0000  Abs  __cvtfak
 0000:12D9 idle  __c_exit
 3B9C:3F64       __default87
 3B9C:44C2       __doserrno
[...]
 3B9C:2072 idle  _s_ofcstand
 3B9C:2082 idle  _s_ofcpath1
 3B9C:2092 idle  _s_ofcpath1s
 3B9C:20A2 idle  _s_ofcpath2
 3B9C:20B2 idle  _s_ofcpath3
 3B9C:20C2 idle  _s_ofcpath3s
 3B9C:20D2 idle  _s_ofcpath4
 3B9C:20E2       _s_ofcpain
 3B9C:20F2       _s_ofcpain1
 3B9C:2102 idle  _s_ofcshoot1
 3B9C:2112 idle  _s_ofcshoot2
 3B9C:2122 idle  _s_ofcshoot3
 3B9C:2132       _s_ofcchase1
 3B9C:2142 idle  _s_ofcchase1s
 3B9C:2152 idle  _s_ofcchase2
 3B9C:2162 idle  _s_ofcchase3
 3B9C:2172 idle  _s_ofcchase3s
 3B9C:2182 idle  _s_ofcchase4
 3B9C:2192       _s_ofcdie1
 3B9C:21A2 idle  _s_ofcdie2
 3B9C:21B2 idle  _s_ofcdie3
 3B9C:21C2 idle  _s_ofcdie4
 3B9C:21D2 idle  _s_ofcdie5
 3B9C:21E2 idle  _s_mutstand
 3B9C:21F2 idle  _s_mutpath1
 3B9C:2202 idle  _s_mutpath1s
 3B9C:2212 idle  _s_mutpath2
 3B9C:2222 idle  _s_mutpath3
 3B9C:2232 idle  _s_mutpath3s
 3B9C:2242 idle  _s_mutpath4
 3B9C:2252       _s_mutpain
 3B9C:2262       _s_mutpain1
 3B9C:2272 idle  _s_mutshoot1
 3B9C:2282 idle  _s_mutshoot2
 3B9C:2292 idle  _s_mutshoot3
 3B9C:22A2 idle  _s_mutshoot4
 3B9C:22B2       _s_mutchase1
 3B9C:22C2 idle  _s_mutchase1s
 3B9C:22D2 idle  _s_mutchase2
 3B9C:22E2 idle  _s_mutchase3
 3B9C:22F2 idle  _s_mutchase3s
 3B9C:2302 idle  _s_mutchase4
 3B9C:2312       _s_mutdie1
 3B9C:2322 idle  _s_mutdie2
 3B9C:2332 idle  _s_mutdie3
 3B9C:2342 idle  _s_mutdie4
 3B9C:2352 idle  _s_mutdie5
 3B9C:2362 idle  _s_ssstand
 3B9C:2372 idle  _s_sspath1
 3B9C:2382 idle  _s_sspath1s
 3B9C:2392 idle  _s_sspath2
 3B9C:23A2 idle  _s_sspath3
 3B9C:23B2 idle  _s_sspath3s
 3B9C:23C2 idle  _s_sspath4
 3B9C:23D2       _s_sspain
 3B9C:23E2       _s_sspain1
 3B9C:23F2 idle  _s_ssshoot1
 3B9C:2402 idle  _s_ssshoot2
 3B9C:2412 idle  _s_ssshoot3
 3B9C:2422 idle  _s_ssshoot4
 3B9C:2432 idle  _s_ssshoot5
 3B9C:2442 idle  _s_ssshoot6
 3B9C:2452 idle  _s_ssshoot7
 3B9C:2462 idle  _s_ssshoot8
 3B9C:2472 idle  _s_ssshoot9
 3B9C:2482       _s_sschase1
 3B9C:2492 idle  _s_sschase1s
 3B9C:24A2 idle  _s_sschase2
 3B9C:24B2 idle  _s_sschase3
 3B9C:24C2 idle  _s_sschase3s
 3B9C:24D2 idle  _s_sschase4
 3B9C:24E2       _s_ssdie1
 3B9C:24F2 idle  _s_ssdie2
 3B9C:2502 idle  _s_ssdie3
 3B9C:2512 idle  _s_ssdie4
 3B9C:2522 idle  _s_bossstand
 3B9C:2532       _s_bosschase1
 3B9C:2542 idle  _s_bosschase1s
 3B9C:2552 idle  _s_bosschase2
 3B9C:2562 idle  _s_bosschase3
 3B9C:2572 idle  _s_bosschase3s
 3B9C:2582 idle  _s_bosschase4
 3B9C:2592       _s_bossdie1
 3B9C:25A2 idle  _s_bossdie2
 3B9C:25B2 idle  _s_bossdie3
 3B9C:25C2 idle  _s_bossdie4
 3B9C:25D2 idle  _s_bossshoot1
 3B9C:25E2 idle  _s_bossshoot2
 3B9C:25F2 idle  _s_bossshoot3
 3B9C:2602 idle  _s_bossshoot4
 3B9C:2612 idle  _s_bossshoot5
 3B9C:2622 idle  _s_bossshoot6
 3B9C:2632 idle  _s_bossshoot7
 3B9C:2642 idle  _s_bossshoot8
 3B9C:2652 idle  _s_gretelstand
 3B9C:2662       _s_gretelchase1
 3B9C:2672 idle  _s_gretelchase1s
 3B9C:2682 idle  _s_gretelchase2
 3B9C:2692 idle  _s_gretelchase3
 3B9C:26A2 idle  _s_gretelchase3s
 3B9C:26B2 idle  _s_gretelchase4
 3B9C:26C2       _s_greteldie1
 3B9C:26D2 idle  _s_greteldie2
 3B9C:26E2 idle  _s_greteldie3
 3B9C:26F2 idle  _s_greteldie4
 3B9C:2702 idle  _s_gretelshoot1
 3B9C:2712 idle  _s_gretelshoot2
 3B9C:2722 idle  _s_gretelshoot3
 3B9C:2732 idle  _s_gretelshoot4
 3B9C:2742 idle  _s_gretelshoot5
 3B9C:2752 idle  _s_gretelshoot6
 3B9C:2762 idle  _s_gretelshoot7
 3B9C:2772 idle  _s_gretelshoot8
 3B9C:2794 idle  _s_schabbstand
 3B9C:27A4       _s_schabbchase1
 3B9C:27B4 idle  _s_schabbchase1s
 3B9C:27C4 idle  _s_schabbchase2
 3B9C:27D4 idle  _s_schabbchase3
 3B9C:27E4 idle  _s_schabbchase3s
 3B9C:27F4 idle  _s_schabbchase4
 3B9C:2804 idle  _s_schabbdeathcam
 3B9C:2814       _s_schabbdie1
 3B9C:2824 idle  _s_schabbdie2
 3B9C:2834 idle  _s_schabbdie3
 3B9C:2844 idle  _s_schabbdie4
 3B9C:2854 idle  _s_schabbdie5
 3B9C:2864 idle  _s_schabbdie6
 3B9C:2874 idle  _s_schabbshoot1
 3B9C:2884 idle  _s_schabbshoot2
 3B9C:2894 idle  _s_needle1
 3B9C:28A4 idle  _s_needle2
 3B9C:28B4 idle  _s_needle3
 3B9C:28C4 idle  _s_needle4
 3B9C:28D4 idle  _s_giftstand
 3B9C:28E4       _s_giftchase1
 3B9C:28F4 idle  _s_giftchase1s
 3B9C:2904 idle  _s_giftchase2
 3B9C:2914 idle  _s_giftchase3
 3B9C:2924 idle  _s_giftchase3s
 3B9C:2934 idle  _s_giftchase4
 3B9C:2944 idle  _s_giftdeathcam
 3B9C:2954       _s_giftdie1
 3B9C:2964 idle  _s_giftdie2
 3B9C:2974 idle  _s_giftdie3
 3B9C:2984 idle  _s_giftdie4
 3B9C:2994 idle  _s_giftdie5
 3B9C:29A4 idle  _s_giftdie6
 3B9C:29B4 idle  _s_giftshoot1
 3B9C:29C4 idle  _s_giftshoot2
 3B9C:29D4 idle  _s_fatstand
 3B9C:29E4       _s_fatchase1
 3B9C:29F4 idle  _s_fatchase1s
 3B9C:2A04 idle  _s_fatchase2
 3B9C:2A14 idle  _s_fatchase3
 3B9C:2A24 idle  _s_fatchase3s
 3B9C:2A34 idle  _s_fatchase4
 3B9C:2A44 idle  _s_fatdeathcam
 3B9C:2A54       _s_fatdie1
 3B9C:2A64 idle  _s_fatdie2
 3B9C:2A74 idle  _s_fatdie3
 3B9C:2A84 idle  _s_fatdie4
 3B9C:2A94 idle  _s_fatdie5
 3B9C:2AA4 idle  _s_fatdie6
 3B9C:2AB4 idle  _s_fatshoot1
 3B9C:2AC4 idle  _s_fatshoot2
 3B9C:2AD4 idle  _s_fatshoot3
 3B9C:2AE4 idle  _s_fatshoot4
 3B9C:2AF4 idle  _s_fatshoot5
 3B9C:2B04 idle  _s_fatshoot6
 3B9C:2B14 idle  _s_fakestand
 3B9C:2B24       _s_fakechase1
 3B9C:2B34 idle  _s_fakechase1s
 3B9C:2B44 idle  _s_fakechase2
 3B9C:2B54 idle  _s_fakechase3
 3B9C:2B64 idle  _s_fakechase3s
 3B9C:2B74 idle  _s_fakechase4
 3B9C:2B84       _s_fakedie1
 3B9C:2B94 idle  _s_fakedie2
 3B9C:2BA4 idle  _s_fakedie3
 3B9C:2BB4 idle  _s_fakedie4
 3B9C:2BC4 idle  _s_fakedie5
 3B9C:2BD4 idle  _s_fakedie6
 3B9C:2BE4 idle  _s_fakeshoot1
 3B9C:2BF4 idle  _s_fakeshoot2
 3B9C:2C04 idle  _s_fakeshoot3
 3B9C:2C14 idle  _s_fakeshoot4
 3B9C:2C24 idle  _s_fakeshoot5
 3B9C:2C34 idle  _s_fakeshoot6
 3B9C:2C44 idle  _s_fakeshoot7
 3B9C:2C54 idle  _s_fakeshoot8
 3B9C:2C64 idle  _s_fakeshoot9
 3B9C:2C74 idle  _s_fire1
 3B9C:2C84 idle  _s_fire2
 3B9C:2C94 idle  _s_mechastand
 3B9C:2CA4       _s_mechachase1
 3B9C:2CB4 idle  _s_mechachase1s
 3B9C:2CC4 idle  _s_mechachase2
 3B9C:2CD4 idle  _s_mechachase3
 3B9C:2CE4 idle  _s_mechachase3s
 3B9C:2CF4 idle  _s_mechachase4
 3B9C:2D04       _s_mechadie1
 3B9C:2D14 idle  _s_mechadie2
 3B9C:2D24 idle  _s_mechadie3
 3B9C:2D34 idle  _s_mechadie4
 3B9C:2D44 idle  _s_mechashoot1
 3B9C:2D54 idle  _s_mechashoot2
 3B9C:2D64 idle  _s_mechashoot3
 3B9C:2D74 idle  _s_mechashoot4
 3B9C:2D84 idle  _s_mechashoot5
 3B9C:2D94 idle  _s_mechashoot6
 3B9C:2DA4       _s_hitlerchase1
 3B9C:2DB4 idle  _s_hitlerchase1s
 3B9C:2DC4 idle  _s_hitlerchase2
 3B9C:2DD4 idle  _s_hitlerchase3
 3B9C:2DE4 idle  _s_hitlerchase3s
 3B9C:2DF4 idle  _s_hitlerchase4
 3B9C:2E04 idle  _s_hitlerdeathcam
 3B9C:2E14       _s_hitlerdie1
 3B9C:2E24 idle  _s_hitlerdie2
 3B9C:2E34 idle  _s_hitlerdie3
 3B9C:2E44 idle  _s_hitlerdie4
 3B9C:2E54 idle  _s_hitlerdie5
 3B9C:2E64 idle  _s_hitlerdie6
 3B9C:2E74 idle  _s_hitlerdie7
 3B9C:2E84 idle  _s_hitlerdie8
 3B9C:2E94 idle  _s_hitlerdie9
 3B9C:2EA4 idle  _s_hitlerdie10
 3B9C:2EB4 idle  _s_hitlershoot1
 3B9C:2EC4 idle  _s_hitlershoot2
 3B9C:2ED4 idle  _s_hitlershoot3
 3B9C:2EE4 idle  _s_hitlershoot4
 3B9C:2EF4 idle  _s_hitlershoot5
 3B9C:2F04 idle  _s_hitlershoot6
 3B9C:2F1C idle  _s_bjrun1
 3B9C:2F2C idle  _s_bjrun1s
 3B9C:2F3C idle  _s_bjrun2
 3B9C:2F4C idle  _s_bjrun3
 3B9C:2F5C idle  _s_bjrun3s
 3B9C:2F6C idle  _s_bjrun4
 3B9C:2F7C idle  _s_bjjump1
 3B9C:2F8C idle  _s_bjjump2
 3B9C:2F9C idle  _s_bjjump3
 3B9C:2FAC idle  _s_bjjump4
 3B9C:2FBC       _s_deathcam
 3B9C:3012       _audioname
 3B9C:301F idle  _gheadname
 3B9C:3029 idle  _gfilename
 3B9C:3033 idle  _gdictname
 3B9C:303D idle  _mheadname
 3B9C:3047 idle  _mfilename
 3B9C:3051 idle  _aheadname
 3B9C:305B idle  _afilename
 3B9C:311C idle  _KbdDefs
 3B9C:3126 idle  _DemoMode
 3B9C:3334 idle  _XMSProtectPage
 3B9C:3336       _PageFileName
 3B9C:3344 idle  _PageFile
 3B9C:37C4 idle  _ssPort
 3B9C:3B36       _USL_MeasureString
 3B9C:3B3A idle  _USL_DrawString
 3B9C:3B3E       _Scores
 3B9C:3DE8       _screenseg
 3B9C:3DEE idle  _pixmasks
 3B9C:3DF2 idle  _leftmasks
 3B9C:3DF6 idle  _rightmasks
 3B9C:3F50       __8087
 3B9C:3F60       __protected
 3B9C:3F61       __LDT
 3B9C:3F64       __default87
 3B9C:3F66 idle  __huge_flt
 3B9C:3F6A       __huge_dble
 3B9C:3F72 idle  __huge_ldble
 3B9C:3F7C idle  __indefinite
 3B9C:3F80 idle  __tiny_ldble
 3B9C:3F8A       __mathwhy
 3B9C:4130       __emu
 3B9C:4240       __atexitcnt
 3B9C:4242       __ctype
 3B9C:4344       __exitbuf
 3B9C:4348       __exitfopen
 3B9C:434C       __exitopen
 3B9C:4350       __streams
 3B9C:4490       __nfile
 3B9C:4492       __openfd
 3B9C:44BA       __fmode
 3B9C:44BC       __notUmask
 3B9C:44BE       __fpstklen
 3B9C:44C0       __heaplen
 3B9C:44C2       __doserrno
 3B9C:44C4 idle  __dosErrorToSV
 3B9C:4528       __stklen
 3B9C:4592       __video
 3B9C:45A1       _directvideo
 3B9C:45DE idle  __first
 3B9C:45E0 idle  __last
 3B9C:45E2 idle  __rover
 3B9C:45E4       __argc
 3B9C:45E6       __argv
 3B9C:45F2       _environ
 3B9C:45FA       __RealCvtVector
 3B9C:45FE idle  __ScanTodVector
 3B9C:4804       __atexittbl
 3B9C:4892       ___SignalPtr
 3B9C:4898       _mr_dest
 3B9C:489A       _mr_yfrac
 3B9C:489C       _mr_xfrac
 3B9C:489E       _mr_ystep
 3B9C:48A0       _mr_xstep
 3B9C:48A2       _mr_count
 3B9C:48A4       _mr_rowofs
 3B9C:48A6       _pcos
 3B9C:48AA       _psin
 3B9C:48AE       _mirrorofs
 3B9C:4976       _planeylookup
 3B9C:4B06       _basedist
 3B9C:4C96       _stepscale
 3B9C:4E26       _spanstart
 3B9C:4EEE       _viewcos
 3B9C:4EF2       _viewsin
 3B9C:4EF6       _viewy
 3B9C:4EFA       _viewx
 3B9C:4EFE       _wallheight
 3B9C:517E       _scale
 3B9C:5182       _viewheight
 3B9C:5184       _viewwidth
 3B9C:5186       _bufferofs
 3B9C:5188       _pwalldir
 3B9C:518A       _pwally
 3B9C:518C       _pwallx
 3B9C:518E       _areabyplayer
 3B9C:51D8       _pwallstate
 3B9C:51DA       _doorposition
 3B9C:525A       _pwallpos
 3B9C:525C       _vertwall
 3B9C:52DC       _horizwall
 3B9C:535C       _viewsize
 3B9C:535E       _joystickport
 3B9C:5360       _joystickprogressive
 3B9C:5362       _joypadenabled
 3B9C:5364       _joystickenabled
 3B9C:5366       _mouseenabled
 3B9C:5368       _update
 3B9C:546C       _actorat
 3B9C:746C       _tilemap
 3B9C:846C       _nearmapylookup
 3B9C:84EC       _farmapylookup
 3B9C:856C       _doorobjlist
 3B9C:87EC       _laststatobj
 3B9C:87EE       _statobjlist
 3B9C:946E       _player
 3B9C:9470       _new
 3B9C:9472       _playstate
 3B9C:9474       _gamestate
 3B9C:94B6       _minheightdiv
 3B9C:94B8       _heightnumerator
 3B9C:94BC       _maxslope
 3B9C:94C0       _pixelangle
 3B9C:9740       _mouseadjustment
 3B9C:9742       _virtualreality
 3B9C:9744       _startgame
 3B9C:9746       _shootdelta
 3B9C:9748       _centerx
 3B9C:974A       _screenofs
 3B9C:974C       _focallength
 3B9C:9750       _nospr
 3B9C:9752       _str2
 3B9C:9766       _str
 3B9C:97B6       _LevelRatios
 3B9C:9806       _backcolor
 3B9C:9807       _blockstarts
 3B9C:9A0F       _uwidthtable
 3B9C:9A29       _updateptr
 3B9C:9A2B       _WindowW
 3B9C:9A2D       _WindowY
 3B9C:9A2F       _WindowX
 3B9C:9A31       _PrintY
 3B9C:9A33       _NoWait
 3B9C:9A35       _loadedgame
 3B9C:9A37       _tedlevelnum
 3B9C:9A39       _tedlevel
 3B9C:9A3B       _DigiMap
 3B9C:9AE9       _MusicMode
 3B9C:9AEB       _DigiMode
 3B9C:9AED       _SoundMode
 3B9C:9AEF       _SoundBlasterPresent
 3B9C:9AF1       _SoundSourcePresent
 3B9C:9AF3       _AdLibPresent
 3B9C:9AF5       _JoysPresent
 3B9C:9AF9       _MousePresent
 3B9C:9AFB       _Keyboard
 3B9C:9BFB       _fontnumber
 3B9C:9BFD       _fontcolor
 3B9C:9BFE       _displayofs
 3B9C:9C00       _grsegs
 3B9C:9D2A       _mminfo
 3B9C:9D3E       _layoutdone
 3B9C:9D40       _picdelay
 3B9C:9D42       _picnum
 3B9C:9D44       _picy
 3B9C:9D46       _picx
 3B9C:9D48       _rowon
 3B9C:9D4A       _text
 3B9C:9D4E       _rightmargin
 3B9C:9D6C       _leftmargin
 3B9C:9D8A       _numpages
 3B9C:9D8C       _pagenum
 3B9C:9D8E       _TimeCount
 3B9C:9D92       _LastScan
 3B9C:9D93       _py
 3B9C:9D95       _px
 3B9C:9D97       _pictable
 3B9C:9D99       _ca_levelbit
 3B9C:9D9A       _pickquick
 3B9C:9D9C       _menuitems
 3B9C:9D9E       _lasttimecount
 3B9C:9DA2       _SaveGameNames
 3B9C:9EE2       _StartGame
 3B9C:9EE4       _SaveGamesAvail
 3B9C:9EF8       _WindowH
 3B9C:9EFA       _PrintX
 3B9C:9EFC       _ingame
 3B9C:9EFE       _LastASCII
 3B9C:9EFF       _Paused
 3B9C:9F01       _extension
 3B9C:9F06       _audiosegs
 3B9C:A146       _EMSPagesAvail
 3B9C:A148       _XMSPagesAvail
 3B9C:A14A       _EMSPresent
 3B9C:A14C       _XMSPresent
 3B9C:A14E       _mmerror
 3B9C:A150       _mapon
 3B9C:A152       _rightchannel
 3B9C:A154       _leftchannel
 3B9C:A156       _globalsoundy
 3B9C:A15A       _globalsoundx
 3B9C:A15E       _demobuffer
 3B9C:A160       _lastdemoptr
 3B9C:A164       _demoptr
 3B9C:A168       _demoplayback
 3B9C:A16A       _demorecord
 3B9C:A16C       _killerobj
 3B9C:A16E       _spearflag
 3B9C:A170       _spearangle
 3B9C:A172       _speary
 3B9C:A176       _spearx
 3B9C:A17A       _fizzlein
 3B9C:A17C       _tics
 3B9C:A17E       _mapheight
 3B9C:A180       _mapwidth
 3B9C:A182       _SoundPositioned
 3B9C:A184       _latchpics
 3B9C:A24C       _mapheaderseg
 3B9C:A2C4       _mapsegs
 3B9C:A2C8       _funnyticount
 3B9C:A2CC       _palshifted
 3B9C:A2CE       _bonuscount
 3B9C:A2D0       _damagecount
 3B9C:A2D2       _objcount
 3B9C:A2D4       _dummyobj
 3B9C:A310       _mapwidthtable
 3B9C:A390       _DebugOk
 3B9C:A392       _facecount
 3B9C:A394       _anglefrac
 3B9C:A396       _running
 3B9C:A398       _frameon
 3B9C:A39C       _buttonstate
 3B9C:A3AC       _controly
 3B9C:A3AE       _controlx
 3B9C:A3B0       _buttonheld
 3B9C:A3C0       _extravbls
 3B9C:A3C2       _noclip
 3B9C:A3C4       _godmode
 3B9C:A3C6       _singlestep
 3B9C:A3C8       _spotvis
 3B9C:B3C8       _objfreelist
 3B9C:B3CA       _lastobj
 3B9C:B3CC       _obj
 3B9C:B3CE       _objlist
 3B9C:D6F6       _madenoise
 3B9C:D6F8       _compatability
 3B9C:D6FA       _screenfaded
 3B9C:D6FC       _DigiList
 3B9C:D6FE       _NumDigi
 3B9C:D700       _viewtype
 3B9C:D702       _maporgy
 3B9C:D704       _maporgx
 3B9C:D706       _postwidth
 3B9C:D708       _postx
 3B9C:D70A       _postsource
 3B9C:D70E       _doornum
 3B9C:D710       _PMPages
 3B9C:D714       _PMSoundStart
 3B9C:D716       _PMSpriteStart
 3B9C:D718       _ChunksInFile
 3B9C:D71A       _farthest
 3B9C:D71C       _visstep
 3B9C:D71E       _visptr
 3B9C:D720       _vislist
 3B9C:D84C       _ystep
 3B9C:D850       _xstep
 3B9C:D854       _yintercept
 3B9C:D858       _xintercept
 3B9C:D85C       _ytilestep
 3B9C:D85E       _xtilestep
 3B9C:D860       _ytile
 3B9C:D862       _xtile
 3B9C:D864       _pixx
 3B9C:D866       _tilehit
 3B9C:D868       _yinttile
 3B9C:D86A       _xinttile
 3B9C:D86C       _ypartialdown
 3B9C:D86E       _ypartialup
 3B9C:D870       _xpartialdown
 3B9C:D872       _xpartialup
 3B9C:D874       _ypartial
 3B9C:D876       _xpartial
 3B9C:D878       _angle
 3B9C:D87A       _midangle
 3B9C:D87C       _viewty
 3B9C:D87E       _viewtx
 3B9C:D880       _focalty
 3B9C:D882       _focaltx
 3B9C:D884       _lasttilehit
 3B9C:D886       _lastintercept
 3B9C:D88A       _lastside
 3B9C:D88C       _maxscaleshl2
 3B9C:D88E       _fullscalefarcall
 3B9C:DC92       _viewangle
 3B9C:DC94       _mask3
 3B9C:DC95       _mask2
 3B9C:DC96       _mask1
 3B9C:DC97       _maskword
 3B9C:DC99       _linescale
 3B9C:DC9D       _linecmds
 3B9C:DCA1       _slinewidth
 3B9C:DCA3       _slinex
 3B9C:DCA5       _stepbytwo
 3B9C:DCA7       _work
 3B9C:DCA9       _insetupscaling
 3B9C:DCAB       _maxscale
 3B9C:DCAD       _scaledirectory
 3B9C:DEAF       _pluy
 3B9C:DEB1       _plux
 3B9C:DEB3       _playerymove
 3B9C:DEB7       _playerxmove
 3B9C:DEBB       _LastAttacker
 3B9C:DEBD       _gotgatgun
 3B9C:DEBF       _thrustspeed
 3B9C:DEC3       _lastdoorobj
 3B9C:DEC5       _oldsoundmode
 3B9C:DEC7       _chunkexplen
 3B9C:DECB       _chunkcomplen
 3B9C:DECF       _audiohandle
 3B9C:DED1       _maphandle
 3B9C:DED3       _grhandle
 3B9C:DED5       _audiohuffman
 3B9C:E2D1       _grhuffman
 3B9C:E6CD       _audiostarts
 3B9C:E6CF       _grstarts
 3B9C:E6D1       _debughandle
 3B9C:E6D3       _profilehandle
 3B9C:E6D5       _ca_levelnum
 3B9C:E6D6       _tinf
 3B9C:E6D8       _bufferseg
 3B9C:E6DA       _btnstate
 3B9C:E6EA       _MouseDownCount
 3B9C:E6EE       _JoyPadPresent
 3B9C:E6F0       _DemoSize
 3B9C:E6F2       _DemoOffset
 3B9C:E6F4       _DemoBuffer
 3B9C:E6F6       _Controls
 3B9C:E6FE       _JoyDefs
 3B9C:E72E       _UMBbase
 3B9C:E742       _numUMBs
 3B9C:E744       _XMSaddr
 3B9C:E748       _bombonerror
 3B9C:E74A       _mmnew
 3B9C:E74E       _mmrover
 3B9C:E752       _mmfree
 3B9C:E756       _mmhead
 3B9C:E75A       _nearheap
 3B9C:E75C       _farheap
 3B9C:E760       _mmstarted
 3B9C:E762       _aftersort
 3B9C:E766       _beforesort
 3B9C:E76A       _PMSegPages
 3B9C:E76C       _PMFrameCount
 3B9C:E770       _PMNumBlocks
 3B9C:E772       _MainPagesUsed
 3B9C:E774       _EMSPagesUsed
 3B9C:E776       _XMSPagesUsed
 3B9C:E778       _PMThrashing
 3B9C:E77A       _PMPanicMode
 3B9C:E77C       _PMStarted
 3B9C:E77E       _XMSDriver
 3B9C:E782       _XMSHandle
 3B9C:E784       _XMSAvail
 3B9C:E786       _EMSList
 3B9C:E79E       _EMSPhysicalPage
 3B9C:E7A0       _EMSPageFrame
 3B9C:E7A2       _EMSHandle
 3B9C:E7A4       _EMSAvail
 3B9C:E7A6       _MainPagesAvail
 3B9C:E7A8       _MainMemUsed
 3B9C:E870       _MainMemPages
 3B9C:E938       _MainPresent
 3B9C:E93A       _sqHackTime
 3B9C:E93E       _sqHackSeqLen
 3B9C:E940       _sqHackLen
 3B9C:E942       _sqHackPtr
 3B9C:E946       _sqHack
 3B9C:E94A       _sqActive
 3B9C:E94C       _alZeroInst
 3B9C:E95C       _alTimeCount
 3B9C:E960       _alLengthLeft
 3B9C:E964       _alBlock
 3B9C:E966       _alSound
 3B9C:E96A       _alNoCheck
 3B9C:E96C       _pcSoundLookup
 3B9C:EB6A       _pcLengthLeft
 3B9C:EB6E       _pcSound
 3B9C:EB72       _pcLastSample
 3B9C:EB73       _ssLengthLeft
 3B9C:EB77       _ssSample
 3B9C:EB7B       _ssOff
 3B9C:EB7C       _ssOn
 3B9C:EB7D       _ssData
 3B9C:EB7F       _ssStatus
 3B9C:EB81       _ssControl
 3B9C:EB83       _ssActive
 3B9C:EB85       _ssNoCheck
 3B9C:EB87       _DigiLastEnd
 3B9C:EB89       _DigiLastStart
 3B9C:EB8B       _DigiPage
 3B9C:EB8D       _DigiLeft
 3B9C:EB8F       _TimerRate
 3B9C:EB91       _LocalTime
 3B9C:EB95       _t0OldService
 3B9C:EB99       _RightPosition
 3B9C:EB9B       _LeftPosition
 3B9C:EB9D       _DigiPriority
 3B9C:EB9F       _SoundPriority
 3B9C:EBA1       _DigiNumber
 3B9C:EBA3       _SoundNumber
 3B9C:EBA5       _TimerCount
 3B9C:EBA9       _TimerDivisor
 3B9C:EBAD       _nextsoundpos
 3B9C:EBAF       _ssIsTandy
 3B9C:EBB1       _SoundTable
 3B9C:EBB3       _HackCount
 3B9C:EBB5       _NeedsDigitized
 3B9C:EBB7       _SBProPresent
 3B9C:EBB9       _DigiPlaying
 3B9C:EBBB       _NeedsMusic
 3B9C:EBBD       _Games
 3B9C:ECB9       _CursorY
 3B9C:ECBB       _CursorX
 3B9C:ECBD       _CursorBad
 3B9C:ECBF       _Button1
 3B9C:ECC1       _Button0
 3B9C:ECC3       _abortprogram
 3B9C:ECC5       _fastpalette
 3B9C:ECC7       _bordercolor
 3B9C:ECC9       _ylookup
 3B9C:EE59       _linewidth
 3B9C:EE5B       _pelpan
 3B9C:EE5D       _bufferheight
 3B9C:EE5F       _bufferwidth

Program entry point at 0000:0000

