
 Start  Stop   Length Name               Class

 00000H 0436EH 0436FH _TEXT              CODE
 04370H 04370H 00000H H_LDIV_TEXT        CODE
 04370H 0470FH 003A0H WOLFHACK_TEXT      CODE
 04710H 060B9H 019AAH WOLF3D_TEXT        CODE
 060BAH 060BAH 00000H SIGNON_TEXT        CODE
 060BAH 060BAH 00000H GAMEPAL_TEXT       CODE
 060BAH 0611EH 00065H WHACK_A_TEXT       CODE
 06120H 0615AH 0003BH WL_ASM_TEXT        CODE
 0615BH 06B52H 009F8H WL_TEXT_TEXT       CODE
 06B53H 0AEF0H 0439EH WL_MENU_TEXT       CODE
 0AEF1H 0C4CAH 015DAH WL_INTER_TEXT      CODE
 0C4CBH 0D8FFH 01435H WL_GAME_TEXT       CODE
 0D900H 0EAA6H 011A7H WL_PLAY_TEXT       CODE
 0EAA7H 0F630H 00B8AH WL_DEBUG_TEXT      CODE
 0F631H 107B9H 01189H WL_DRAW_TEXT       CODE
 107BAH 10C0DH 00454H WL_DR_A_TEXT       CODE
 10C0EH 114C0H 008B3H WL_SCALE_TEXT      CODE
 114C1H 12D6FH 018AFH WL_STATE_TEXT      CODE
 12D70H 1403BH 012CCH WL_AGENT_TEXT      CODE
 1403CH 14D7CH 00D41H WL_ACT1_TEXT       CODE
 14D7DH 1711AH 0239EH WL_ACT2_TEXT       CODE
 1711BH 1888AH 01770H ID_CA_TEXT         CODE
 1888BH 19414H 00B8AH ID_IN_TEXT         CODE
 19415H 1A1E0H 00DCCH ID_MM_TEXT         CODE
 1A1E1H 1B3A9H 011C9H ID_PM_TEXT         CODE
 1B3AAH 1CCF2H 01949H ID_SD_TEXT         CODE
 1CCF4H 1D0E5H 003F2H ID_SD_A_TEXT       CODE
 1D0E6H 1D12AH 00045H ID_US_A_TEXT       CODE
 1D12BH 1DD1DH 00BF3H ID_US_1_TEXT       CODE
 1DD1EH 1E92BH 00C0EH ID_VL_TEXT         CODE
 1E92CH 1F278H 0094DH ID_VH_TEXT         CODE
 1F27AH 1F450H 001D7H ID_VL_A_TEXT       CODE
 1F452H 1F647H 001F6H ID_VH_A_TEXT       CODE
 1F650H 21DC6H 02777H EMU_PROG           CODE
 21DD0H 22397H 005C8H E87_PROG           CODE
 223A0H 223A0H 00000H _FARDATA           FAR_DATA
 223A0H 2439FH 02000H FAR_DATA           FAR_DATA
 243A0H 244A1H 00102H FAR_DATA           FAR_DATA
 244B0H 247A3H 002F4H WOLF3D5_DATA       FAR_DATA
 247B0H 341AFH 0FA00H SIGNON5_DATA       FAR_DATA
 341B0H 344AFH 00300H GAMEPAL5_DATA      FAR_DATA
 344B0H 3477FH 002D0H WL_MENU5_DATA      FAR_DATA
 34780H 348F9H 0017AH WL_MENU6_DATA      FAR_DATA
 34900H 34AF7H 001F8H WL_MENU7_DATA      FAR_DATA
 34B00H 34BFBH 000FCH WL_MENU8_DATA      FAR_DATA
 34C00H 34DCDH 001CEH WL_MENU9_DATA      FAR_DATA
 34DD0H 34E77H 000A8H WL_MENU10_DATA     FAR_DATA
 34E80H 35023H 001A4H WL_MENU11_DATA     FAR_DATA
 35030H 351A9H 0017AH WL_MENU12_DATA     FAR_DATA
 351B0H 351D3H 00024H WL_MENU13_DATA     FAR_DATA
 351E0H 3525FH 00080H ID_IN5_DATA        FAR_DATA
 35260H 352DFH 00080H ID_IN6_DATA        FAR_DATA
 352E0H 3535FH 00080H ID_IN7_DATA        FAR_DATA
 35360H 35360H 00000H _FARBSS            FAR_BSS
 35360H 358B8H 00559H _COMDEF_AA_        FAR_BSS
 358C0H 35FC7H 00708H _COMDEF_AB_        FAR_BSS
 35FD0H 36DDFH 00E10H _COMDEF_AC_        FAR_BSS
 36DE0H 36E74H 00095H _COMDEF_AD_        FAR_BSS
 36E80H 3807FH 01200H _COMDEF_AE_        FAR_BSS
 38080H 3927FH 01200H _COMDEF_AF_        FAR_BSS
 39280H 3B34FH 020D0H _COMDEF_AG_        FAR_BSS
 3B350H 3B64FH 00300H _COMDEF_AH_        FAR_BSS
 3B650H 3B94FH 00300H _COMDEF_AI_        FAR_BSS
 3B950H 3B950H 00000H _OVERLAY_          OVRINFO
 3B950H 3B950H 00000H _1STUB_            STUBSEG
 3B950H 3FEF9H 045AAH _DATA              DATA
 3FEFAH 3FEFDH 00004H _CVTSEG            DATA
 3FEFEH 3FF09H 0000CH _SCNSEG            DATA
 3FF0AH 3FF0AH 00000H _CONST             CONST
 3FF0AH 3FF27H 0001EH _INIT_             INITDATA
 3FF28H 3FF28H 00000H _INITEND_          INITDATA
 3FF28H 3FF2DH 00006H _EXIT_             EXITDATA
 3FF2EH 3FF2EH 00000H _EXITEND_          EXITDATA
 3FF2EH 40197H 0026AH _BSS               BSS
 40198H 4A760H 0A5C9H _COMDEF_           BSS
 4A761H 4A761H 00000H _BSSEND            BSSEND
 4A770H 4A7EFH 00080H _STACK             STACK


Detailed map of segments

 0000:0000 02B2 C=CODE   S=_TEXT          G=(none)  M=C0.ASM     ACBP=28
 0000:02B2 00DE C=CODE   S=_TEXT          G=(none)  M=H_LDIV.ASM ACBP=28
 0000:0390 0258 C=CODE   S=_TEXT          G=(none)  M=FPINIT     ACBP=28
 0000:05E8 0000 C=CODE   S=_TEXT          G=(none)  M=E87TRAP    ACBP=28
 0000:05E8 0000 C=CODE   S=_TEXT          G=(none)  M=PROTFLAG   ACBP=28
 0000:05E8 0000 C=CODE   S=_TEXT          G=(none)  M=DEFLT87    ACBP=28
 0000:05E8 000D C=CODE   S=_TEXT          G=(none)  M=ATAN       ACBP=28
 0000:05F5 0000 C=CODE   S=_TEXT          G=(none)  M=HUGEVAL    ACBP=28
 0000:05F5 009A C=CODE   S=_TEXT          G=(none)  M=LDTRUNC    ACBP=28
 0000:068F 0000 C=CODE   S=_TEXT          G=(none)  M=MATHWHY    ACBP=28
 0000:068F 01B5 C=CODE   S=_TEXT          G=(none)  M=REALCVT    ACBP=28
 0000:0844 0361 C=CODE   S=_TEXT          G=(none)  M=SCANTOD    ACBP=28
 0000:0BA5 0209 C=CODE   S=_TEXT          G=(none)  M=XCVT       ACBP=28
 0000:0DAE 00A6 C=CODE   S=_TEXT          G=(none)  M=FPERR      ACBP=28
 0000:0E54 00C9 C=CODE   S=_TEXT          G=(none)  M=_POW10     ACBP=28
 0000:0F1D 000B C=CODE   S=_TEXT          G=(none)  M=POW10D     ACBP=28
 0000:0F28 0026 C=CODE   S=_TEXT          G=(none)  M=MATHERR    ACBP=28
 0000:0F4E 004D C=CODE   S=_TEXT          G=(none)  M=SIN        ACBP=28
 0000:0F9B 0050 C=CODE   S=_TEXT          G=(none)  M=TAN        ACBP=28
 0000:0FEB 0090 C=CODE   S=_TEXT          G=(none)  M=_MATHERR   ACBP=28
 0000:107B 00BB C=CODE   S=_TEXT          G=(none)  M=ATAN2      ACBP=28
 0000:1136 002C C=CODE   S=_TEXT          G=(none)  M=FFTOL      ACBP=28
 0000:1162 002D C=CODE   S=_TEXT          G=(none)  M=ATEXIT     ACBP=28
 0000:118F 0000 C=CODE   S=_TEXT          G=(none)  M=CTYPE      ACBP=28
 0000:118F 0036 C=CODE   S=_TEXT          G=(none)  M=DOSDFREE   ACBP=28
 0000:11C5 0038 C=CODE   S=_TEXT          G=(none)  M=DOSFATTR   ACBP=28
 0000:11FD 0032 C=CODE   S=_TEXT          G=(none)  M=DOSGDATE   ACBP=28
 0000:122F 0023 C=CODE   S=_TEXT          G=(none)  M=DOSWRITE   ACBP=28
 0000:1252 0093 C=CODE   S=_TEXT          G=(none)  M=EXIT       ACBP=28
 0000:12E5 0000 C=CODE   S=_TEXT          G=(none)  M=FILES      ACBP=28
 0000:12E5 0000 C=CODE   S=_TEXT          G=(none)  M=FILES2     ACBP=28
 0000:12E5 0000 C=CODE   S=_TEXT          G=(none)  M=FMODE      ACBP=28
 0000:12E5 0000 C=CODE   S=_TEXT          G=(none)  M=FPSTKLEN   ACBP=28
 0000:12E5 0017 C=CODE   S=_TEXT          G=(none)  M=F_LXMUL    ACBP=28
 0000:12FC 0021 C=CODE   S=_TEXT          G=(none)  M=F_PCMP     ACBP=28
 0000:131D 001C C=CODE   S=_TEXT          G=(none)  M=F_SCOPY    ACBP=28
 0000:1339 0020 C=CODE   S=_TEXT          G=(none)  M=GETVECT    ACBP=28
 0000:1359 0000 C=CODE   S=_TEXT          G=(none)  M=HEAPLEN    ACBP=28
 0000:1359 0021 C=CODE   S=_TEXT          G=(none)  M=H_LLSH     ACBP=28
 0000:137A 0020 C=CODE   S=_TEXT          G=(none)  M=H_LRSH     ACBP=28
 0000:139A 0021 C=CODE   S=_TEXT          G=(none)  M=H_LURSH    ACBP=28
 0000:13BB 0088 C=CODE   S=_TEXT          G=(none)  M=H_PADA     ACBP=28
 0000:1443 0060 C=CODE   S=_TEXT          G=(none)  M=H_PADD     ACBP=28
 0000:14A3 0028 C=CODE   S=_TEXT          G=(none)  M=H_PSBP     ACBP=28
 0000:14CB 0027 C=CODE   S=_TEXT          G=(none)  M=H_SPUSH    ACBP=28
 0000:14F2 004B C=CODE   S=_TEXT          G=(none)  M=IOERROR    ACBP=28
 0000:153D 0011 C=CODE   S=_TEXT          G=(none)  M=ISATTY     ACBP=28
 0000:154E 009A C=CODE   S=_TEXT          G=(none)  M=LONGTOA    ACBP=28
 0000:15E8 0029 C=CODE   S=_TEXT          G=(none)  M=LSEEK      ACBP=28
 0000:1611 0082 C=CODE   S=_TEXT          G=(none)  M=MKNAME     ACBP=28
 0000:1693 0021 C=CODE   S=_TEXT          G=(none)  M=N_PCMP     ACBP=28
 0000:16B4 002D C=CODE   S=_TEXT          G=(none)  M=READA      ACBP=28
 0000:16E1 01AA C=CODE   S=_TEXT          G=(none)  M=SCANTOL    ACBP=28
 0000:188B 00A5 C=CODE   S=_TEXT          G=(none)  M=SETUPIO    ACBP=28
 0000:1930 0000 C=CODE   S=_TEXT          G=(none)  M=SIGDATA    ACBP=28
 0000:1930 0000 C=CODE   S=_TEXT          G=(none)  M=STKLEN     ACBP=28
 0000:1930 002C C=CODE   S=_TEXT          G=(none)  M=TOLOWER    ACBP=28
 0000:195C 002C C=CODE   S=_TEXT          G=(none)  M=TOUPPER    ACBP=28
 0000:1988 0016 C=CODE   S=_TEXT          G=(none)  M=UNLINK     ACBP=28
 0000:199E 04CB C=CODE   S=_TEXT          G=(none)  M=VPRINTER   ACBP=28
 0000:1E69 009F C=CODE   S=_TEXT          G=(none)  M=VRAM       ACBP=28
 0000:1F08 001A C=CODE   S=_TEXT          G=(none)  M=XCLOSE     ACBP=28
 0000:1F22 0029 C=CODE   S=_TEXT          G=(none)  M=_STPCPY    ACBP=28
 0000:1F4B 006F C=CODE   S=_TEXT          G=(none)  M=BRK        ACBP=28
 0000:1FBA 0029 C=CODE   S=_TEXT          G=(none)  M=CLRSCR     ACBP=28
 0000:1FE3 0010 C=CODE   S=_TEXT          G=(none)  M=CORELEFT   ACBP=28
 0000:1FF3 01A1 C=CODE   S=_TEXT          G=(none)  M=CRTINIT    ACBP=28
 0000:2194 001F C=CODE   S=_TEXT          G=(none)  M=CVTFAK     ACBP=28
 0000:21B3 0421 C=CODE   S=_TEXT          G=(none)  M=FARHEAP    ACBP=28
 0000:25D4 0140 C=CODE   S=_TEXT          G=(none)  M=FBRK       ACBP=28
 0000:2714 0050 C=CODE   S=_TEXT          G=(none)  M=FCORELFT   ACBP=28
 0000:2764 0049 C=CODE   S=_TEXT          G=(none)  M=GOTOXY     ACBP=28
 0000:27AD 00A8 C=CODE   S=_TEXT          G=(none)  M=GPTEXT     ACBP=28
 0000:2855 0027 C=CODE   S=_TEXT          G=(none)  M=IOCTL      ACBP=28
 0000:287C 009D C=CODE   S=_TEXT          G=(none)  M=MOVETEXT   ACBP=28
 0000:2919 027B C=CODE   S=_TEXT          G=(none)  M=NEARHEAP   ACBP=28
 0000:2B94 0004 C=CODE   S=_TEXT          G=(none)  M=REALCVT    ACBP=28
 0000:2B98 01BD C=CODE   S=_TEXT          G=(none)  M=SCREEN     ACBP=28
 0000:2D55 0188 C=CODE   S=_TEXT          G=(none)  M=SCROLL     ACBP=28
 0000:2EDD 0119 C=CODE   S=_TEXT          G=(none)  M=SETARGV    ACBP=28
 0000:2FF6 001C C=CODE   S=_TEXT          G=(none)  M=SETBLOCK   ACBP=28
 0000:3012 005D C=CODE   S=_TEXT          G=(none)  M=SETENVP    ACBP=28
 0000:306F 002C C=CODE   S=_TEXT          G=(none)  M=WHEREXY    ACBP=28
 0000:309B 007D C=CODE   S=_TEXT          G=(none)  M=ATOL       ACBP=28
 0000:3118 001B C=CODE   S=_TEXT          G=(none)  M=CHMODA     ACBP=28
 0000:3133 0028 C=CODE   S=_TEXT          G=(none)  M=CLOSE      ACBP=28
 0000:315B 001E C=CODE   S=_TEXT          G=(none)  M=CLOSEA     ACBP=28
 0000:3179 008B C=CODE   S=_TEXT          G=(none)  M=CREAT      ACBP=28
 0000:3204 0081 C=CODE   S=_TEXT          G=(none)  M=FCLOSE     ACBP=28
 0000:3285 0081 C=CODE   S=_TEXT          G=(none)  M=FFLUSH     ACBP=28
 0000:3306 0060 C=CODE   S=_TEXT          G=(none)  M=FINDFIRS   ACBP=28
 0000:3366 0041 C=CODE   S=_TEXT          G=(none)  M=FLENGTH    ACBP=28
 0000:33A7 003A C=CODE   S=_TEXT          G=(none)  M=FLUSHALL   ACBP=28
 0000:33E1 01A0 C=CODE   S=_TEXT          G=(none)  M=FOPEN      ACBP=28
 0000:3581 0016 C=CODE   S=_TEXT          G=(none)  M=FPRINTF    ACBP=28
 0000:3597 018C C=CODE   S=_TEXT          G=(none)  M=FSEEK      ACBP=28
 0000:3723 005F C=CODE   S=_TEXT          G=(none)  M=GETENV     ACBP=28
 0000:3782 0067 C=CODE   S=_TEXT          G=(none)  M=LTOA1      ACBP=28
 0000:37E9 001F C=CODE   S=_TEXT          G=(none)  M=MEMCPY     ACBP=28
 0000:3808 0022 C=CODE   S=_TEXT          G=(none)  M=MOVEDATA   ACBP=28
 0000:382A 0183 C=CODE   S=_TEXT          G=(none)  M=OPEN       ACBP=28
 0000:39AD 004D C=CODE   S=_TEXT          G=(none)  M=OPENA      ACBP=28
 0000:39FA 0017 C=CODE   S=_TEXT          G=(none)  M=PRINTF     ACBP=28
 0000:3A11 0309 C=CODE   S=_TEXT          G=(none)  M=PUTC       ACBP=28
 0000:3D1A 004B C=CODE   S=_TEXT          G=(none)  M=PUTS       ACBP=28
 0000:3D65 00CE C=CODE   S=_TEXT          G=(none)  M=READ       ACBP=28
 0000:3E33 0003 C=CODE   S=_TEXT          G=(none)  M=READU      ACBP=28
 0000:3E36 00D8 C=CODE   S=_TEXT          G=(none)  M=SETVBUF    ACBP=28
 0000:3F0E 0061 C=CODE   S=_TEXT          G=(none)  M=SPRINTF    ACBP=28
 0000:3F6F 0039 C=CODE   S=_TEXT          G=(none)  M=STRCAT     ACBP=28
 0000:3FA8 001A C=CODE   S=_TEXT          G=(none)  M=STRLEN     ACBP=28
 0000:3FC2 00FF C=CODE   S=_TEXT          G=(none)  M=STRTOL     ACBP=28
 0000:40C1 010E C=CODE   S=_TEXT          G=(none)  M=WRITE      ACBP=28
 0000:41CF 003A C=CODE   S=_TEXT          G=(none)  M=WRITEA     ACBP=28
 0000:4209 0003 C=CODE   S=_TEXT          G=(none)  M=WRITEU     ACBP=28
 0000:420C 0028 C=CODE   S=_TEXT          G=(none)  M=XFCLOSE    ACBP=28
 0000:4234 0023 C=CODE   S=_TEXT          G=(none)  M=XFFLUSH    ACBP=28
 0000:4257 0028 C=CODE   S=_TEXT          G=(none)  M=FMEMCMP    ACBP=28
 0000:427F 0024 C=CODE   S=_TEXT          G=(none)  M=FMEMCPY    ACBP=28
 0000:42A3 0043 C=CODE   S=_TEXT          G=(none)  M=FMEMSET    ACBP=28
 0000:42E6 0029 C=CODE   S=_TEXT          G=(none)  M=FSTRCPY    ACBP=28
 0000:430F 0041 C=CODE   S=_TEXT          G=(none)  M=FSTRICMP   ACBP=28
 0000:4350 001F C=CODE   S=_TEXT          G=(none)  M=FSTRLEN    ACBP=28
 0437:0000 0000 C=CODE   S=H_LDIV_TEXT    G=(none)  M=H_LDIV.ASM ACBP=48
 0437:0000 03A0 C=CODE   S=WOLFHACK_TEXT  G=(none)  M=WOLFHACK.C ACBP=28
 0471:0000 19AA C=CODE   S=WOLF3D_TEXT    G=(none)  M=WOLF3D.C   ACBP=28
 060B:000A 0000 C=CODE   S=SIGNON_TEXT    G=(none)  M=SIGNON.C   ACBP=28
 060B:000A 0000 C=CODE   S=GAMEPAL_TEXT   G=(none)  M=GAMEPAL.C  ACBP=28
 060B:000A 0065 C=CODE   S=WHACK_A_TEXT   G=(none)  M=WHACK_A.ASM ACBP=48
 0612:0000 003B C=CODE   S=WL_ASM_TEXT    G=(none)  M=WL_ASM.ASM ACBP=48
 0615:000B 09F8 C=CODE   S=WL_TEXT_TEXT   G=(none)  M=WL_TEXT.C  ACBP=28
 06B5:0003 439E C=CODE   S=WL_MENU_TEXT   G=(none)  M=WL_MENU.C  ACBP=28
 0AEF:0001 15DA C=CODE   S=WL_INTER_TEXT  G=(none)  M=WL_INTER.C ACBP=28
 0C4C:000B 1435 C=CODE   S=WL_GAME_TEXT   G=(none)  M=WL_GAME.C  ACBP=28
 0D90:0000 11A7 C=CODE   S=WL_PLAY_TEXT   G=(none)  M=WL_PLAY.C  ACBP=28
 0EAA:0007 0B8A C=CODE   S=WL_DEBUG_TEXT  G=(none)  M=WL_DEBUG.C ACBP=28
 0F63:0001 1189 C=CODE   S=WL_DRAW_TEXT   G=(none)  M=WL_DRAW.C  ACBP=28
 107B:000A 0454 C=CODE   S=WL_DR_A_TEXT   G=(none)  M=WL_DR_A.ASM ACBP=48
 10C0:000E 08B3 C=CODE   S=WL_SCALE_TEXT  G=(none)  M=WL_SCALE.C ACBP=28
 114C:0001 18AF C=CODE   S=WL_STATE_TEXT  G=(none)  M=WL_STATE.C ACBP=28
 12D7:0000 12CC C=CODE   S=WL_AGENT_TEXT  G=(none)  M=WL_AGENT.C ACBP=28
 1403:000C 0D41 C=CODE   S=WL_ACT1_TEXT   G=(none)  M=WL_ACT1.C  ACBP=28
 14D7:000D 239E C=CODE   S=WL_ACT2_TEXT   G=(none)  M=WL_ACT2.C  ACBP=28
 1711:000B 1770 C=CODE   S=ID_CA_TEXT     G=(none)  M=ID_CA.C    ACBP=28
 1888:000B 0B8A C=CODE   S=ID_IN_TEXT     G=(none)  M=ID_IN.C    ACBP=28
 1941:0005 0DCC C=CODE   S=ID_MM_TEXT     G=(none)  M=ID_MM.C    ACBP=28
 1A1E:0001 11C9 C=CODE   S=ID_PM_TEXT     G=(none)  M=ID_PM.C    ACBP=28
 1B3A:000A 1949 C=CODE   S=ID_SD_TEXT     G=(none)  M=ID_SD.C    ACBP=28
 1CCF:0004 03F2 C=CODE   S=ID_SD_A_TEXT   G=(none)  M=ID_SD_A.ASM ACBP=48
 1D0E:0006 0045 C=CODE   S=ID_US_A_TEXT   G=(none)  M=ID_US_A.ASM ACBP=48
 1D12:000B 0BF3 C=CODE   S=ID_US_1_TEXT   G=(none)  M=ID_US_1.C  ACBP=28
 1DD1:000E 0C0E C=CODE   S=ID_VL_TEXT     G=(none)  M=ID_VL.C    ACBP=28
 1E92:000C 094D C=CODE   S=ID_VH_TEXT     G=(none)  M=ID_VH.C    ACBP=28
 1F27:000A 01D7 C=CODE   S=ID_VL_A_TEXT   G=(none)  M=ID_VL_A.ASM ACBP=48
 1F45:0002 01F6 C=CODE   S=ID_VH_A_TEXT   G=(none)  M=ID_VH_A.ASM ACBP=48
 1F65:0000 0000 C=CODE   S=EMU_PROG       G=(none)  M=FPINIT     ACBP=68
 1F65:0000 2777 C=CODE   S=EMU_PROG       G=(none)  M=EMU086     ACBP=68
 21DD:0000 0000 C=CODE   S=E87_PROG       G=(none)  M=FPINIT     ACBP=68
 21DD:0000 03E3 C=CODE   S=E87_PROG       G=(none)  M=EMU087     ACBP=68
 21DD:03F0 01D8 C=CODE   S=E87_PROG       G=(none)  M=E87TRAP    ACBP=68
 223A:0000 0000 C=FAR_DATA S=_FARDATA       G=(none)  M=C0.ASM     ACBP=68
 223A:0000 2000 C=FAR_DATA S=FAR_DATA       G=(none)  M=WHACK_A.ASM ACBP=60
 243A:0000 0102 C=FAR_DATA S=FAR_DATA       G=(none)  M=ID_US_A.ASM ACBP=60
 244B:0000 02F4 C=FAR_DATA S=WOLF3D5_DATA   G=(none)  M=WOLF3D.C   ACBP=68
 247B:0000 FA00 C=FAR_DATA S=SIGNON5_DATA   G=(none)  M=SIGNON.C   ACBP=68
 341B:0000 0300 C=FAR_DATA S=GAMEPAL5_DATA  G=(none)  M=GAMEPAL.C  ACBP=68
 344B:0000 02D0 C=FAR_DATA S=WL_MENU5_DATA  G=(none)  M=WL_MENU.C  ACBP=68
 3478:0000 017A C=FAR_DATA S=WL_MENU6_DATA  G=(none)  M=WL_MENU.C  ACBP=68
 3490:0000 01F8 C=FAR_DATA S=WL_MENU7_DATA  G=(none)  M=WL_MENU.C  ACBP=68
 34B0:0000 00FC C=FAR_DATA S=WL_MENU8_DATA  G=(none)  M=WL_MENU.C  ACBP=68
 34C0:0000 01CE C=FAR_DATA S=WL_MENU9_DATA  G=(none)  M=WL_MENU.C  ACBP=68
 34DD:0000 00A8 C=FAR_DATA S=WL_MENU10_DATA G=(none)  M=WL_MENU.C  ACBP=68
 34E8:0000 01A4 C=FAR_DATA S=WL_MENU11_DATA G=(none)  M=WL_MENU.C  ACBP=68
 3503:0000 017A C=FAR_DATA S=WL_MENU12_DATA G=(none)  M=WL_MENU.C  ACBP=68
 351B:0000 0024 C=FAR_DATA S=WL_MENU13_DATA G=(none)  M=WL_MENU.C  ACBP=68
 351E:0000 0080 C=FAR_DATA S=ID_IN5_DATA    G=(none)  M=ID_IN.C    ACBP=68
 3526:0000 0080 C=FAR_DATA S=ID_IN6_DATA    G=(none)  M=ID_IN.C    ACBP=68
 352E:0000 0080 C=FAR_DATA S=ID_IN7_DATA    G=(none)  M=ID_IN.C    ACBP=68
 3536:0000 0000 C=FAR_BSS S=_FARBSS        G=(none)  M=C0.ASM     ACBP=68
 3536:0000 0559 C=FAR_BSS S=_COMDEF_AA_    G=(none)  M=WL_ACT1.C  ACBP=60
 358C:0000 0708 C=FAR_BSS S=_COMDEF_AB_    G=(none)  M=WL_DRAW.C  ACBP=60
 35FD:0000 0E10 C=FAR_BSS S=_COMDEF_AC_    G=(none)  M=WL_DRAW.C  ACBP=60
 36DE:0000 0095 C=FAR_BSS S=_COMDEF_AD_    G=(none)  M=ID_CA.C    ACBP=60
 36E8:0000 1200 C=FAR_BSS S=_COMDEF_AE_    G=(none)  M=WL_PLAY.C  ACBP=60
 3808:0000 1200 C=FAR_BSS S=_COMDEF_AF_    G=(none)  M=WL_PLAY.C  ACBP=60
 3928:0000 20D0 C=FAR_BSS S=_COMDEF_AG_    G=(none)  M=ID_MM.C    ACBP=60
 3B35:0000 0300 C=FAR_BSS S=_COMDEF_AH_    G=(none)  M=ID_VL.C    ACBP=60
 3B65:0000 0300 C=FAR_BSS S=_COMDEF_AI_    G=(none)  M=ID_VL.C    ACBP=60
 3B95:0000 0000 C=OVRINFO S=_OVERLAY_      G=(none)  M=C0.ASM     ACBP=68
 3B95:0000 0000 C=STUBSEG S=_1STUB_        G=(none)  M=C0.ASM     ACBP=68
 3B95:0000 00D9 C=DATA   S=_DATA          G=DGROUP  M=C0.ASM     ACBP=68
 3B95:00DA 0000 C=DATA   S=_DATA          G=DGROUP  M=H_LDIV.ASM ACBP=48
 3B95:00DA 0002 C=DATA   S=_DATA          G=DGROUP  M=WOLFHACK.C ACBP=48
 3B95:00DC 0285 C=DATA   S=_DATA          G=DGROUP  M=WOLF3D.C   ACBP=48
 3B95:0362 0000 C=DATA   S=_DATA          G=DGROUP  M=SIGNON.C   ACBP=48
 3B95:0362 0000 C=DATA   S=_DATA          G=DGROUP  M=GAMEPAL.C  ACBP=48
 3B95:0362 0000 C=DATA   S=_DATA          G=DGROUP  M=WHACK_A.ASM ACBP=48
 3B95:0362 0000 C=DATA   S=_DATA          G=DGROUP  M=WL_ASM.ASM ACBP=48
 3B95:0362 00A1 C=DATA   S=_DATA          G=DGROUP  M=WL_TEXT.C  ACBP=48
 3B95:0404 06B4 C=DATA   S=_DATA          G=DGROUP  M=WL_MENU.C  ACBP=48
 3B95:0AB8 03ED C=DATA   S=_DATA          G=DGROUP  M=WL_INTER.C ACBP=48
 3B95:0EA6 03FC C=DATA   S=_DATA          G=DGROUP  M=WL_GAME.C  ACBP=48
 3B95:12A2 0216 C=DATA   S=_DATA          G=DGROUP  M=WL_PLAY.C  ACBP=48
 3B95:14B8 01FE C=DATA   S=_DATA          G=DGROUP  M=WL_DEBUG.C ACBP=48
 3B95:16B6 012A C=DATA   S=_DATA          G=DGROUP  M=WL_DRAW.C  ACBP=48
 3B95:17E0 0000 C=DATA   S=_DATA          G=DGROUP  M=WL_DR_A.ASM ACBP=48
 3B95:17E0 00F1 C=DATA   S=_DATA          G=DGROUP  M=WL_SCALE.C ACBP=48
 3B95:18D2 00FF C=DATA   S=_DATA          G=DGROUP  M=WL_STATE.C ACBP=48
 3B95:19D2 0112 C=DATA   S=_DATA          G=DGROUP  M=WL_AGENT.C ACBP=48
 3B95:1AE4 0119 C=DATA   S=_DATA          G=DGROUP  M=WL_ACT1.C  ACBP=48
 3B95:1BFE 1412 C=DATA   S=_DATA          G=DGROUP  M=WL_ACT2.C  ACBP=48
 3B95:3010 0109 C=DATA   S=_DATA          G=DGROUP  M=ID_CA.C    ACBP=48
 3B95:311A 005F C=DATA   S=_DATA          G=DGROUP  M=ID_IN.C    ACBP=48
 3B95:317A 015B C=DATA   S=_DATA          G=DGROUP  M=ID_MM.C    ACBP=48
 3B95:32D6 0490 C=DATA   S=_DATA          G=DGROUP  M=ID_PM.C    ACBP=48
 3B95:3766 0278 C=DATA   S=_DATA          G=DGROUP  M=ID_SD.C    ACBP=48
 3B95:39DE 0104 C=DATA   S=_DATA          G=DGROUP  M=ID_SD_A.ASM ACBP=48
 3B95:3AE2 0000 C=DATA   S=_DATA          G=DGROUP  M=ID_US_A.ASM ACBP=48
 3B95:3AE2 02B9 C=DATA   S=_DATA          G=DGROUP  M=ID_US_1.C  ACBP=48
 3B95:3D9C 0097 C=DATA   S=_DATA          G=DGROUP  M=ID_VL.C    ACBP=48
 3B95:3E34 00C3 C=DATA   S=_DATA          G=DGROUP  M=ID_VH.C    ACBP=48
 3B95:3EF8 0002 C=DATA   S=_DATA          G=DGROUP  M=ID_VL_A.ASM ACBP=48
 3B95:3EFA 0000 C=DATA   S=_DATA          G=DGROUP  M=ID_VH_A.ASM ACBP=48
 3B95:3F00 0002 C=DATA   S=_DATA          G=DGROUP  M=FPINIT     ACBP=68
 3B95:3F10 0000 C=DATA   S=_DATA          G=DGROUP  M=E87TRAP    ACBP=68
 3B95:3F10 0003 C=DATA   S=_DATA          G=DGROUP  M=PROTFLAG   ACBP=48
 3B95:3F14 0002 C=DATA   S=_DATA          G=DGROUP  M=DEFLT87    ACBP=48
 3B95:3F16 0000 C=DATA   S=_DATA          G=DGROUP  M=ATAN       ACBP=48
 3B95:3F16 0024 C=DATA   S=_DATA          G=DGROUP  M=HUGEVAL    ACBP=48
 3B95:3F3A 0000 C=DATA   S=_DATA          G=DGROUP  M=LDTRUNC    ACBP=48
 3B95:3F3A 0037 C=DATA   S=_DATA          G=DGROUP  M=MATHWHY    ACBP=48
 3B95:3F72 0000 C=DATA   S=_DATA          G=DGROUP  M=REALCVT    ACBP=48
 3B95:3F72 0018 C=DATA   S=_DATA          G=DGROUP  M=SCANTOD    ACBP=48
 3B95:3F8A 0000 C=DATA   S=_DATA          G=DGROUP  M=XCVT       ACBP=48
 3B95:3F8A 008C C=DATA   S=_DATA          G=DGROUP  M=FPERR      ACBP=48
 3B95:4016 0080 C=DATA   S=_DATA          G=DGROUP  M=_POW10     ACBP=48
 3B95:4096 0000 C=DATA   S=_DATA          G=DGROUP  M=POW10D     ACBP=48
 3B95:4096 0000 C=DATA   S=_DATA          G=DGROUP  M=MATHERR    ACBP=48
 3B95:4096 000C C=DATA   S=_DATA          G=DGROUP  M=SIN        ACBP=48
 3B95:40A2 000C C=DATA   S=_DATA          G=DGROUP  M=TAN        ACBP=48
 3B95:40AE 000E C=DATA   S=_DATA          G=DGROUP  M=_MATHERR   ACBP=48
 3B95:40BC 0018 C=DATA   S=_DATA          G=DGROUP  M=ATAN2      ACBP=48
 3B95:40E0 0110 C=DATA   S=_DATA          G=DGROUP  M=EMUVARS    ACBP=68
 3B95:41F0 0000 C=DATA   S=_DATA          G=DGROUP  M=FFTOL      ACBP=48
 3B95:41F0 0002 C=DATA   S=_DATA          G=DGROUP  M=ATEXIT     ACBP=48
 3B95:41F2 0101 C=DATA   S=_DATA          G=DGROUP  M=CTYPE      ACBP=48
 3B95:42F4 0000 C=DATA   S=_DATA          G=DGROUP  M=DOSDFREE   ACBP=48
 3B95:42F4 0000 C=DATA   S=_DATA          G=DGROUP  M=DOSFATTR   ACBP=48
 3B95:42F4 0000 C=DATA   S=_DATA          G=DGROUP  M=DOSGDATE   ACBP=48
 3B95:42F4 0000 C=DATA   S=_DATA          G=DGROUP  M=DOSWRITE   ACBP=48
 3B95:42F4 000C C=DATA   S=_DATA          G=DGROUP  M=EXIT       ACBP=48
 3B95:4300 0140 C=DATA   S=_DATA          G=DGROUP  M=FILES      ACBP=48
 3B95:4440 002A C=DATA   S=_DATA          G=DGROUP  M=FILES2     ACBP=48
 3B95:446A 0004 C=DATA   S=_DATA          G=DGROUP  M=FMODE      ACBP=48
 3B95:446E 0002 C=DATA   S=_DATA          G=DGROUP  M=FPSTKLEN   ACBP=48
 3B95:4470 0000 C=DATA   S=_DATA          G=DGROUP  M=F_LXMUL    ACBP=48
 3B95:4470 0000 C=DATA   S=_DATA          G=DGROUP  M=F_PCMP     ACBP=48
 3B95:4470 0000 C=DATA   S=_DATA          G=DGROUP  M=F_SCOPY    ACBP=48
 3B95:4470 0000 C=DATA   S=_DATA          G=DGROUP  M=GETVECT    ACBP=48
 3B95:4470 0002 C=DATA   S=_DATA          G=DGROUP  M=HEAPLEN    ACBP=48
 3B95:4472 0000 C=DATA   S=_DATA          G=DGROUP  M=H_LLSH     ACBP=48
 3B95:4472 0000 C=DATA   S=_DATA          G=DGROUP  M=H_LRSH     ACBP=48
 3B95:4472 0000 C=DATA   S=_DATA          G=DGROUP  M=H_LURSH    ACBP=48
 3B95:4472 0000 C=DATA   S=_DATA          G=DGROUP  M=H_PADA     ACBP=48
 3B95:4472 0000 C=DATA   S=_DATA          G=DGROUP  M=H_PADD     ACBP=48
 3B95:4472 0000 C=DATA   S=_DATA          G=DGROUP  M=H_PSBP     ACBP=48
 3B95:4472 0000 C=DATA   S=_DATA          G=DGROUP  M=H_SPUSH    ACBP=48
 3B95:4472 005B C=DATA   S=_DATA          G=DGROUP  M=IOERROR    ACBP=48
 3B95:44CE 0000 C=DATA   S=_DATA          G=DGROUP  M=ISATTY     ACBP=48
 3B95:44CE 0000 C=DATA   S=_DATA          G=DGROUP  M=LONGTOA    ACBP=48
 3B95:44CE 0000 C=DATA   S=_DATA          G=DGROUP  M=LSEEK      ACBP=48
 3B95:44CE 0009 C=DATA   S=_DATA          G=DGROUP  M=MKNAME     ACBP=48
 3B95:44D8 0000 C=DATA   S=_DATA          G=DGROUP  M=N_PCMP     ACBP=48
 3B95:44D8 0000 C=DATA   S=_DATA          G=DGROUP  M=READA      ACBP=48
 3B95:44D8 0000 C=DATA   S=_DATA          G=DGROUP  M=SCANTOL    ACBP=48
 3B95:44D8 0000 C=DATA   S=_DATA          G=DGROUP  M=SETUPIO    ACBP=48
 3B95:44D8 0000 C=DATA   S=_DATA          G=DGROUP  M=SIGDATA    ACBP=48
 3B95:44D8 0002 C=DATA   S=_DATA          G=DGROUP  M=STKLEN     ACBP=48
 3B95:44DA 0000 C=DATA   S=_DATA          G=DGROUP  M=TOLOWER    ACBP=48
 3B95:44DA 0000 C=DATA   S=_DATA          G=DGROUP  M=TOUPPER    ACBP=48
 3B95:44DA 0000 C=DATA   S=_DATA          G=DGROUP  M=UNLINK     ACBP=48
 3B95:44DA 0067 C=DATA   S=_DATA          G=DGROUP  M=VPRINTER   ACBP=48
 3B95:4542 0000 C=DATA   S=_DATA          G=DGROUP  M=VRAM       ACBP=48
 3B95:4542 0000 C=DATA   S=_DATA          G=DGROUP  M=XCLOSE     ACBP=48
 3B95:4542 0000 C=DATA   S=_DATA          G=DGROUP  M=_STPCPY    ACBP=48
 3B95:4542 0000 C=DATA   S=_DATA          G=DGROUP  M=BRK        ACBP=48
 3B95:4542 0000 C=DATA   S=_DATA          G=DGROUP  M=CLRSCR     ACBP=48
 3B95:4542 0000 C=DATA   S=_DATA          G=DGROUP  M=CORELEFT   ACBP=48
 3B95:4542 0018 C=DATA   S=_DATA          G=DGROUP  M=CRTINIT    ACBP=48
 3B95:455A 0031 C=DATA   S=_DATA          G=DGROUP  M=CVTFAK     ACBP=48
 3B95:458C 0000 C=DATA   S=_DATA          G=DGROUP  M=FARHEAP    ACBP=48
 3B95:458C 0002 C=DATA   S=_DATA          G=DGROUP  M=FBRK       ACBP=48
 3B95:458E 0000 C=DATA   S=_DATA          G=DGROUP  M=FCORELFT   ACBP=48
 3B95:458E 0000 C=DATA   S=_DATA          G=DGROUP  M=GOTOXY     ACBP=48
 3B95:458E 0000 C=DATA   S=_DATA          G=DGROUP  M=GPTEXT     ACBP=48
 3B95:458E 0000 C=DATA   S=_DATA          G=DGROUP  M=IOCTL      ACBP=48
 3B95:458E 0000 C=DATA   S=_DATA          G=DGROUP  M=MOVETEXT   ACBP=48
 3B95:458E 0006 C=DATA   S=_DATA          G=DGROUP  M=NEARHEAP   ACBP=48
 3B95:4594 0000 C=DATA   S=_DATA          G=DGROUP  M=REALCVT    ACBP=48
 3B95:4594 0000 C=DATA   S=_DATA          G=DGROUP  M=SCREEN     ACBP=48
 3B95:4594 0000 C=DATA   S=_DATA          G=DGROUP  M=SCROLL     ACBP=48
 3B95:4594 000E C=DATA   S=_DATA          G=DGROUP  M=SETARGV    ACBP=48
 3B95:45A2 0000 C=DATA   S=_DATA          G=DGROUP  M=SETBLOCK   ACBP=48
 3B95:45A2 0002 C=DATA   S=_DATA          G=DGROUP  M=SETENVP    ACBP=48
 3B95:45A4 0000 C=DATA   S=_DATA          G=DGROUP  M=WHEREXY    ACBP=48
 3B95:45A4 0000 C=DATA   S=_DATA          G=DGROUP  M=ATOL       ACBP=48
 3B95:45A4 0000 C=DATA   S=_DATA          G=DGROUP  M=CHMODA     ACBP=48
 3B95:45A4 0000 C=DATA   S=_DATA          G=DGROUP  M=CLOSE      ACBP=48
 3B95:45A4 0000 C=DATA   S=_DATA          G=DGROUP  M=CLOSEA     ACBP=48
 3B95:45A4 0000 C=DATA   S=_DATA          G=DGROUP  M=CREAT      ACBP=48
 3B95:45A4 0000 C=DATA   S=_DATA          G=DGROUP  M=FCLOSE     ACBP=48
 3B95:45A4 0000 C=DATA   S=_DATA          G=DGROUP  M=FFLUSH     ACBP=48
 3B95:45A4 0000 C=DATA   S=_DATA          G=DGROUP  M=FINDFIRS   ACBP=48
 3B95:45A4 0000 C=DATA   S=_DATA          G=DGROUP  M=FLENGTH    ACBP=48
 3B95:45A4 0000 C=DATA   S=_DATA          G=DGROUP  M=FLUSHALL   ACBP=48
 3B95:45A4 0000 C=DATA   S=_DATA          G=DGROUP  M=FOPEN      ACBP=48
 3B95:45A4 0000 C=DATA   S=_DATA          G=DGROUP  M=FPRINTF    ACBP=48
 3B95:45A4 0000 C=DATA   S=_DATA          G=DGROUP  M=FSEEK      ACBP=48
 3B95:45A4 0000 C=DATA   S=_DATA          G=DGROUP  M=GETENV     ACBP=48
 3B95:45A4 0000 C=DATA   S=_DATA          G=DGROUP  M=LTOA1      ACBP=48
 3B95:45A4 0000 C=DATA   S=_DATA          G=DGROUP  M=MEMCPY     ACBP=48
 3B95:45A4 0000 C=DATA   S=_DATA          G=DGROUP  M=MOVEDATA   ACBP=48
 3B95:45A4 0000 C=DATA   S=_DATA          G=DGROUP  M=OPEN       ACBP=48
 3B95:45A4 0000 C=DATA   S=_DATA          G=DGROUP  M=OPENA      ACBP=48
 3B95:45A4 0000 C=DATA   S=_DATA          G=DGROUP  M=PRINTF     ACBP=48
 3B95:45A4 0001 C=DATA   S=_DATA          G=DGROUP  M=PUTC       ACBP=48
 3B95:45A6 0000 C=DATA   S=_DATA          G=DGROUP  M=PUTS       ACBP=48
 3B95:45A6 0000 C=DATA   S=_DATA          G=DGROUP  M=READ       ACBP=48
 3B95:45A6 0000 C=DATA   S=_DATA          G=DGROUP  M=READU      ACBP=48
 3B95:45A6 0004 C=DATA   S=_DATA          G=DGROUP  M=SETVBUF    ACBP=48
 3B95:45AA 0000 C=DATA   S=_DATA          G=DGROUP  M=SPRINTF    ACBP=48
 3B95:45AA 0000 C=DATA   S=_DATA          G=DGROUP  M=STRCAT     ACBP=48
 3B95:45AA 0000 C=DATA   S=_DATA          G=DGROUP  M=STRLEN     ACBP=48
 3B95:45AA 0000 C=DATA   S=_DATA          G=DGROUP  M=STRTOL     ACBP=48
 3B95:45AA 0000 C=DATA   S=_DATA          G=DGROUP  M=WRITE      ACBP=48
 3B95:45AA 0000 C=DATA   S=_DATA          G=DGROUP  M=WRITEA     ACBP=48
 3B95:45AA 0000 C=DATA   S=_DATA          G=DGROUP  M=WRITEU     ACBP=48
 3B95:45AA 0000 C=DATA   S=_DATA          G=DGROUP  M=XFCLOSE    ACBP=48
 3B95:45AA 0000 C=DATA   S=_DATA          G=DGROUP  M=XFFLUSH    ACBP=48
 3B95:45AA 0000 C=DATA   S=_DATA          G=DGROUP  M=FMEMCMP    ACBP=48
 3B95:45AA 0000 C=DATA   S=_DATA          G=DGROUP  M=FMEMCPY    ACBP=48
 3B95:45AA 0000 C=DATA   S=_DATA          G=DGROUP  M=FMEMSET    ACBP=48
 3B95:45AA 0000 C=DATA   S=_DATA          G=DGROUP  M=FSTRCPY    ACBP=48
 3B95:45AA 0000 C=DATA   S=_DATA          G=DGROUP  M=FSTRICMP   ACBP=48
 3B95:45AA 0000 C=DATA   S=_DATA          G=DGROUP  M=FSTRLEN    ACBP=48
 3B95:45AA 0000 C=DATA   S=_CVTSEG        G=DGROUP  M=C0.ASM     ACBP=48
 3B95:45AA 0002 C=DATA   S=_CVTSEG        G=DGROUP  M=REALCVT    ACBP=48
 3B95:45AC 0002 C=DATA   S=_CVTSEG        G=DGROUP  M=CVTFAK     ACBP=48
 3B95:45AE 0000 C=DATA   S=_CVTSEG        G=DGROUP  M=REALCVT    ACBP=48
 3B95:45AE 0000 C=DATA   S=_SCNSEG        G=DGROUP  M=C0.ASM     ACBP=48
 3B95:45AE 0006 C=DATA   S=_SCNSEG        G=DGROUP  M=SCANTOD    ACBP=48
 3B95:45B4 0006 C=DATA   S=_SCNSEG        G=DGROUP  M=CVTFAK     ACBP=48
 3B95:45BA 0000 C=CONST  S=_CONST         G=DGROUP  M=C0.ASM     ACBP=48
 3B95:45BA 0000 C=INITDATA S=_INIT_         G=DGROUP  M=C0.ASM     ACBP=48
 3B95:45BA 0006 C=INITDATA S=_INIT_         G=DGROUP  M=FPINIT     ACBP=48
 3B95:45C0 0006 C=INITDATA S=_INIT_         G=DGROUP  M=SETUPIO    ACBP=48
 3B95:45C6 0006 C=INITDATA S=_INIT_         G=DGROUP  M=CRTINIT    ACBP=48
 3B95:45CC 0006 C=INITDATA S=_INIT_         G=DGROUP  M=SETARGV    ACBP=48
 3B95:45D2 0006 C=INITDATA S=_INIT_         G=DGROUP  M=SETENVP    ACBP=48
 3B95:45D8 0000 C=INITDATA S=_INITEND_      G=DGROUP  M=C0.ASM     ACBP=28
 3B95:45D8 0000 C=EXITDATA S=_EXIT_         G=DGROUP  M=C0.ASM     ACBP=48
 3B95:45D8 0006 C=EXITDATA S=_EXIT_         G=DGROUP  M=FPINIT     ACBP=48
 3B95:45DE 0000 C=EXITDATA S=_EXITEND_      G=DGROUP  M=C0.ASM     ACBP=28
 3B95:45DE 0000 C=BSS    S=_BSS           G=DGROUP  M=C0.ASM     ACBP=48
 3B95:45DE 0000 C=BSS    S=_BSS           G=DGROUP  M=WOLFHACK.C ACBP=48
 3B95:45DE 0002 C=BSS    S=_BSS           G=DGROUP  M=WOLF3D.C   ACBP=48
 3B95:45E0 0000 C=BSS    S=_BSS           G=DGROUP  M=SIGNON.C   ACBP=48
 3B95:45E0 0000 C=BSS    S=_BSS           G=DGROUP  M=GAMEPAL.C  ACBP=48
 3B95:45E0 0000 C=BSS    S=_BSS           G=DGROUP  M=WL_TEXT.C  ACBP=48
 3B95:45E0 0002 C=BSS    S=_BSS           G=DGROUP  M=WL_MENU.C  ACBP=48
 3B95:45E2 0000 C=BSS    S=_BSS           G=DGROUP  M=WL_INTER.C ACBP=48
 3B95:45E2 0000 C=BSS    S=_BSS           G=DGROUP  M=WL_GAME.C  ACBP=48
 3B95:45E2 0000 C=BSS    S=_BSS           G=DGROUP  M=WL_PLAY.C  ACBP=48
 3B95:45E2 000A C=BSS    S=_BSS           G=DGROUP  M=WL_DEBUG.C ACBP=48
 3B95:45EC 0000 C=BSS    S=_BSS           G=DGROUP  M=WL_DRAW.C  ACBP=48
 3B95:45EC 0004 C=BSS    S=_BSS           G=DGROUP  M=WL_SCALE.C ACBP=48
 3B95:45F0 0000 C=BSS    S=_BSS           G=DGROUP  M=WL_STATE.C ACBP=48
 3B95:45F0 0000 C=BSS    S=_BSS           G=DGROUP  M=WL_AGENT.C ACBP=48
 3B95:45F0 0000 C=BSS    S=_BSS           G=DGROUP  M=WL_ACT1.C  ACBP=48
 3B95:45F0 0000 C=BSS    S=_BSS           G=DGROUP  M=WL_ACT2.C  ACBP=48
 3B95:45F0 0000 C=BSS    S=_BSS           G=DGROUP  M=ID_CA.C    ACBP=48
 3B95:45F0 0014 C=BSS    S=_BSS           G=DGROUP  M=ID_IN.C    ACBP=48
 3B95:4604 0000 C=BSS    S=_BSS           G=DGROUP  M=ID_MM.C    ACBP=48
 3B95:4604 0000 C=BSS    S=_BSS           G=DGROUP  M=ID_PM.C    ACBP=48
 3B95:4604 0180 C=BSS    S=_BSS           G=DGROUP  M=ID_SD.C    ACBP=48
 3B95:4784 0030 C=BSS    S=_BSS           G=DGROUP  M=ID_US_1.C  ACBP=48
 3B95:47B4 0000 C=BSS    S=_BSS           G=DGROUP  M=ID_VL.C    ACBP=48
 3B95:47B4 0000 C=BSS    S=_BSS           G=DGROUP  M=ID_VH.C    ACBP=48
 3B95:47B4 0000 C=BSS    S=_BSS           G=DGROUP  M=ATAN       ACBP=48
 3B95:47B4 0000 C=BSS    S=_BSS           G=DGROUP  M=LDTRUNC    ACBP=48
 3B95:47B4 0000 C=BSS    S=_BSS           G=DGROUP  M=REALCVT    ACBP=48
 3B95:47B4 0000 C=BSS    S=_BSS           G=DGROUP  M=SCANTOD    ACBP=48
 3B95:47B4 0000 C=BSS    S=_BSS           G=DGROUP  M=XCVT       ACBP=48
 3B95:47B4 0000 C=BSS    S=_BSS           G=DGROUP  M=_POW10     ACBP=48
 3B95:47B4 0000 C=BSS    S=_BSS           G=DGROUP  M=SIN        ACBP=48
 3B95:47B4 0000 C=BSS    S=_BSS           G=DGROUP  M=TAN        ACBP=48
 3B95:47B4 0000 C=BSS    S=_BSS           G=DGROUP  M=ATAN2      ACBP=48
 3B95:47B4 0080 C=BSS    S=_BSS           G=DGROUP  M=ATEXIT     ACBP=48
 3B95:4834 0000 C=BSS    S=_BSS           G=DGROUP  M=DOSFATTR   ACBP=48
 3B95:4834 0000 C=BSS    S=_BSS           G=DGROUP  M=DOSWRITE   ACBP=48
 3B95:4834 0000 C=BSS    S=_BSS           G=DGROUP  M=GETVECT    ACBP=48
 3B95:4834 0000 C=BSS    S=_BSS           G=DGROUP  M=IOERROR    ACBP=48
 3B95:4834 0000 C=BSS    S=_BSS           G=DGROUP  M=ISATTY     ACBP=48
 3B95:4834 0000 C=BSS    S=_BSS           G=DGROUP  M=LONGTOA    ACBP=48
 3B95:4834 0000 C=BSS    S=_BSS           G=DGROUP  M=LSEEK      ACBP=48
 3B95:4834 000D C=BSS    S=_BSS           G=DGROUP  M=MKNAME     ACBP=48
 3B95:4842 0000 C=BSS    S=_BSS           G=DGROUP  M=READA      ACBP=48
 3B95:4842 0000 C=BSS    S=_BSS           G=DGROUP  M=SCANTOL    ACBP=48
 3B95:4842 0000 C=BSS    S=_BSS           G=DGROUP  M=SETUPIO    ACBP=48
 3B95:4842 0004 C=BSS    S=_BSS           G=DGROUP  M=SIGDATA    ACBP=48
 3B95:4846 0000 C=BSS    S=_BSS           G=DGROUP  M=UNLINK     ACBP=48
 3B95:4846 0000 C=BSS    S=_BSS           G=DGROUP  M=VPRINTER   ACBP=48
 3B95:4846 0000 C=BSS    S=_BSS           G=DGROUP  M=VRAM       ACBP=48
 3B95:4846 0000 C=BSS    S=_BSS           G=DGROUP  M=BRK        ACBP=48
 3B95:4846 0000 C=BSS    S=_BSS           G=DGROUP  M=CORELEFT   ACBP=48
 3B95:4846 0000 C=BSS    S=_BSS           G=DGROUP  M=CRTINIT    ACBP=48
 3B95:4846 0000 C=BSS    S=_BSS           G=DGROUP  M=IOCTL      ACBP=48
 3B95:4846 0000 C=BSS    S=_BSS           G=DGROUP  M=SETBLOCK   ACBP=48
 3B95:4846 0000 C=BSS    S=_BSS           G=DGROUP  M=ATOL       ACBP=48
 3B95:4846 0000 C=BSS    S=_BSS           G=DGROUP  M=CHMODA     ACBP=48
 3B95:4846 0000 C=BSS    S=_BSS           G=DGROUP  M=CLOSEA     ACBP=48
 3B95:4846 0000 C=BSS    S=_BSS           G=DGROUP  M=CREAT      ACBP=48
 3B95:4846 0000 C=BSS    S=_BSS           G=DGROUP  M=FINDFIRS   ACBP=48
 3B95:4846 0000 C=BSS    S=_BSS           G=DGROUP  M=FLENGTH    ACBP=48
 3B95:4846 0000 C=BSS    S=_BSS           G=DGROUP  M=GETENV     ACBP=48
 3B95:4846 0000 C=BSS    S=_BSS           G=DGROUP  M=MEMCPY     ACBP=48
 3B95:4846 0000 C=BSS    S=_BSS           G=DGROUP  M=MOVEDATA   ACBP=48
 3B95:4846 0000 C=BSS    S=_BSS           G=DGROUP  M=OPEN       ACBP=48
 3B95:4846 0000 C=BSS    S=_BSS           G=DGROUP  M=OPENA      ACBP=48
 3B95:4846 0001 C=BSS    S=_BSS           G=DGROUP  M=PUTC       ACBP=48
 3B95:4848 0000 C=BSS    S=_BSS           G=DGROUP  M=READ       ACBP=48
 3B95:4848 0000 C=BSS    S=_BSS           G=DGROUP  M=STRCAT     ACBP=48
 3B95:4848 0000 C=BSS    S=_BSS           G=DGROUP  M=STRLEN     ACBP=48
 3B95:4848 0000 C=BSS    S=_BSS           G=DGROUP  M=WRITEA     ACBP=48
 3B95:4848 0000 C=BSS    S=_BSS           G=DGROUP  M=FMEMCMP    ACBP=48
 3B95:4848 0000 C=BSS    S=_BSS           G=DGROUP  M=FMEMCPY    ACBP=48
 3B95:4848 0000 C=BSS    S=_BSS           G=DGROUP  M=FMEMSET    ACBP=48
 3B95:4848 0000 C=BSS    S=_BSS           G=DGROUP  M=FSTRCPY    ACBP=48
 3B95:4848 0000 C=BSS    S=_BSS           G=DGROUP  M=FSTRICMP   ACBP=48
 3B95:4848 0000 C=BSS    S=_BSS           G=DGROUP  M=FSTRLEN    ACBP=48
 3B95:4848 A5C9 C=BSS    S=_COMDEF_       G=DGROUP  M=WOLFHACK.C ACBP=48
 3B95:EE11 0000 C=BSSEND S=_BSSEND        G=DGROUP  M=C0.ASM     ACBP=28
 4A77:0000 0080 C=STACK  S=_STACK         G=(none)  M=C0.ASM     ACBP=74

  Address         Publics by Name

 3B95:0000 idle  DATASEG@
 0000:02AE idle  DGROUP@
 1F65:2152       e086_Entry
 1F65:26E0       e086_Shortcut
 21DD:0306       e087_Entry
 21DD:03C6       e087_Shortcut
 21DD:0430       e087_Trap
 0000:FE32 idle  FIARQQ
 0000:0E32 idle  FICRQQ
 0000:5C32  Abs  FIDRQQ
 0000:1632  Abs  FIERQQ
 0000:0632 idle  FISRQQ
 0000:A23D  Abs  FIWRQQ
 0000:4000 idle  FJARQQ
 0000:C000 idle  FJCRQQ
 0000:8000 idle  FJSRQQ
 0000:1136 idle  FTOL@
 0000:1136       F_FTOL@
 0000:02B5       F_LDIV@
 0000:02DC       F_LMOD@
 0000:02D4 idle  F_LUDIV@
 0000:02E4 idle  F_LUMOD@
 0000:135C       F_LXLSH@
 0000:12E5       F_LXMUL@
 0000:137D       F_LXRSH@
 0000:139D       F_LXURSH@
 0000:13BE       F_PADA@
 0000:1446       F_PADD@
 0000:12FC       F_PCMP@
 0000:1402       F_PSBA@
 0000:14A6       F_PSBP@
 0000:1475 idle  F_PSUB@
 0000:131D       F_SCOPY@
 0000:14D1       F_SPUSH@
 0000:02B5       LDIV@
 0000:02DC idle  LMOD@
 0000:02D4 idle  LUDIV@
 0000:02E4 idle  LUMOD@
 0000:135C idle  LXLSH@
 0000:12E5 idle  LXMUL@
 0000:137D idle  LXRSH@
 0000:139D idle  LXURSH@
 0000:02B2 idle  N_LDIV@
 0000:02D9 idle  N_LMOD@
 0000:02D1 idle  N_LUDIV@
 0000:02E1 idle  N_LUMOD@
 0000:1359       N_LXLSH@
 0000:137A idle  N_LXRSH@
 0000:139A idle  N_LXURSH@
 0000:13BB idle  N_PADA@
 0000:1443       N_PADD@
 0000:1693       N_PCMP@
 0000:13FF idle  N_PSBA@
 0000:14A3       N_PSBP@
 0000:1472 idle  N_PSUB@
 0000:14CB idle  N_SPUSH@
 0000:13BE idle  PADA@
 0000:1446 idle  PADD@
 0000:12FC idle  PCMP@
 0000:1402 idle  PSBA@
 0000:14A6 idle  PSBP@
 0000:1475 idle  PSUB@
 0000:131D idle  SCOPY@
 0000:14D1 idle  SPUSH@
 0000:0296       _abort
 3B95:EC73       _abortprogram
 3B95:541C       _actorat
 3B95:9AA3       _AdLibPresent
 3B95:3059 idle  _afilename
 3B95:E712       _aftersort
 3B95:304F idle  _aheadname
 3B95:E914       _alBlock
 3B95:E910       _alLengthLeft
 3B95:E91A       _alNoCheck
 1B3A:0D5C       _alOut
 3B95:E916       _alSound
 3B95:E90C       _alTimeCount
 3B95:E8FC       _alZeroInst
 3B95:D828       _angle
 3B95:A344       _anglefrac
 3B95:513E       _areabyplayer
 3536:0000       _areaconnect
 107B:0076       _AsmRefresh
 0000:05E8       _atan
 0000:107B       _atan2
 0000:1162 idle  _atexit
 0000:310B idle  _atoi
 0000:309B       _atol
 3B95:19F2 idle  _attackinfo
 3B95:DE7F       _audiohandle
 3B95:DE85       _audiohuffman
 3B95:3010       _audioname
 3B95:9EB6       _audiosegs
 3B95:E67D       _audiostarts
 14D7:0761       _A_DeathScream
 14D7:12D4 idle  _A_HitlerMorph
 14D7:1366 idle  _A_MechaSound
 14D7:1398 idle  _A_Slurpie
 14D7:000D idle  _A_Smoke
 14D7:2092 idle  _A_StartDeathCam
 3B95:97B6       _backcolor
 0615:068D idle  _BackPage
 10C0:000E idle  _BadScale
 3B95:4AB6       _basedist
 3B95:E716       _beforesort
 0AEF:05FD idle  _BJ_Breathe
 3B95:97B7       _blockstarts
 3B95:E6F8       _bombonerror
 3B95:A27E       _bonuscount
 3B95:EC77       _bordercolor
 06B5:02A3 idle  _BossKey
 0000:1F9E idle  _brk
 3B95:E68A       _btnstate
 3B95:EE0D       _bufferheight
 3B95:5136       _bufferofs
 3B95:E688       _bufferseg
 3B95:EE0F       _bufferwidth
 10C0:01E4 idle  _BuildCompScale
 0471:0CC5 idle  _BuildTables
 3B95:EC71       _Button0
 3B95:EC6F       _Button1
 3B95:A360       _buttonheld
 3B95:12C2       _buttonjoy
 3B95:12BA       _buttonmouse
 3B95:12AA       _buttonscan
 3B95:A34C       _buttonstate
 0615:06B7 idle  _CacheLayoutGraphics
 06B5:3225       _CacheLump
 0F63:0304       _CalcHeight
 0471:0E1D idle  _CalcProjection
 0F63:0C31 idle  _CalcRotate
 0F63:0F62       _CalcTics
 06B5:1723 idle  _CalibrateJoystick
 1711:04B6 idle  _CAL_CarmackExpand
 1711:0E8C idle  _CAL_ExpandGrChunk
 1711:0090 idle  _CAL_GetGrChunkLength
 1711:0349 idle  _CAL_HuffExpand
 1711:02F1 idle  _CAL_OptimizeNodes
 1711:0BDA idle  _CAL_SetupAudioFile
 1711:07DD idle  _CAL_SetupGrFile
 1711:0A12 idle  _CAL_SetupMapFile
 1711:0D58       _CA_CacheAudioChunk
 1711:0F63       _CA_CacheGrChunk
 1711:119F       _CA_CacheMap
 1711:140E       _CA_CacheMarks
 1711:10AA       _CA_CacheScreen
 1711:171A idle  _CA_CannotOpen
 1711:138C idle  _CA_ClearAllMarks
 1711:136B idle  _CA_ClearMarks
 1711:007F idle  _CA_CloseDebug
 1711:1344       _CA_DownLevel
 1711:00F0       _CA_FarRead
 1711:014B       _CA_FarWrite
 3B95:9D49       _ca_levelbit
 3B95:E685       _ca_levelnum
 1711:0E07       _CA_LoadAllSounds
 1711:0270 idle  _CA_LoadFile
 1711:005B idle  _CA_OpenDebug
 1711:01A6 idle  _CA_ReadFile
 1711:05D4 idle  _CA_RLEWCompress
 1711:0721 idle  _CA_RLEWexpand
 1711:13E0       _CA_SetAllPurge
 1711:13B2 idle  _CA_SetGrPurge
 1711:0D2F       _CA_Shutdown
 1711:0D0E       _CA_Startup
 1711:12FF       _CA_UpLevel
 1711:0218       _CA_WriteFile
 0D90:05FE       _CenterWindow
 3B95:96F8       _centerx
 06B5:41DB       _CheckForEpisodes
 0AEF:13B0       _CheckHighScore
 0612:0000 idle  _CheckIs386
 0D90:062C idle  _CheckKeys
 114C:10B4       _CheckLine
 06B5:4117 idle  _CheckPause
 14D7:1FF3 idle  _CheckPosition
 114C:1365 idle  _CheckSight
 12D7:0000 idle  _CheckWeaponChange
 3B95:16CA       _chsw
 3B95:DE7B       _chunkcomplen
 3B95:DE77       _chunkexplen
 3B95:D6C8       _ChunksInFile
 06B5:3444 idle  _CleanupControlPanel
 0C4C:0182       _ClearMemory
 06B5:3208       _ClearMScreen
 0D90:0D1F idle  _ClearPaletteShifts
 0AEF:0001       _ClearSplitVWB
 12D7:09BD idle  _ClipMove
 0000:3133       _close
 1403:037E idle  _CloseDoor
 0000:1FBA       _clrscr
 12D7:0BDC idle  _Cmd_Fire
 12D7:0C2E idle  _Cmd_Use
 3B95:044A idle  _color_hlite
 3B95:0452 idle  _color_norml
 3B95:D6A8       _compatability
 3B95:00EE       _configname
 06B5:3DBB idle  _Confirm
 1403:01C4 idle  _ConnectAreas
 12D7:0034 idle  _ControlMovement
 3B95:E6A6       _Controls
 3B95:A35E       _controlx
 3B95:A35C       _controly
 0000:1FE3       _coreleft
 3B95:16C6       _costable
 0EAA:00CC idle  _CountObjects
 06B5:2D33 idle  _CP_ChangeView
 06B5:02F0 idle  _CP_CheckQuick
 06B5:1980 idle  _CP_Control
 06B5:0862 idle  _CP_EndGame
 06B5:109A idle  _CP_LoadGame
 06B5:092E idle  _CP_NewGame
 06B5:2F54 idle  _CP_Quit
 06B5:13C0 idle  _CP_SaveGame
 06B5:0C2A idle  _CP_Sound
 06B5:08BE       _CP_ViewScores
 0000:3192       _creat
 3B95:0422 idle  _CtlItems
 34B0:0000 idle  _CtlMenu
 3B95:EC6D       _CursorBad
 3B95:EC6B       _CursorX
 3B95:EC69       _CursorY
 3B95:042C idle  _CusItems
 3503:0000 idle  _CusMenu
 06B5:200F idle  _CustomControls
 114C:0FB1       _DamageActor
 3B95:A280       _damagecount
 3B95:E681       _debughandle
 0EAA:07B0       _DebugKeys
 0EAA:0007 idle  _DebugMemory
 3B95:A340       _DebugOk
 06B5:2107 idle  _DefineJoyBtns
 06B5:214D idle  _DefineKeyBtns
 06B5:2193 idle  _DefineKeyMove
 06B5:20C2 idle  _DefineMouseBtns
 3B95:E6A4       _DemoBuffer
 3B95:A10E       _demobuffer
 0471:1750 idle  _DemoLoop
 3B95:3124 idle  _DemoMode
 3B95:1236       _demoname
 3B95:E6A2       _DemoOffset
 3B95:A118       _demoplayback
 3B95:A114       _demoptr
 3B95:A11A       _demorecord
 3B95:E6A0       _DemoSize
 3B95:18E4 idle  _diagonal
 0C4C:0FF2 idle  _Died
 3B95:EB37       _DigiLastEnd
 3B95:EB39       _DigiLastStart
 3B95:EB3D       _DigiLeft
 3B95:D6AC       _DigiList
 3B95:99EB       _DigiMap
 3B95:9A9B       _DigiMode
 3B95:EB51       _DigiNumber
 3B95:EB3B       _DigiPage
 3B95:EB69       _DigiPlaying
 3B95:EB4D       _DigiPriority
 3B95:00DC       _dirangle
 3B95:4551       _directvideo
 3B95:12A2       _dirscan
 3B95:1BFE idle  _dirtable
 0471:03AF idle  _DiskFlopAnim
 3B95:9BAE       _displayofs
 0D90:0E71 idle  _DoActor
 0471:03DE idle  _DoChecksum
 0471:1136 idle  _DoJukebox
 1403:07E6 idle  _DoorClosing
 3B95:D6BE       _doornum
 3B95:851C       _doorobjlist
 1403:0656 idle  _DoorOpen
 1403:0684 idle  _DoorOpening
 3B95:518A       _doorposition
 0C4C:0A26       _DrawAllPlayBorder
 0C4C:09F4       _DrawAllPlayBorderSides
 12D7:0542       _DrawAmmo
 06B5:2EC6 idle  _DrawChangeView
 06B5:1E20 idle  _DrawCtlScreen
 06B5:2C05 idle  _DrawCustJoy
 06B5:2C99 idle  _DrawCustKeybd
 06B5:2D01 idle  _DrawCustKeys
 06B5:2B5E idle  _DrawCustMouse
 06B5:2806 idle  _DrawCustomScreen
 12D7:01FE       _DrawFace
 06B5:3A28 idle  _DrawGun
 06B5:39E4 idle  _DrawHalfStep
 12D7:033E       _DrawHealth
 0AEF:11B5       _DrawHighScores
 12D7:04B2       _DrawKeys
 12D7:03DD       _DrawLevel
 12D7:03FC       _DrawLives
 06B5:1266 idle  _DrawLoadSaveScreen
 06B5:1003 idle  _DrawLSAction
 06B5:01E6 idle  _DrawMainMenu
 06B5:3B24       _DrawMenu
 06B5:4159 idle  _DrawMenuGun
 06B5:1A9D idle  _DrawMouseSens
 06B5:0AA6 idle  _DrawNewEpisode
 06B5:0B6C idle  _DrawNewGame
 06B5:0C0E idle  _DrawNewGameDiff
 06B5:32BD idle  _DrawOutline
 0437:0275 idle  _DrawPlanes
 0C4C:0A59       _DrawPlayBorder
 0C4C:095F idle  _DrawPlayBorderSides
 0F63:0EC2 idle  _DrawPlayerWeapon
 0C4C:0B31       _DrawPlayScreen
 0F63:0CAE idle  _DrawScaleds
 12D7:043A       _DrawScore
 06B5:0DDE idle  _DrawSoundMenu
 0437:0028 idle  _DrawSpans
 06B5:4190       _DrawStripes
 12D7:0497       _DrawWeapon
 06B5:3283       _DrawWindow
 114C:0C16 idle  _DropItem
 3B95:A284       _dummyobj
 3B95:0EA6 idle  _ElevatorBackTo
 3B95:E754       _EMSAvail
 3B95:E752       _EMSHandle
 3B95:E736       _EMSList
 3B95:E750       _EMSPageFrame
 3B95:A0F6       _EMSPagesAvail
 3B95:E724       _EMSPagesUsed
 3B95:E74E       _EMSPhysicalPage
 3B95:A0FA       _EMSPresent
 3B95:0362 idle  _endextern
 3B95:0373       _endfilename
 344B:0000 idle  _endStrings
 0615:0954       _EndText
 06B5:21D9 idle  _EnterCtrlData
 3B95:45A2       _environ
 3B95:045A idle  _EpisodeSelect
 06B5:3966 idle  _EraseGun
 3B95:00C3       _errno
 0000:12AA       _exit
 3B95:9EB1       _extension
 3B95:A370       _extravbls
 3B95:A342       _facecount
 0000:2714       _farcoreleft
 0000:22F3       _farfree
 3B95:E70C       _farheap
 0000:23FD       _farmalloc
 3B95:849C       _farmapylookup
 0000:255A idle  _farrealloc
 0F63:05A5       _FarScalePost
 3B95:D6CA       _farthest
 3B95:EC75       _fastpalette
 0000:3204       _fclose
 0000:3285       _fflush
 0000:3366       _filelength
 0000:3306       _findfirst
 0000:3339       _findnext
 35FD:0000       _finetangent
 0C4C:0C34 idle  _FinishDemoRecord
 0D90:0E43       _FinishPaletteShifts
 0471:1006 idle  _FinishSignon
 114C:1471 idle  _FirstSighting
 0F63:0001       _FixedByFrac
 0437:0000 idle  _FixedMul
 0F63:0FC5       _FixOfs
 06B5:2656 idle  _FixupCustom
 1E92:080D       _FizzleFade
 3B95:A12A       _fizzlein
 0000:33A7       _flushall
 3B95:96FC       _focallength
 3B95:D832       _focaltx
 3B95:D830       _focalty
 3B95:9BAD       _fontcolor
 3B95:9BAB       _fontnumber
 0000:3562       _fopen
 0000:3581       _fprintf
 0000:3A2A       _fputc
 0000:3B60 idle  _fputchar
 3B95:A348       _frameon
 0000:2919       _free
 3B95:16BC       _freelatch
 06B5:40AC       _FreeMusic
 0000:35F4       _fseek
 0000:365C idle  _ftell
 3B95:D83E       _fullscalefarcall
 3B95:A278       _funnyticount
 0C4C:122C       _GameLoop
 341B:0000       _gamepal
 3B95:EB6D       _Games
 3B95:9424       _gamestate
 3B95:3031 idle  _gdictname
 12D7:05AA       _GetBonus
 0000:3723       _getenv
 0D90:0A45       _GetNewActor
 0000:27AD       _gettext
 0000:1339       _getvect
 3B95:3027 idle  _gfilename
 3B95:301D idle  _gheadname
 12D7:0560 idle  _GiveAmmo
 12D7:041A idle  _GiveExtraMan
 12D7:0595 idle  _GiveKey
 12D7:045A       _GivePoints
 12D7:0517       _GiveWeapon
 3B95:A10A       _globalsoundx
 3B95:A106       _globalsoundy
 3B95:A374       _godmode
 3B95:DE6D       _gotgatgun
 0000:2764       _gotoxy
 1711:000B idle  _GRFILEPOS
 3B95:DE83       _grhandle
 3B95:E281       _grhuffman
 36DE:0000       _grneeded
 3B95:9BB0       _grsegs
 3B95:E67F       _grstarts
 12D7:0EC0 idle  _GunAttack
 3B95:EB63       _HackCount
 3B95:00DA idle  _halfheight
 0615:00F8 idle  _HandleCommand
 0615:03BA idle  _HandleCtrls
 06B5:345E       _HandleMenu
 0615:03DC idle  _HandleWord
 12D7:03B6       _HealSelf
 3B95:9468       _heightnumerator
 3B95:0364 idle  _helpextern
 3B95:0366 idle  _helpfilename
 0615:08C6 idle  _HelpScreens
 0F63:07F0       _HitHorizDoor
 0F63:0A01       _HitHorizPWall
 0F63:06CD       _HitHorizWall
 0F63:08F7       _HitVertDoor
 0F63:0AE2       _HitVertPWall
 0F63:05AD       _HitVertWall
 3B95:528C       _horizwall
 3B95:9EAC       _ingame
 0D90:09FE       _InitActorList
 1403:01FD       _InitAreas
 0471:1115 idle  _InitDigiMap
 1403:0225       _InitDoorList
 0471:1352 idle  _InitGame
 0D90:0BAD       _InitRedShifts
 1403:000C       _InitStaticList
 1888:01EA       _INL_GetJoyDelta
 1888:000B idle  _INL_KeyService
 3B95:DC59       _insetupscaling
 06B5:2FE6       _IntroScreen
 1888:0B12       _IN_Ack
 1888:0AB8       _IN_CheckAck
 1888:06DA       _IN_ClearKeysDown
 1888:065C idle  _IN_Default
 1888:014F       _IN_GetJoyAbs
 1888:0358 idle  _IN_GetJoyButtonsDB
 06B5:40CF idle  _IN_GetScanName
 1888:0B7F       _IN_JoyButtons
 1888:0B68       _IN_MouseButtons
 1888:06F9       _IN_ReadControl
 1888:0A1C idle  _IN_SetControlType
 1888:06C8 idle  _IN_SetKeyHook
 1888:04CE       _IN_SetupJoy
 1888:069C       _IN_Shutdown
 1888:0A68       _IN_StartAck
 1888:05BB       _IN_Startup
 1888:0B23       _IN_UserInput
 1888:0A4B       _IN_WaitForASCII
 1888:0A2D idle  _IN_WaitForKey
 0000:2855       _ioctl
 0000:153D       _isatty
 0000:3782       _itoa
 0612:0028 idle  _jabhack2
 3B95:E6AE       _JoyDefs
 3B95:5312       _joypadenabled
 3B95:E69E       _JoyPadPresent
 3B95:9AA5       _JoysPresent
 3B95:5314       _joystickenabled
 3B95:530E       _joystickport
 3B95:5310       _joystickprogressive
 3B95:311A idle  _KbdDefs
 3B95:9AAB       _Keyboard
 114C:0CB1 idle  _KillActor
 3B95:A11C       _killerobj
 12D7:0E27 idle  _KnifeAttack
 3B95:9EAE       _LastASCII
 3B95:DE6B       _LastAttacker
 3B95:A110       _lastdemoptr
 3B95:DE73       _lastdoorobj
 3B95:D836       _lastintercept
 3B95:B37A       _lastobj
 3B95:9D42       _LastScan
 3B95:D83A       _lastside
 3B95:879C       _laststatobj
 3B95:D834       _lasttilehit
 3B95:9D4E       _lasttimecount
 1E92:0693       _LatchDrawPic
 12D7:02AF idle  _LatchNumber
 3B95:A134       _latchpics
 3B95:9CEE       _layoutdone
 3B95:A104       _leftchannel
 3B95:9D1C       _leftmargin
 3B95:3DA6 idle  _leftmasks
 3B95:EB4B       _LeftPosition
 3B95:1074 idle  _lefttable
 0AEF:065E       _LevelCompleted
 3B95:9766       _LevelRatios
 3B95:DC4D       _linecmds
 3B95:DC49       _linescale
 3B95:EE09       _linewidth
 3B95:99E5       _loadedgame
 1E92:06F0       _LoadLatchMem
 0471:0869       _LoadTheGame
 3B95:EB41       _LocalTime
 0000:15E8       _lseek
 3B95:0418 idle  _LSItems
 34E8:0000 idle  _LSMenu
 0000:37C4       _ltoa
 3B95:D6A6       _madenoise
 0471:198D       _main
 3B95:0404       _MainItems
 3B95:E820       _MainMemPages
 3B95:E758       _MainMemUsed
 3478:0000       _MainMenu
 3B95:E756       _MainPagesAvail
 3B95:E722       _MainPagesUsed
 3B95:E8E8       _MainPresent
 0000:29E8       _malloc
 3B95:DE81       _maphandle
 3B95:A1FC       _mapheaderseg
 3B95:A12E       _mapheight
 3B95:17E0       _mapmasks1
 3B95:1800       _mapmasks2
 3B95:1820       _mapmasks3
 3B95:A100       _mapon
 3B95:D6B4       _maporgx
 3B95:D6B2       _maporgy
 060B:000A       _MapRow
 3B95:A274       _mapsegs
 3B95:A130       _mapwidth
 3B95:A2C0       _mapwidthtable
 3B95:DC46       _mask1
 3B95:DC45       _mask2
 3B95:DC44       _mask3
 3B95:DC47       _maskword
 0000:0F28       _matherr
 3B95:DC5B       _maxscale
 3B95:D83C       _maxscaleshl2
 3B95:946C       _maxslope
 3B95:0624 idle  _mbarray
 0000:37E9       _memcpy
 3B95:9D4C       _menuitems
 06B5:3EE6       _Message
 3B95:3045 idle  _mfilename
 3B95:303B idle  _mheadname
 3B95:D82A       _midangle
 3B95:16C2 idle  _mindist
 3B95:9466       _minheightdiv
 3B95:485E       _mirrorofs
 3928:0000       _mmblocks
 3B95:A0FE       _mmerror
 3B95:E702       _mmfree
 3B95:E706       _mmhead
 3B95:9CDA       _mminfo
 1941:018B idle  _MML_ClearBlock
 1941:0005       _MML_UseSpace
 3B95:E6FA       _mmnew
 3B95:E6FE       _mmrover
 3B95:E710       _mmstarted
 1941:0DC6       _MM_BombOnError
 1941:0BB0 idle  _MM_DumpData
 1941:06C9       _MM_FreePtr
 1941:040C       _MM_GetPtr
 1941:0811       _MM_SetLock
 1941:0790       _MM_SetPurge
 1941:0A53 idle  _MM_ShowMemory
 1941:03E4       _MM_Shutdown
 1941:0897       _MM_SortMem
 1941:01F1       _MM_Startup
 1941:0D48       _MM_TotalFree
 1941:0CE1       _MM_UnusedMemory
 3B95:96F0       _mouseadjustment
 3B95:E69A       _MouseDownCount
 3B95:5316       _mouseenabled
 3B95:9AA9       _MousePresent
 06B5:1BDC idle  _MouseSensitivity
 0000:3808       _movedata
 1403:0922       _MoveDoors
 114C:09CE       _MoveObj
 3B95:0654 idle  _moveorder
 1403:0B29       _MovePWalls
 0000:287C       _movetext
 3B95:4852       _mr_count
 3B95:4848       _mr_dest
 3B95:4854       _mr_rowofs
 3B95:484C       _mr_xfrac
 3B95:4850       _mr_xstep
 3B95:484A       _mr_yfrac
 3B95:484E       _mr_ystep
 0471:10AB       _MS_CheckParm
 3B95:01BE idle  _MusicItems
 244B:0000 idle  _MusicMenu
 3B95:9A99       _MusicMode
 3B95:E70A       _nearheap
 3B95:841C       _nearmapylookup
 3B95:EB65       _NeedsDigitized
 3B95:EB6B       _NeedsMusic
 3B95:9420       _new
 3B95:0436 idle  _NewEitems
 34C0:0000 idle  _NewEmenu
 0471:035E       _NewGame
 3B95:0440 idle  _NewItems
 0615:035F idle  _NewLine
 34DD:0000 idle  _NewMenu
 114C:00B0       _NewState
 0471:15F2       _NewViewSize
 3B95:EB5D       _nextsoundpos
 3B95:A372       _noclip
 0AEF:1506 idle  _NonShareware
 3B95:9700       _nospr
 3B95:01F6 idle  _nosprtxt
 3B95:99E3       _NoWait
 3B95:D6AE       _NumDigi
 3B95:9D3A       _numpages
 3B95:E6F2       _numUMBs
 3B95:B37C       _obj
 3B95:A282       _objcount
 3B95:B378       _objfreelist
 3B95:B37E       _objlist
 3B95:DE75       _oldsoundmode
 0000:3855       _open
 1403:0355       _OpenDoor
 1403:05E1       _OperateDoor
 3B95:18D2 idle  _opposite
 3B95:0630 idle  _order
 3B95:32E6 idle  _PageFile
 3B95:32D8       _PageFileName
 0615:048D idle  _PageLayout
 3B95:9D3C       _pagenum
 3B65:0000       _palette1
 3B35:0000       _palette2
 3B95:A27C       _palshifted
 0615:001E idle  _ParseNumber
 0615:0072 idle  _ParsePicCommand
 0615:0090 idle  _ParseTimedCommand
 3B95:9EAF       _Paused
 3B95:EB22       _pcLastSample
 3B95:EB1A       _pcLengthLeft
 3B95:4856       _pcos
 3B95:EB1E       _pcSound
 3B95:E91C       _pcSoundLookup
 3B95:EE0B       _pelpan
 0AEF:043B       _PG13
 3B95:9CF0       _picdelay
 3B95:9D4A       _pickquick
 3B95:9CF2       _picnum
 3B95:9D47       _pictable
 0EAA:01C8       _PicturePause
 3B95:9CF6       _picx
 3B95:9CF4       _picy
 3B95:9470       _pixelangle
 3B95:3DA2 idle  _pixmasks
 3B95:D814       _pixx
 1403:00E6       _PlaceItemType
 223A:0000       _planepics
 3B95:4926       _planeylookup
 0C4C:0E75       _PlayDemo
 3B95:941E       _player
 3B95:DE67       _playerxmove
 3B95:DE63       _playerymove
 0D90:100E       _PlayLoop
 0C4C:00FE       _PlaySoundLocGlobal
 3B95:9422       _playstate
 3B95:DE61       _plux
 3B95:DE5F       _pluy
 3B95:E71C       _PMFrameCount
 1A1E:06D6 idle  _PML_ClosePageFile
 1A1E:0ADA idle  _PML_GetAPageBuffer
 1A1E:0710 idle  _PML_GetEMSAddress
 1A1E:0BE7 idle  _PML_GetPageFromXMS
 1A1E:0845 idle  _PML_GiveLRUPage
 1A1E:08E6 idle  _PML_GiveLRUXMSPage
 1A1E:0C6B idle  _PML_LoadPage
 1A1E:0001 idle  _PML_MapEMS
 1A1E:04EF idle  _PML_OpenPageFile
 1A1E:0958 idle  _PML_PutPageInXMS
 1A1E:046F idle  _PML_ReadFromFile
 1A1E:013F idle  _PML_ShutdownEMS
 1A1E:0448 idle  _PML_ShutdownMainMem
 1A1E:0283 idle  _PML_ShutdownXMS
 1A1E:0024 idle  _PML_StartupEMS
 1A1E:03CB idle  _PML_StartupMainMem
 1A1E:0163 idle  _PML_StartupXMS
 1A1E:0A07 idle  _PML_TransferPageSpace
 1A1E:01D6 idle  _PML_XMSCopy
 3B95:E720       _PMNumBlocks
 3B95:D6C0       _PMPages
 3B95:E72A       _PMPanicMode
 3B95:E71A       _PMSegPages
 3B95:D6C4       _PMSoundStart
 3B95:D6C6       _PMSpriteStart
 3B95:E72C       _PMStarted
 3B95:E728       _PMThrashing
 1A1E:02D2       _PM_CheckMainMem
 1A1E:0CBD       _PM_GetPage
 1A1E:07EC       _PM_GetPageAddress
 1A1E:1015       _PM_NextFrame
 1A1E:0DAF       _PM_Preload
 1A1E:108F idle  _PM_Reset
 1A1E:02A9       _PM_SetMainMemPurge
 1A1E:0D7F       _PM_SetPageLock
 1A1E:11AE       _PM_Shutdown
 1A1E:10FD       _PM_Startup
 0D90:03C6 idle  _PollControls
 0D90:006B idle  _PollJoystickButtons
 0D90:0246 idle  _PollJoystickMove
 0D90:0000 idle  _PollKeyboardButtons
 0D90:00FC idle  _PollKeyboardMove
 0D90:0027 idle  _PollMouseButtons
 0D90:0208 idle  _PollMouseMove
 3B95:D6BA       _postsource
 3B95:D6B6       _postwidth
 3B95:D6B8       _postx
 0000:0F1D       _pow10
 0AEF:1102       _PreloadGraphics
 0AEF:1061 idle  _PreloadUpdate
 06B5:2BBB idle  _PrintCustJoy
 06B5:2C62 idle  _PrintCustKeybd
 06B5:2CCB idle  _PrintCustKeys
 06B5:2B14 idle  _PrintCustMouse
 0000:39FA       _printf
 06B5:1330 idle  _PrintLSEntry
 3B95:9EAA       _PrintX
 3B95:99E1       _PrintY
 3B95:E683       _profilehandle
 14D7:005B idle  _ProjectileTryMove
 3B95:485A       _psin
 1403:0975       _PushWall
 0000:3D1A       _puts
 0000:2801       _puttext
 3B95:5138       _pwalldir
 3B95:520A       _pwallpos
 3B95:5188       _pwallstate
 3B95:513C       _pwallx
 3B95:513A       _pwally
 3B95:9D45       _px
 3B95:9D43       _py
 0471:163A       _Quit
 3B95:00FC idle  _radtoint
 0000:3E33       _read
 06B5:3C59 idle  _ReadAnyControl
 0471:0000 idle  _ReadConfig
 0000:2B41 idle  _realloc
 0C4C:0D19       _RecordDemo
 1403:0176 idle  _RecursiveConnect
 3808:0000       _redshifts
 0D90:0AA7 idle  _RemoveObj
 3B95:A102       _rightchannel
 3B95:9CFE       _rightmargin
 3B95:3DAA idle  _rightmasks
 3B95:EB49       _RightPosition
 3B95:0EB2 idle  _righttable
 0615:000B idle  _RipToEOL
 243A:0002 idle  _rndtable
 3B95:9CF8       _rowon
 3B95:A346       _running
 3B95:9D52       _SaveGameNames
 3B95:9E94       _SaveGamesAvail
 3B95:0468 idle  _SaveName
 0471:042B       _SaveTheGame
 3B95:EB67       _SBProPresent
 0000:1FAA idle  _sbrk
 3B95:512E       _scale
 3B95:DC5D       _scaledirectory
 10C0:0339 idle  _ScaleLine
 0F63:052E idle  _ScalePost
 10C0:0487       _ScaleShape
 0C4C:019D idle  _ScanInfoPlane
 3B95:3AF2       _Scores
 3B95:D6AA       _screenfaded
 3B95:16B6       _screenloc
 3B95:96FA       _screenofs
 3B95:3D9C       _screenseg
 1B3A:0BAB       _SDL_DigitizedDone
 1CCF:0012       _SDL_IndicatePC
 1B3A:08F2 idle  _SDL_LoadDigiSegment
 1B3A:0927 idle  _SDL_PlayDigiSegment
 1B3A:028A idle  _SDL_SBService
 1B3A:0510 idle  _SDL_SBSetDMA
 1CCF:000A       _SDL_SetDS
 1B3A:0C79 idle  _SDL_SetupDigi
 1CCF:001F       _SDL_t0ExtremeAsmService
 1CCF:0099       _SDL_t0FastAsmService
 1CCF:02CB       _SDL_t0SlowAsmService
 1B3A:1554 idle  _SD_Default
 1B3A:192D idle  _SD_FadeOutMusic
 1B3A:188E       _SD_MusicOff
 1B3A:1883       _SD_MusicOn
 1B3A:193E idle  _SD_MusicPlaying
 1B3A:0AE7 idle  _SD_PlayDigitized
 1B3A:1647       _SD_PlaySound
 1B3A:0A13       _SD_Poll
 1B3A:1630       _SD_PositionSound
 1B3A:0C15       _SD_SetDigiDevice
 1B3A:11A7       _SD_SetMusicMode
 1B3A:0A9F       _SD_SetPosition
 1B3A:1117       _SD_SetSoundMode
 1B3A:161E idle  _SD_SetUserHook
 1B3A:15C3       _SD_Shutdown
 1B3A:17F8       _SD_SoundPlaying
 1B3A:18DB       _SD_StartMusic
 1B3A:11F9       _SD_Startup
 1B3A:0971       _SD_StopDigitized
 1B3A:183F       _SD_StopSound
 1B3A:1876       _SD_WaitSoundDone
 114C:07AA       _SelectChaseDir
 114C:067A       _SelectDodgeDir
 14D7:1A4F idle  _SelectPathDir
 114C:0904       _SelectRunDir
 0000:2FF6       _setblock
 0437:016C idle  _SetPlaneViewSize
 0C4C:000B idle  _SetSoundLoc
 06B5:3BF2 idle  _SetTextColor
 06B5:3322 idle  _SetupControlPanel
 0C4C:06A9       _SetupGameLevel
 10C0:001F       _SetupScaling
 0471:0F55 idle  _SetupWalls
 0000:3E36       _setvbuf
 0000:1348       _setvect
 0471:151F       _SetViewSize
 0EAA:02E3 idle  _ShapeTest
 3B95:96F6       _shootdelta
 06B5:41CA idle  _ShootSnd
 0615:07A3 idle  _ShowArticle
 0471:15A7       _ShowViewSize
 0471:0C9D       _ShutdownId
 114C:1784       _SightPlayer
 247B:0000       _signon
 0471:0F7C idle  _SignonScreen
 10C0:07A0       _SimpleScaleShape
 0000:0F4E       _sin
 3B95:A376       _singlestep
 358C:0000       _sintable
 3B95:DC51       _slinewidth
 3B95:DC53       _slinex
 3B95:040E idle  _SndItems
 3490:0000 idle  _SndMenu
 3B95:12CA idle  _songs
 3B95:9A9F       _SoundBlasterPresent
 3B95:9A9D       _SoundMode
 3B95:EB53       _SoundNumber
 3B95:A132       _SoundPositioned
 3B95:EB4F       _SoundPriority
 3B95:9AA1       _SoundSourcePresent
 3B95:0466 idle  _SoundStatus
 3B95:EB61       _SoundTable
 3B95:4DD6       _spanstart
 14D7:1EAA       _SpawnBJVictory
 14D7:0500       _SpawnBoss
 14D7:04E0       _SpawnDeadGuard
 1403:025D       _SpawnDoor
 14D7:1204       _SpawnFakeHitler
 14D7:0AAA       _SpawnFat
 14D7:0950       _SpawnGhosts
 14D7:0A42       _SpawnGift
 14D7:0553       _SpawnGretel
 14D7:126C       _SpawnHitler
 114C:0001       _SpawnNewObj
 14D7:05A6       _SpawnPatrol
 12D7:0D87       _SpawnPlayer
 14D7:09DA       _SpawnSchabbs
 14D7:032D       _SpawnStand
 1403:0017       _SpawnStatic
 3B95:A120       _spearangle
 3B95:A11E       _spearflag
 3B95:A126       _spearx
 3B95:A122       _speary
 3B95:A378       _spotvis
 0000:3F36       _sprintf
 3B95:E8FA       _sqActive
 3B95:E8F6       _sqHack
 3B95:E8F0       _sqHackLen
 3B95:E8F2       _sqHackPtr
 3B95:E8EE       _sqHackSeqLen
 3B95:E8EA       _sqHackTime
 3B95:EB33       _ssActive
 3B95:EB31       _ssControl
 3B95:EB2D       _ssData
 3B95:EB5F       _ssIsTandy
 3B95:EB23       _ssLengthLeft
 3B95:EB35       _ssNoCheck
 3B95:EB2B       _ssOff
 3B95:EB2C       _ssOn
 3B95:3766 idle  _ssPort
 3B95:EB27       _ssSample
 3B95:EB2F       _ssStatus
 0D90:0D2C       _StartBonusFlash
 06B5:401F       _StartCPMusic
 0D90:0D37       _StartDamageFlash
 0C4C:0BDD idle  _StartDemoRecord
 3B95:9E92       _StartGame
 3B95:96F4       _startgame
 3B95:1C10 idle  _starthitpoints
 0D90:0B31       _StartMusic
 3B95:1AE4 idle  _statinfo
 3B95:879E       _statobjlist
 12D7:01A5 idle  _StatusDrawPic
 3B95:DC55       _stepbytwo
 3B95:4C46       _stepscale
 0D90:0AF6       _StopMusic
 3B95:9716       _str
 3B95:9702       _str2
 3B95:1AD2 idle  _strafeangle
 0000:3F6F       _strcat
 0000:3FA8       _strlen
 0000:3FEC       _strtol
 3B95:19E2 idle  _s_attack
 3B95:2F7A idle  _s_bjjump1
 3B95:2F8A idle  _s_bjjump2
 3B95:2F9A idle  _s_bjjump3
 3B95:2FAA idle  _s_bjjump4
 3B95:2F1A idle  _s_bjrun1
 3B95:2F2A idle  _s_bjrun1s
 3B95:2F3A idle  _s_bjrun2
 3B95:2F4A idle  _s_bjrun3
 3B95:2F5A idle  _s_bjrun3s
 3B95:2F6A idle  _s_bjrun4
 3B95:1EA0       _s_blinkychase1
 3B95:1EB0 idle  _s_blinkychase2
 3B95:1D10 idle  _s_boom1
 3B95:1D20 idle  _s_boom2
 3B95:1D30 idle  _s_boom3
 3B95:2530       _s_bosschase1
 3B95:2540 idle  _s_bosschase1s
 3B95:2550 idle  _s_bosschase2
 3B95:2560 idle  _s_bosschase3
 3B95:2570 idle  _s_bosschase3s
 3B95:2580 idle  _s_bosschase4
 3B95:2590       _s_bossdie1
 3B95:25A0 idle  _s_bossdie2
 3B95:25B0 idle  _s_bossdie3
 3B95:25C0 idle  _s_bossdie4
 3B95:25D0 idle  _s_bossshoot1
 3B95:25E0 idle  _s_bossshoot2
 3B95:25F0 idle  _s_bossshoot3
 3B95:2600 idle  _s_bossshoot4
 3B95:2610 idle  _s_bossshoot5
 3B95:2620 idle  _s_bossshoot6
 3B95:2630 idle  _s_bossshoot7
 3B95:2640 idle  _s_bossshoot8
 3B95:2520 idle  _s_bossstand
 3B95:1F00 idle  _s_clydechase1
 3B95:1F10 idle  _s_clydechase2
 3B95:2FBA       _s_deathcam
 3B95:1FD0       _s_dogchase1
 3B95:1FE0 idle  _s_dogchase1s
 3B95:1FF0 idle  _s_dogchase2
 3B95:2000 idle  _s_dogchase3
 3B95:2010 idle  _s_dogchase3s
 3B95:2020 idle  _s_dogchase4
 3B95:2060 idle  _s_dogdead
 3B95:2030       _s_dogdie1
 3B95:2040 idle  _s_dogdie2
 3B95:2050 idle  _s_dogdie3
 3B95:1F80 idle  _s_dogjump1
 3B95:1F90 idle  _s_dogjump2
 3B95:1FA0 idle  _s_dogjump3
 3B95:1FB0 idle  _s_dogjump4
 3B95:1FC0 idle  _s_dogjump5
 3B95:1F20 idle  _s_dogpath1
 3B95:1F30 idle  _s_dogpath1s
 3B95:1F40 idle  _s_dogpath2
 3B95:1F50 idle  _s_dogpath3
 3B95:1F60 idle  _s_dogpath3s
 3B95:1F70 idle  _s_dogpath4
 3B95:2B22       _s_fakechase1
 3B95:2B32 idle  _s_fakechase1s
 3B95:2B42 idle  _s_fakechase2
 3B95:2B52 idle  _s_fakechase3
 3B95:2B62 idle  _s_fakechase3s
 3B95:2B72 idle  _s_fakechase4
 3B95:2B82       _s_fakedie1
 3B95:2B92 idle  _s_fakedie2
 3B95:2BA2 idle  _s_fakedie3
 3B95:2BB2 idle  _s_fakedie4
 3B95:2BC2 idle  _s_fakedie5
 3B95:2BD2 idle  _s_fakedie6
 3B95:2BE2 idle  _s_fakeshoot1
 3B95:2BF2 idle  _s_fakeshoot2
 3B95:2C02 idle  _s_fakeshoot3
 3B95:2C12 idle  _s_fakeshoot4
 3B95:2C22 idle  _s_fakeshoot5
 3B95:2C32 idle  _s_fakeshoot6
 3B95:2C42 idle  _s_fakeshoot7
 3B95:2C52 idle  _s_fakeshoot8
 3B95:2C62 idle  _s_fakeshoot9
 3B95:2B12 idle  _s_fakestand
 3B95:29E2       _s_fatchase1
 3B95:29F2 idle  _s_fatchase1s
 3B95:2A02 idle  _s_fatchase2
 3B95:2A12 idle  _s_fatchase3
 3B95:2A22 idle  _s_fatchase3s
 3B95:2A32 idle  _s_fatchase4
 3B95:2A42 idle  _s_fatdeathcam
 3B95:2A52       _s_fatdie1
 3B95:2A62 idle  _s_fatdie2
 3B95:2A72 idle  _s_fatdie3
 3B95:2A82 idle  _s_fatdie4
 3B95:2A92 idle  _s_fatdie5
 3B95:2AA2 idle  _s_fatdie6
 3B95:2AB2 idle  _s_fatshoot1
 3B95:2AC2 idle  _s_fatshoot2
 3B95:2AD2 idle  _s_fatshoot3
 3B95:2AE2 idle  _s_fatshoot4
 3B95:2AF2 idle  _s_fatshoot5
 3B95:2B02 idle  _s_fatshoot6
 3B95:29D2 idle  _s_fatstand
 3B95:2C72 idle  _s_fire1
 3B95:2C82 idle  _s_fire2
 3B95:28E2       _s_giftchase1
 3B95:28F2 idle  _s_giftchase1s
 3B95:2902 idle  _s_giftchase2
 3B95:2912 idle  _s_giftchase3
 3B95:2922 idle  _s_giftchase3s
 3B95:2932 idle  _s_giftchase4
 3B95:2942 idle  _s_giftdeathcam
 3B95:2952       _s_giftdie1
 3B95:2962 idle  _s_giftdie2
 3B95:2972 idle  _s_giftdie3
 3B95:2982 idle  _s_giftdie4
 3B95:2992 idle  _s_giftdie5
 3B95:29A2 idle  _s_giftdie6
 3B95:29B2 idle  _s_giftshoot1
 3B95:29C2 idle  _s_giftshoot2
 3B95:28D2 idle  _s_giftstand
 3B95:1E00       _s_grdchase1
 3B95:1E10 idle  _s_grdchase1s
 3B95:1E20 idle  _s_grdchase2
 3B95:1E30 idle  _s_grdchase3
 3B95:1E40 idle  _s_grdchase3s
 3B95:1E50 idle  _s_grdchase4
 3B95:1E60       _s_grddie1
 3B95:1E70 idle  _s_grddie2
 3B95:1E80 idle  _s_grddie3
 3B95:1E90 idle  _s_grddie4
 3B95:1DB0       _s_grdpain
 3B95:1DC0       _s_grdpain1
 3B95:1D50 idle  _s_grdpath1
 3B95:1D60 idle  _s_grdpath1s
 3B95:1D70 idle  _s_grdpath2
 3B95:1D80 idle  _s_grdpath3
 3B95:1D90 idle  _s_grdpath3s
 3B95:1DA0 idle  _s_grdpath4
 3B95:1DD0 idle  _s_grdshoot1
 3B95:1DE0 idle  _s_grdshoot2
 3B95:1DF0 idle  _s_grdshoot3
 3B95:1D40 idle  _s_grdstand
 3B95:2660       _s_gretelchase1
 3B95:2670 idle  _s_gretelchase1s
 3B95:2680 idle  _s_gretelchase2
 3B95:2690 idle  _s_gretelchase3
 3B95:26A0 idle  _s_gretelchase3s
 3B95:26B0 idle  _s_gretelchase4
 3B95:26C0       _s_greteldie1
 3B95:26D0 idle  _s_greteldie2
 3B95:26E0 idle  _s_greteldie3
 3B95:26F0 idle  _s_greteldie4
 3B95:2700 idle  _s_gretelshoot1
 3B95:2710 idle  _s_gretelshoot2
 3B95:2720 idle  _s_gretelshoot3
 3B95:2730 idle  _s_gretelshoot4
 3B95:2740 idle  _s_gretelshoot5
 3B95:2750 idle  _s_gretelshoot6
 3B95:2760 idle  _s_gretelshoot7
 3B95:2770 idle  _s_gretelshoot8
 3B95:2650 idle  _s_gretelstand
 3B95:2DA2       _s_hitlerchase1
 3B95:2DB2 idle  _s_hitlerchase1s
 3B95:2DC2 idle  _s_hitlerchase2
 3B95:2DD2 idle  _s_hitlerchase3
 3B95:2DE2 idle  _s_hitlerchase3s
 3B95:2DF2 idle  _s_hitlerchase4
 3B95:2E02 idle  _s_hitlerdeathcam
 3B95:2E12       _s_hitlerdie1
 3B95:2EA2 idle  _s_hitlerdie10
 3B95:2E22 idle  _s_hitlerdie2
 3B95:2E32 idle  _s_hitlerdie3
 3B95:2E42 idle  _s_hitlerdie4
 3B95:2E52 idle  _s_hitlerdie5
 3B95:2E62 idle  _s_hitlerdie6
 3B95:2E72 idle  _s_hitlerdie7
 3B95:2E82 idle  _s_hitlerdie8
 3B95:2E92 idle  _s_hitlerdie9
 3B95:2EB2 idle  _s_hitlershoot1
 3B95:2EC2 idle  _s_hitlershoot2
 3B95:2ED2 idle  _s_hitlershoot3
 3B95:2EE2 idle  _s_hitlershoot4
 3B95:2EF2 idle  _s_hitlershoot5
 3B95:2F02 idle  _s_hitlershoot6
 3B95:1EC0 idle  _s_inkychase1
 3B95:1ED0 idle  _s_inkychase2
 3B95:2CA2       _s_mechachase1
 3B95:2CB2 idle  _s_mechachase1s
 3B95:2CC2 idle  _s_mechachase2
 3B95:2CD2 idle  _s_mechachase3
 3B95:2CE2 idle  _s_mechachase3s
 3B95:2CF2 idle  _s_mechachase4
 3B95:2D02       _s_mechadie1
 3B95:2D12 idle  _s_mechadie2
 3B95:2D22 idle  _s_mechadie3
 3B95:2D32 idle  _s_mechadie4
 3B95:2D42 idle  _s_mechashoot1
 3B95:2D52 idle  _s_mechashoot2
 3B95:2D62 idle  _s_mechashoot3
 3B95:2D72 idle  _s_mechashoot4
 3B95:2D82 idle  _s_mechashoot5
 3B95:2D92 idle  _s_mechashoot6
 3B95:2C92 idle  _s_mechastand
 3B95:22B0       _s_mutchase1
 3B95:22C0 idle  _s_mutchase1s
 3B95:22D0 idle  _s_mutchase2
 3B95:22E0 idle  _s_mutchase3
 3B95:22F0 idle  _s_mutchase3s
 3B95:2300 idle  _s_mutchase4
 3B95:2310       _s_mutdie1
 3B95:2320 idle  _s_mutdie2
 3B95:2330 idle  _s_mutdie3
 3B95:2340 idle  _s_mutdie4
 3B95:2350 idle  _s_mutdie5
 3B95:2250       _s_mutpain
 3B95:2260       _s_mutpain1
 3B95:21F0 idle  _s_mutpath1
 3B95:2200 idle  _s_mutpath1s
 3B95:2210 idle  _s_mutpath2
 3B95:2220 idle  _s_mutpath3
 3B95:2230 idle  _s_mutpath3s
 3B95:2240 idle  _s_mutpath4
 3B95:2270 idle  _s_mutshoot1
 3B95:2280 idle  _s_mutshoot2
 3B95:2290 idle  _s_mutshoot3
 3B95:22A0 idle  _s_mutshoot4
 3B95:21E0 idle  _s_mutstand
 3B95:2892 idle  _s_needle1
 3B95:28A2 idle  _s_needle2
 3B95:28B2 idle  _s_needle3
 3B95:28C2 idle  _s_needle4
 3B95:2130       _s_ofcchase1
 3B95:2140 idle  _s_ofcchase1s
 3B95:2150 idle  _s_ofcchase2
 3B95:2160 idle  _s_ofcchase3
 3B95:2170 idle  _s_ofcchase3s
 3B95:2180 idle  _s_ofcchase4
 3B95:2190       _s_ofcdie1
 3B95:21A0 idle  _s_ofcdie2
 3B95:21B0 idle  _s_ofcdie3
 3B95:21C0 idle  _s_ofcdie4
 3B95:21D0 idle  _s_ofcdie5
 3B95:20E0       _s_ofcpain
 3B95:20F0       _s_ofcpain1
 3B95:2080 idle  _s_ofcpath1
 3B95:2090 idle  _s_ofcpath1s
 3B95:20A0 idle  _s_ofcpath2
 3B95:20B0 idle  _s_ofcpath3
 3B95:20C0 idle  _s_ofcpath3s
 3B95:20D0 idle  _s_ofcpath4
 3B95:2100 idle  _s_ofcshoot1
 3B95:2110 idle  _s_ofcshoot2
 3B95:2120 idle  _s_ofcshoot3
 3B95:2070 idle  _s_ofcstand
 3B95:1EE0 idle  _s_pinkychase1
 3B95:1EF0 idle  _s_pinkychase2
 3B95:19D2 idle  _s_player
 3B95:1CC0 idle  _s_rocket
 3B95:27A2       _s_schabbchase1
 3B95:27B2 idle  _s_schabbchase1s
 3B95:27C2 idle  _s_schabbchase2
 3B95:27D2 idle  _s_schabbchase3
 3B95:27E2 idle  _s_schabbchase3s
 3B95:27F2 idle  _s_schabbchase4
 3B95:2802 idle  _s_schabbdeathcam
 3B95:2812       _s_schabbdie1
 3B95:2822 idle  _s_schabbdie2
 3B95:2832 idle  _s_schabbdie3
 3B95:2842 idle  _s_schabbdie4
 3B95:2852 idle  _s_schabbdie5
 3B95:2862 idle  _s_schabbdie6
 3B95:2872 idle  _s_schabbshoot1
 3B95:2882 idle  _s_schabbshoot2
 3B95:2792 idle  _s_schabbstand
 3B95:1CD0 idle  _s_smoke1
 3B95:1CE0 idle  _s_smoke2
 3B95:1CF0 idle  _s_smoke3
 3B95:1D00 idle  _s_smoke4
 3B95:2480       _s_sschase1
 3B95:2490 idle  _s_sschase1s
 3B95:24A0 idle  _s_sschase2
 3B95:24B0 idle  _s_sschase3
 3B95:24C0 idle  _s_sschase3s
 3B95:24D0 idle  _s_sschase4
 3B95:24E0       _s_ssdie1
 3B95:24F0 idle  _s_ssdie2
 3B95:2500 idle  _s_ssdie3
 3B95:2510 idle  _s_ssdie4
 3B95:23D0       _s_sspain
 3B95:23E0       _s_sspain1
 3B95:2370 idle  _s_sspath1
 3B95:2380 idle  _s_sspath1s
 3B95:2390 idle  _s_sspath2
 3B95:23A0 idle  _s_sspath3
 3B95:23B0 idle  _s_sspath3s
 3B95:23C0 idle  _s_sspath4
 3B95:23F0 idle  _s_ssshoot1
 3B95:2400 idle  _s_ssshoot2
 3B95:2410 idle  _s_ssshoot3
 3B95:2420 idle  _s_ssshoot4
 3B95:2430 idle  _s_ssshoot5
 3B95:2440 idle  _s_ssshoot6
 3B95:2450 idle  _s_ssshoot7
 3B95:2460 idle  _s_ssshoot8
 3B95:2470 idle  _s_ssshoot9
 3B95:2360 idle  _s_ssstand
 3B95:EB45       _t0OldService
 12D7:035C       _TakeDamage
 0000:0F9B       _tan
 3B95:99E9       _tedlevel
 3B95:99E7       _tedlevelnum
 3B95:9CFA       _text
 0F63:10D6       _ThreeDRefresh
 12D7:0AF4 idle  _Thrust
 3B95:DE6F       _thrustspeed
 06B5:3AE6 idle  _TicDelay
 3B95:A12C       _tics
 3B95:16BE       _tileglobal
 3B95:D816       _tilehit
 3B95:741C       _tilemap
 3B95:9D3E       _TimeCount
 0615:00B5 idle  _TimedPicCommand
 3B95:EB55       _TimerCount
 3B95:EB59       _TimerDivisor
 3B95:EB3F       _TimerRate
 3B95:E686       _tinf
 0000:1930       _tolower
 0000:195C       _toupper
 06B5:123B idle  _TrackWhichGame
 0F63:0050 idle  _TransformActor
 0F63:0192 idle  _TransformTile
 12D7:0825 idle  _TryMove
 114C:00C8       _TryWalk
 12D7:10B7 idle  _T_Attack
 14D7:1DCC idle  _T_Bite
 14D7:1FE8 idle  _T_BJDone
 14D7:1F9B idle  _T_BJJump
 14D7:1EFE idle  _T_BJRun
 14D7:1FC6 idle  _T_BJYell
 14D7:15B9 idle  _T_Chase
 14D7:18E6 idle  _T_DogChase
 14D7:14CA idle  _T_Fake
 14D7:13A9 idle  _T_FakeFire
 14D7:1074 idle  _T_Fat
 14D7:1836 idle  _T_Ghosts
 14D7:0EE4 idle  _T_Gift
 14D7:0C33 idle  _T_GiftThrow
 14D7:1A9B idle  _T_Path
 12D7:124A idle  _T_Player
 14D7:00FE idle  _T_Projectile
 14D7:0D54 idle  _T_Schabb
 14D7:0B12 idle  _T_SchabbThrow
 14D7:1BD1 idle  _T_Shoot
 14D7:15A9 idle  _T_Stand
 0000:37AA       _ultoa
 3B95:E6DE       _UMBbase
 06B5:3244       _UnCacheLump
 0000:1988       _unlink
 3B95:5318       _update
 12D7:0268 idle  _UpdateFace
 0D90:0D43 idle  _UpdatePaletteShifts
 3B95:99D9       _updateptr
 0C4C:014F       _UpdateSoundLoc
 3B95:3AEE idle  _USL_DrawString
 1D12:000B idle  _USL_HardError
 3B95:3AEA       _USL_MeasureString
 1D12:03DC idle  _USL_PrintInCenter
 1D12:0698 idle  _US_CenterWindow
 1D12:021B       _US_CheckParm
 1D12:054B       _US_ClearWindow
 06B5:0003       _US_ControlPanel
 1D12:04E0       _US_CPrint
 1D12:0480 idle  _US_CPrintLine
 1D12:0578       _US_DrawWindow
 1D0E:0008       _US_InitRndT
 1D12:07B1       _US_LineInput
 1D12:02E4       _US_Print
 1D12:043C       _US_PrintCentered
 1D12:03B3 idle  _US_PrintSigned
 1D12:038A       _US_PrintUnsigned
 1D12:06E9 idle  _US_RestoreWindow
 1D0E:0030       _US_RndT
 1D12:06BC idle  _US_SaveWindow
 1D12:02C5 idle  _US_SetPrintRoutines
 1D12:0209       _US_Shutdown
 1D12:0143       _US_Startup
 3B95:99BF       _uwidthtable
 3B95:520C       _vertwall
 3B95:16CC idle  _vgaCeiling
 0F63:0BC3 idle  _VGAClearScreen
 1DD1:0BD3       _VGAMAPMASK
 1DD1:0BF8       _VGAREADMAP
 1DD1:0BE3 idle  _VGAWRITEMODE
 1F45:0002       _VH_UpdateScreen
 0AEF:002E       _Victory
 12D7:0FF7 idle  _VictorySpin
 12D7:0AE4 idle  _VictoryTile
 3B95:DC42       _viewangle
 3B95:4E9E       _viewcos
 3B95:5132       _viewheight
 3B95:4EA2       _viewsin
 3B95:530C       _viewsize
 3B95:D82E       _viewtx
 3B95:D82C       _viewty
 3B95:D6B0       _viewtype
 3B95:5134       _viewwidth
 3B95:4EAA       _viewx
 3B95:4EA6       _viewy
 3B95:96F2       _virtualreality
 3B95:D6D0       _vislist
 3B95:D6CE       _visptr
 3B95:D6CC       _visstep
 1DD1:0683       _VL_Bar
 1DD1:00A6 idle  _VL_ClearVideo
 1DD1:04D9       _VL_ColorBorder
 1DD1:00D0 idle  _VL_DePlaneVGA
 1DD1:0AFF idle  _VL_DrawLatch8String
 1DD1:09D1 idle  _VL_DrawTile8String
 1DD1:0390       _VL_FadeIn
 1DD1:0263       _VL_FadeOut
 1DD1:01AC idle  _VL_FillPalette
 1DD1:01EC idle  _VL_GetColor
 1DD1:0242 idle  _VL_GetPalette
 1DD1:053C       _VL_Hlin
 1DD1:091C       _VL_LatchToScreen
 1DD1:088B idle  _VL_MaskedToScreen
 1DD1:0793       _VL_MemToLatch
 1DD1:07ED       _VL_MemToScreen
 1E92:0244       _VL_MungePic
 1DD1:04ED       _VL_Plot
 1DD1:097F       _VL_ScreenToScreen
 1DD1:01D1 idle  _VL_SetColor
 1F27:0021 idle  _VL_SetCRTC
 1DD1:0128 idle  _VL_SetLineWidth
 1DD1:0217       _VL_SetPalette
 1DD1:0C08       _VL_SetScreen
 1DD1:015D idle  _VL_SetSplitScreen
 1DD1:009C idle  _VL_SetTextMode
 1DD1:0076       _VL_SetVGAPlaneMode
 1DD1:006C       _VL_Shutdown
 1DD1:0BA9 idle  _VL_SizeTile8String
 1DD1:000E       _VL_Startup
 1DD1:0475       _VL_TestPaletteSet
 1F27:0075       _VL_VideoID
 1DD1:061A       _VL_Vlin
 1F27:000A       _VL_WaitVBL
 0000:3F53 idle  _vsprintf
 1E92:05BA       _VWB_Bar
 1E92:0512       _VWB_DrawPic
 1E92:0581       _VWB_DrawPropString
 1E92:0483       _VWB_DrawTile8
 1E92:04CB idle  _VWB_DrawTile8M
 1E92:0621       _VWB_Hlin
 1E92:05F6       _VWB_Plot
 1E92:0655       _VWB_Vlin
 1E92:0331 idle  _VWL_MeasureString
 1E92:0124 idle  _VW_DrawColorPropString
 1E92:000C idle  _VW_DrawPropString
 1E92:03B5       _VW_MarkUpdateBlock
 1E92:0393 idle  _VW_MeasureMPropString
 1E92:0371       _VW_MeasurePropString
 1E92:0689       _VW_UpdateScreen
 06B5:3C27 idle  _WaitKeyUp
 3B95:4EAE       _wallheight
 0F63:0FE8 idle  _WallRefresh
 3B95:1744 idle  _weaponscale
 0000:3079 idle  _wherex
 0000:3088 idle  _wherey
 36E8:0000       _whiteshifts
 3B95:9EA8       _WindowH
 3B95:99DB       _WindowW
 3B95:99DF       _WindowX
 3B95:99DD       _WindowY
 3B95:1840 idle  _wordmasks
 3B95:DC57       _work
 0000:4209       _write
 0AEF:04F2       _Write
 0471:0231 idle  _WriteConfig
 3B95:D808       _xintercept
 3B95:D81A       _xinttile
 3B95:E6F4       _XMSaddr
 3B95:E734       _XMSAvail
 3B95:E72E       _XMSDriver
 3B95:E732       _XMSHandle
 3B95:A0F8       _XMSPagesAvail
 3B95:E726       _XMSPagesUsed
 3B95:A0FC       _XMSPresent
 3B95:32D6 idle  _XMSProtectPage
 3B95:D826       _xpartial
 3B95:D820       _xpartialdown
 3B95:D822       _xpartialup
 3B95:D800       _xstep
 3B95:D812       _xtile
 3B95:D80E       _xtilestep
 3B95:D804       _yintercept
 3B95:D818       _yinttile
 3B95:EC79       _ylookup
 3B95:D824       _ypartial
 3B95:D81C       _ypartialdown
 3B95:D81E       _ypartialup
 3B95:D7FC       _ystep
 3B95:D810       _ytile
 3B95:D80C       _ytilestep
 3B95:3F00       __8087
 0000:1000 idle  __AHINCR
 0000:000C idle  __AHSHIFT
 3B95:4594       __argc
 3B95:4596       __argv
 3B95:41F0       __atexitcnt
 3B95:47B4       __atexittbl
 0000:264A       __brk
 3B95:00D1       __brklvl
 3B95:00B3       __C0argc
 3B95:00B5       __C0argv
 0000:20B6 idle  __c0crtinit
 3B95:00B7       __C0environ
 0000:12CB idle  __cexit
 0000:0189       __checknull
 0000:3118       __chmod
 0000:0176       __cleanup
 0000:315B       __close
 0000:20D3 idle  __crtinit
 3B95:41F2       __ctype
 0000:0000  Abs  __cvtfak
 0000:12D9 idle  __c_exit
 3B95:3F14       __default87
 3B95:4472       __doserrno
[...]
 3B95:2070 idle  _s_ofcstand
 3B95:2080 idle  _s_ofcpath1
 3B95:2090 idle  _s_ofcpath1s
 3B95:20A0 idle  _s_ofcpath2
 3B95:20B0 idle  _s_ofcpath3
 3B95:20C0 idle  _s_ofcpath3s
 3B95:20D0 idle  _s_ofcpath4
 3B95:20E0       _s_ofcpain
 3B95:20F0       _s_ofcpain1
 3B95:2100 idle  _s_ofcshoot1
 3B95:2110 idle  _s_ofcshoot2
 3B95:2120 idle  _s_ofcshoot3
 3B95:2130       _s_ofcchase1
 3B95:2140 idle  _s_ofcchase1s
 3B95:2150 idle  _s_ofcchase2
 3B95:2160 idle  _s_ofcchase3
 3B95:2170 idle  _s_ofcchase3s
 3B95:2180 idle  _s_ofcchase4
 3B95:2190       _s_ofcdie1
 3B95:21A0 idle  _s_ofcdie2
 3B95:21B0 idle  _s_ofcdie3
 3B95:21C0 idle  _s_ofcdie4
 3B95:21D0 idle  _s_ofcdie5
 3B95:21E0 idle  _s_mutstand
 3B95:21F0 idle  _s_mutpath1
 3B95:2200 idle  _s_mutpath1s
 3B95:2210 idle  _s_mutpath2
 3B95:2220 idle  _s_mutpath3
 3B95:2230 idle  _s_mutpath3s
 3B95:2240 idle  _s_mutpath4
 3B95:2250       _s_mutpain
 3B95:2260       _s_mutpain1
 3B95:2270 idle  _s_mutshoot1
 3B95:2280 idle  _s_mutshoot2
 3B95:2290 idle  _s_mutshoot3
 3B95:22A0 idle  _s_mutshoot4
 3B95:22B0       _s_mutchase1
 3B95:22C0 idle  _s_mutchase1s
 3B95:22D0 idle  _s_mutchase2
 3B95:22E0 idle  _s_mutchase3
 3B95:22F0 idle  _s_mutchase3s
 3B95:2300 idle  _s_mutchase4
 3B95:2310       _s_mutdie1
 3B95:2320 idle  _s_mutdie2
 3B95:2330 idle  _s_mutdie3
 3B95:2340 idle  _s_mutdie4
 3B95:2350 idle  _s_mutdie5
 3B95:2360 idle  _s_ssstand
 3B95:2370 idle  _s_sspath1
 3B95:2380 idle  _s_sspath1s
 3B95:2390 idle  _s_sspath2
 3B95:23A0 idle  _s_sspath3
 3B95:23B0 idle  _s_sspath3s
 3B95:23C0 idle  _s_sspath4
 3B95:23D0       _s_sspain
 3B95:23E0       _s_sspain1
 3B95:23F0 idle  _s_ssshoot1
 3B95:2400 idle  _s_ssshoot2
 3B95:2410 idle  _s_ssshoot3
 3B95:2420 idle  _s_ssshoot4
 3B95:2430 idle  _s_ssshoot5
 3B95:2440 idle  _s_ssshoot6
 3B95:2450 idle  _s_ssshoot7
 3B95:2460 idle  _s_ssshoot8
 3B95:2470 idle  _s_ssshoot9
 3B95:2480       _s_sschase1
 3B95:2490 idle  _s_sschase1s
 3B95:24A0 idle  _s_sschase2
 3B95:24B0 idle  _s_sschase3
 3B95:24C0 idle  _s_sschase3s
 3B95:24D0 idle  _s_sschase4
 3B95:24E0       _s_ssdie1
 3B95:24F0 idle  _s_ssdie2
 3B95:2500 idle  _s_ssdie3
 3B95:2510 idle  _s_ssdie4
 3B95:2520 idle  _s_bossstand
 3B95:2530       _s_bosschase1
 3B95:2540 idle  _s_bosschase1s
 3B95:2550 idle  _s_bosschase2
 3B95:2560 idle  _s_bosschase3
 3B95:2570 idle  _s_bosschase3s
 3B95:2580 idle  _s_bosschase4
 3B95:2590       _s_bossdie1
 3B95:25A0 idle  _s_bossdie2
 3B95:25B0 idle  _s_bossdie3
 3B95:25C0 idle  _s_bossdie4
 3B95:25D0 idle  _s_bossshoot1
 3B95:25E0 idle  _s_bossshoot2
 3B95:25F0 idle  _s_bossshoot3
 3B95:2600 idle  _s_bossshoot4
 3B95:2610 idle  _s_bossshoot5
 3B95:2620 idle  _s_bossshoot6
 3B95:2630 idle  _s_bossshoot7
 3B95:2640 idle  _s_bossshoot8
 3B95:2650 idle  _s_gretelstand
 3B95:2660       _s_gretelchase1
 3B95:2670 idle  _s_gretelchase1s
 3B95:2680 idle  _s_gretelchase2
 3B95:2690 idle  _s_gretelchase3
 3B95:26A0 idle  _s_gretelchase3s
 3B95:26B0 idle  _s_gretelchase4
 3B95:26C0       _s_greteldie1
 3B95:26D0 idle  _s_greteldie2
 3B95:26E0 idle  _s_greteldie3
 3B95:26F0 idle  _s_greteldie4
 3B95:2700 idle  _s_gretelshoot1
 3B95:2710 idle  _s_gretelshoot2
 3B95:2720 idle  _s_gretelshoot3
 3B95:2730 idle  _s_gretelshoot4
 3B95:2740 idle  _s_gretelshoot5
 3B95:2750 idle  _s_gretelshoot6
 3B95:2760 idle  _s_gretelshoot7
 3B95:2770 idle  _s_gretelshoot8
 3B95:2792 idle  _s_schabbstand
 3B95:27A2       _s_schabbchase1
 3B95:27B2 idle  _s_schabbchase1s
 3B95:27C2 idle  _s_schabbchase2
 3B95:27D2 idle  _s_schabbchase3
 3B95:27E2 idle  _s_schabbchase3s
 3B95:27F2 idle  _s_schabbchase4
 3B95:2802 idle  _s_schabbdeathcam
 3B95:2812       _s_schabbdie1
 3B95:2822 idle  _s_schabbdie2
 3B95:2832 idle  _s_schabbdie3
 3B95:2842 idle  _s_schabbdie4
 3B95:2852 idle  _s_schabbdie5
 3B95:2862 idle  _s_schabbdie6
 3B95:2872 idle  _s_schabbshoot1
 3B95:2882 idle  _s_schabbshoot2
 3B95:2892 idle  _s_needle1
 3B95:28A2 idle  _s_needle2
 3B95:28B2 idle  _s_needle3
 3B95:28C2 idle  _s_needle4
 3B95:28D2 idle  _s_giftstand
 3B95:28E2       _s_giftchase1
 3B95:28F2 idle  _s_giftchase1s
 3B95:2902 idle  _s_giftchase2
 3B95:2912 idle  _s_giftchase3
 3B95:2922 idle  _s_giftchase3s
 3B95:2932 idle  _s_giftchase4
 3B95:2942 idle  _s_giftdeathcam
 3B95:2952       _s_giftdie1
 3B95:2962 idle  _s_giftdie2
 3B95:2972 idle  _s_giftdie3
 3B95:2982 idle  _s_giftdie4
 3B95:2992 idle  _s_giftdie5
 3B95:29A2 idle  _s_giftdie6
 3B95:29B2 idle  _s_giftshoot1
 3B95:29C2 idle  _s_giftshoot2
 3B95:29D2 idle  _s_fatstand
 3B95:29E2       _s_fatchase1
 3B95:29F2 idle  _s_fatchase1s
 3B95:2A02 idle  _s_fatchase2
 3B95:2A12 idle  _s_fatchase3
 3B95:2A22 idle  _s_fatchase3s
 3B95:2A32 idle  _s_fatchase4
 3B95:2A42 idle  _s_fatdeathcam
 3B95:2A52       _s_fatdie1
 3B95:2A62 idle  _s_fatdie2
 3B95:2A72 idle  _s_fatdie3
 3B95:2A82 idle  _s_fatdie4
 3B95:2A92 idle  _s_fatdie5
 3B95:2AA2 idle  _s_fatdie6
 3B95:2AB2 idle  _s_fatshoot1
 3B95:2AC2 idle  _s_fatshoot2
 3B95:2AD2 idle  _s_fatshoot3
 3B95:2AE2 idle  _s_fatshoot4
 3B95:2AF2 idle  _s_fatshoot5
 3B95:2B02 idle  _s_fatshoot6
 3B95:2B12 idle  _s_fakestand
 3B95:2B22       _s_fakechase1
 3B95:2B32 idle  _s_fakechase1s
 3B95:2B42 idle  _s_fakechase2
 3B95:2B52 idle  _s_fakechase3
 3B95:2B62 idle  _s_fakechase3s
 3B95:2B72 idle  _s_fakechase4
 3B95:2B82       _s_fakedie1
 3B95:2B92 idle  _s_fakedie2
 3B95:2BA2 idle  _s_fakedie3
 3B95:2BB2 idle  _s_fakedie4
 3B95:2BC2 idle  _s_fakedie5
 3B95:2BD2 idle  _s_fakedie6
 3B95:2BE2 idle  _s_fakeshoot1
 3B95:2BF2 idle  _s_fakeshoot2
 3B95:2C02 idle  _s_fakeshoot3
 3B95:2C12 idle  _s_fakeshoot4
 3B95:2C22 idle  _s_fakeshoot5
 3B95:2C32 idle  _s_fakeshoot6
 3B95:2C42 idle  _s_fakeshoot7
 3B95:2C52 idle  _s_fakeshoot8
 3B95:2C62 idle  _s_fakeshoot9
 3B95:2C72 idle  _s_fire1
 3B95:2C82 idle  _s_fire2
 3B95:2C92 idle  _s_mechastand
 3B95:2CA2       _s_mechachase1
 3B95:2CB2 idle  _s_mechachase1s
 3B95:2CC2 idle  _s_mechachase2
 3B95:2CD2 idle  _s_mechachase3
 3B95:2CE2 idle  _s_mechachase3s
 3B95:2CF2 idle  _s_mechachase4
 3B95:2D02       _s_mechadie1
 3B95:2D12 idle  _s_mechadie2
 3B95:2D22 idle  _s_mechadie3
 3B95:2D32 idle  _s_mechadie4
 3B95:2D42 idle  _s_mechashoot1
 3B95:2D52 idle  _s_mechashoot2
 3B95:2D62 idle  _s_mechashoot3
 3B95:2D72 idle  _s_mechashoot4
 3B95:2D82 idle  _s_mechashoot5
 3B95:2D92 idle  _s_mechashoot6
 3B95:2DA2       _s_hitlerchase1
 3B95:2DB2 idle  _s_hitlerchase1s
 3B95:2DC2 idle  _s_hitlerchase2
 3B95:2DD2 idle  _s_hitlerchase3
 3B95:2DE2 idle  _s_hitlerchase3s
 3B95:2DF2 idle  _s_hitlerchase4
 3B95:2E02 idle  _s_hitlerdeathcam
 3B95:2E12       _s_hitlerdie1
 3B95:2E22 idle  _s_hitlerdie2
 3B95:2E32 idle  _s_hitlerdie3
 3B95:2E42 idle  _s_hitlerdie4
 3B95:2E52 idle  _s_hitlerdie5
 3B95:2E62 idle  _s_hitlerdie6
 3B95:2E72 idle  _s_hitlerdie7
 3B95:2E82 idle  _s_hitlerdie8
 3B95:2E92 idle  _s_hitlerdie9
 3B95:2EA2 idle  _s_hitlerdie10
 3B95:2EB2 idle  _s_hitlershoot1
 3B95:2EC2 idle  _s_hitlershoot2
 3B95:2ED2 idle  _s_hitlershoot3
 3B95:2EE2 idle  _s_hitlershoot4
 3B95:2EF2 idle  _s_hitlershoot5
 3B95:2F02 idle  _s_hitlershoot6
 3B95:2F1A idle  _s_bjrun1
 3B95:2F2A idle  _s_bjrun1s
 3B95:2F3A idle  _s_bjrun2
 3B95:2F4A idle  _s_bjrun3
 3B95:2F5A idle  _s_bjrun3s
 3B95:2F6A idle  _s_bjrun4
 3B95:2F7A idle  _s_bjjump1
 3B95:2F8A idle  _s_bjjump2
 3B95:2F9A idle  _s_bjjump3
 3B95:2FAA idle  _s_bjjump4
 3B95:2FBA       _s_deathcam
 3B95:3010       _audioname
 3B95:301D idle  _gheadname
 3B95:3027 idle  _gfilename
 3B95:3031 idle  _gdictname
 3B95:303B idle  _mheadname
 3B95:3045 idle  _mfilename
 3B95:304F idle  _aheadname
 3B95:3059 idle  _afilename
 3B95:311A idle  _KbdDefs
 3B95:3124 idle  _DemoMode
 3B95:32D6 idle  _XMSProtectPage
 3B95:32D8       _PageFileName
 3B95:32E6 idle  _PageFile
 3B95:3766 idle  _ssPort
 3B95:3AEA       _USL_MeasureString
 3B95:3AEE idle  _USL_DrawString
 3B95:3AF2       _Scores
 3B95:3D9C       _screenseg
 3B95:3DA2 idle  _pixmasks
 3B95:3DA6 idle  _leftmasks
 3B95:3DAA idle  _rightmasks
 3B95:3F00       __8087
 3B95:3F10       __protected
 3B95:3F11       __LDT
 3B95:3F14       __default87
 3B95:3F16 idle  __huge_flt
 3B95:3F1A       __huge_dble
 3B95:3F22 idle  __huge_ldble
 3B95:3F2C idle  __indefinite
 3B95:3F30 idle  __tiny_ldble
 3B95:3F3A       __mathwhy
 3B95:40E0       __emu
 3B95:41F0       __atexitcnt
 3B95:41F2       __ctype
 3B95:42F4       __exitbuf
 3B95:42F8       __exitfopen
 3B95:42FC       __exitopen
 3B95:4300       __streams
 3B95:4440       __nfile
 3B95:4442       __openfd
 3B95:446A       __fmode
 3B95:446C       __notUmask
 3B95:446E       __fpstklen
 3B95:4470       __heaplen
 3B95:4472       __doserrno
 3B95:4474 idle  __dosErrorToSV
 3B95:44D8       __stklen
 3B95:4542       __video
 3B95:4551       _directvideo
 3B95:458E idle  __first
 3B95:4590 idle  __last
 3B95:4592 idle  __rover
 3B95:4594       __argc
 3B95:4596       __argv
 3B95:45A2       _environ
 3B95:45AA       __RealCvtVector
 3B95:45AE idle  __ScanTodVector
 3B95:47B4       __atexittbl
 3B95:4842       ___SignalPtr
 3B95:4848       _mr_dest
 3B95:484A       _mr_yfrac
 3B95:484C       _mr_xfrac
 3B95:484E       _mr_ystep
 3B95:4850       _mr_xstep
 3B95:4852       _mr_count
 3B95:4854       _mr_rowofs
 3B95:4856       _pcos
 3B95:485A       _psin
 3B95:485E       _mirrorofs
 3B95:4926       _planeylookup
 3B95:4AB6       _basedist
 3B95:4C46       _stepscale
 3B95:4DD6       _spanstart
 3B95:4E9E       _viewcos
 3B95:4EA2       _viewsin
 3B95:4EA6       _viewy
 3B95:4EAA       _viewx
 3B95:4EAE       _wallheight
 3B95:512E       _scale
 3B95:5132       _viewheight
 3B95:5134       _viewwidth
 3B95:5136       _bufferofs
 3B95:5138       _pwalldir
 3B95:513A       _pwally
 3B95:513C       _pwallx
 3B95:513E       _areabyplayer
 3B95:5188       _pwallstate
 3B95:518A       _doorposition
 3B95:520A       _pwallpos
 3B95:520C       _vertwall
 3B95:528C       _horizwall
 3B95:530C       _viewsize
 3B95:530E       _joystickport
 3B95:5310       _joystickprogressive
 3B95:5312       _joypadenabled
 3B95:5314       _joystickenabled
 3B95:5316       _mouseenabled
 3B95:5318       _update
 3B95:541C       _actorat
 3B95:741C       _tilemap
 3B95:841C       _nearmapylookup
 3B95:849C       _farmapylookup
 3B95:851C       _doorobjlist
 3B95:879C       _laststatobj
 3B95:879E       _statobjlist
 3B95:941E       _player
 3B95:9420       _new
 3B95:9422       _playstate
 3B95:9424       _gamestate
 3B95:9466       _minheightdiv
 3B95:9468       _heightnumerator
 3B95:946C       _maxslope
 3B95:9470       _pixelangle
 3B95:96F0       _mouseadjustment
 3B95:96F2       _virtualreality
 3B95:96F4       _startgame
 3B95:96F6       _shootdelta
 3B95:96F8       _centerx
 3B95:96FA       _screenofs
 3B95:96FC       _focallength
 3B95:9700       _nospr
 3B95:9702       _str2
 3B95:9716       _str
 3B95:9766       _LevelRatios
 3B95:97B6       _backcolor
 3B95:97B7       _blockstarts
 3B95:99BF       _uwidthtable
 3B95:99D9       _updateptr
 3B95:99DB       _WindowW
 3B95:99DD       _WindowY
 3B95:99DF       _WindowX
 3B95:99E1       _PrintY
 3B95:99E3       _NoWait
 3B95:99E5       _loadedgame
 3B95:99E7       _tedlevelnum
 3B95:99E9       _tedlevel
 3B95:99EB       _DigiMap
 3B95:9A99       _MusicMode
 3B95:9A9B       _DigiMode
 3B95:9A9D       _SoundMode
 3B95:9A9F       _SoundBlasterPresent
 3B95:9AA1       _SoundSourcePresent
 3B95:9AA3       _AdLibPresent
 3B95:9AA5       _JoysPresent
 3B95:9AA9       _MousePresent
 3B95:9AAB       _Keyboard
 3B95:9BAB       _fontnumber
 3B95:9BAD       _fontcolor
 3B95:9BAE       _displayofs
 3B95:9BB0       _grsegs
 3B95:9CDA       _mminfo
 3B95:9CEE       _layoutdone
 3B95:9CF0       _picdelay
 3B95:9CF2       _picnum
 3B95:9CF4       _picy
 3B95:9CF6       _picx
 3B95:9CF8       _rowon
 3B95:9CFA       _text
 3B95:9CFE       _rightmargin
 3B95:9D1C       _leftmargin
 3B95:9D3A       _numpages
 3B95:9D3C       _pagenum
 3B95:9D3E       _TimeCount
 3B95:9D42       _LastScan
 3B95:9D43       _py
 3B95:9D45       _px
 3B95:9D47       _pictable
 3B95:9D49       _ca_levelbit
 3B95:9D4A       _pickquick
 3B95:9D4C       _menuitems
 3B95:9D4E       _lasttimecount
 3B95:9D52       _SaveGameNames
 3B95:9E92       _StartGame
 3B95:9E94       _SaveGamesAvail
 3B95:9EA8       _WindowH
 3B95:9EAA       _PrintX
 3B95:9EAC       _ingame
 3B95:9EAE       _LastASCII
 3B95:9EAF       _Paused
 3B95:9EB1       _extension
 3B95:9EB6       _audiosegs
 3B95:A0F6       _EMSPagesAvail
 3B95:A0F8       _XMSPagesAvail
 3B95:A0FA       _EMSPresent
 3B95:A0FC       _XMSPresent
 3B95:A0FE       _mmerror
 3B95:A100       _mapon
 3B95:A102       _rightchannel
 3B95:A104       _leftchannel
 3B95:A106       _globalsoundy
 3B95:A10A       _globalsoundx
 3B95:A10E       _demobuffer
 3B95:A110       _lastdemoptr
 3B95:A114       _demoptr
 3B95:A118       _demoplayback
 3B95:A11A       _demorecord
 3B95:A11C       _killerobj
 3B95:A11E       _spearflag
 3B95:A120       _spearangle
 3B95:A122       _speary
 3B95:A126       _spearx
 3B95:A12A       _fizzlein
 3B95:A12C       _tics
 3B95:A12E       _mapheight
 3B95:A130       _mapwidth
 3B95:A132       _SoundPositioned
 3B95:A134       _latchpics
 3B95:A1FC       _mapheaderseg
 3B95:A274       _mapsegs
 3B95:A278       _funnyticount
 3B95:A27C       _palshifted
 3B95:A27E       _bonuscount
 3B95:A280       _damagecount
 3B95:A282       _objcount
 3B95:A284       _dummyobj
 3B95:A2C0       _mapwidthtable
 3B95:A340       _DebugOk
 3B95:A342       _facecount
 3B95:A344       _anglefrac
 3B95:A346       _running
 3B95:A348       _frameon
 3B95:A34C       _buttonstate
 3B95:A35C       _controly
 3B95:A35E       _controlx
 3B95:A360       _buttonheld
 3B95:A370       _extravbls
 3B95:A372       _noclip
 3B95:A374       _godmode
 3B95:A376       _singlestep
 3B95:A378       _spotvis
 3B95:B378       _objfreelist
 3B95:B37A       _lastobj
 3B95:B37C       _obj
 3B95:B37E       _objlist
 3B95:D6A6       _madenoise
 3B95:D6A8       _compatability
 3B95:D6AA       _screenfaded
 3B95:D6AC       _DigiList
 3B95:D6AE       _NumDigi
 3B95:D6B0       _viewtype
 3B95:D6B2       _maporgy
 3B95:D6B4       _maporgx
 3B95:D6B6       _postwidth
 3B95:D6B8       _postx
 3B95:D6BA       _postsource
 3B95:D6BE       _doornum
 3B95:D6C0       _PMPages
 3B95:D6C4       _PMSoundStart
 3B95:D6C6       _PMSpriteStart
 3B95:D6C8       _ChunksInFile
 3B95:D6CA       _farthest
 3B95:D6CC       _visstep
 3B95:D6CE       _visptr
 3B95:D6D0       _vislist
 3B95:D7FC       _ystep
 3B95:D800       _xstep
 3B95:D804       _yintercept
 3B95:D808       _xintercept
 3B95:D80C       _ytilestep
 3B95:D80E       _xtilestep
 3B95:D810       _ytile
 3B95:D812       _xtile
 3B95:D814       _pixx
 3B95:D816       _tilehit
 3B95:D818       _yinttile
 3B95:D81A       _xinttile
 3B95:D81C       _ypartialdown
 3B95:D81E       _ypartialup
 3B95:D820       _xpartialdown
 3B95:D822       _xpartialup
 3B95:D824       _ypartial
 3B95:D826       _xpartial
 3B95:D828       _angle
 3B95:D82A       _midangle
 3B95:D82C       _viewty
 3B95:D82E       _viewtx
 3B95:D830       _focalty
 3B95:D832       _focaltx
 3B95:D834       _lasttilehit
 3B95:D836       _lastintercept
 3B95:D83A       _lastside
 3B95:D83C       _maxscaleshl2
 3B95:D83E       _fullscalefarcall
 3B95:DC42       _viewangle
 3B95:DC44       _mask3
 3B95:DC45       _mask2
 3B95:DC46       _mask1
 3B95:DC47       _maskword
 3B95:DC49       _linescale
 3B95:DC4D       _linecmds
 3B95:DC51       _slinewidth
 3B95:DC53       _slinex
 3B95:DC55       _stepbytwo
 3B95:DC57       _work
 3B95:DC59       _insetupscaling
 3B95:DC5B       _maxscale
 3B95:DC5D       _scaledirectory
 3B95:DE5F       _pluy
 3B95:DE61       _plux
 3B95:DE63       _playerymove
 3B95:DE67       _playerxmove
 3B95:DE6B       _LastAttacker
 3B95:DE6D       _gotgatgun
 3B95:DE6F       _thrustspeed
 3B95:DE73       _lastdoorobj
 3B95:DE75       _oldsoundmode
 3B95:DE77       _chunkexplen
 3B95:DE7B       _chunkcomplen
 3B95:DE7F       _audiohandle
 3B95:DE81       _maphandle
 3B95:DE83       _grhandle
 3B95:DE85       _audiohuffman
 3B95:E281       _grhuffman
 3B95:E67D       _audiostarts
 3B95:E67F       _grstarts
 3B95:E681       _debughandle
 3B95:E683       _profilehandle
 3B95:E685       _ca_levelnum
 3B95:E686       _tinf
 3B95:E688       _bufferseg
 3B95:E68A       _btnstate
 3B95:E69A       _MouseDownCount
 3B95:E69E       _JoyPadPresent
 3B95:E6A0       _DemoSize
 3B95:E6A2       _DemoOffset
 3B95:E6A4       _DemoBuffer
 3B95:E6A6       _Controls
 3B95:E6AE       _JoyDefs
 3B95:E6DE       _UMBbase
 3B95:E6F2       _numUMBs
 3B95:E6F4       _XMSaddr
 3B95:E6F8       _bombonerror
 3B95:E6FA       _mmnew
 3B95:E6FE       _mmrover
 3B95:E702       _mmfree
 3B95:E706       _mmhead
 3B95:E70A       _nearheap
 3B95:E70C       _farheap
 3B95:E710       _mmstarted
 3B95:E712       _aftersort
 3B95:E716       _beforesort
 3B95:E71A       _PMSegPages
 3B95:E71C       _PMFrameCount
 3B95:E720       _PMNumBlocks
 3B95:E722       _MainPagesUsed
 3B95:E724       _EMSPagesUsed
 3B95:E726       _XMSPagesUsed
 3B95:E728       _PMThrashing
 3B95:E72A       _PMPanicMode
 3B95:E72C       _PMStarted
 3B95:E72E       _XMSDriver
 3B95:E732       _XMSHandle
 3B95:E734       _XMSAvail
 3B95:E736       _EMSList
 3B95:E74E       _EMSPhysicalPage
 3B95:E750       _EMSPageFrame
 3B95:E752       _EMSHandle
 3B95:E754       _EMSAvail
 3B95:E756       _MainPagesAvail
 3B95:E758       _MainMemUsed
 3B95:E820       _MainMemPages
 3B95:E8E8       _MainPresent
 3B95:E8EA       _sqHackTime
 3B95:E8EE       _sqHackSeqLen
 3B95:E8F0       _sqHackLen
 3B95:E8F2       _sqHackPtr
 3B95:E8F6       _sqHack
 3B95:E8FA       _sqActive
 3B95:E8FC       _alZeroInst
 3B95:E90C       _alTimeCount
 3B95:E910       _alLengthLeft
 3B95:E914       _alBlock
 3B95:E916       _alSound
 3B95:E91A       _alNoCheck
 3B95:E91C       _pcSoundLookup
 3B95:EB1A       _pcLengthLeft
 3B95:EB1E       _pcSound
 3B95:EB22       _pcLastSample
 3B95:EB23       _ssLengthLeft
 3B95:EB27       _ssSample
 3B95:EB2B       _ssOff
 3B95:EB2C       _ssOn
 3B95:EB2D       _ssData
 3B95:EB2F       _ssStatus
 3B95:EB31       _ssControl
 3B95:EB33       _ssActive
 3B95:EB35       _ssNoCheck
 3B95:EB37       _DigiLastEnd
 3B95:EB39       _DigiLastStart
 3B95:EB3B       _DigiPage
 3B95:EB3D       _DigiLeft
 3B95:EB3F       _TimerRate
 3B95:EB41       _LocalTime
 3B95:EB45       _t0OldService
 3B95:EB49       _RightPosition
 3B95:EB4B       _LeftPosition
 3B95:EB4D       _DigiPriority
 3B95:EB4F       _SoundPriority
 3B95:EB51       _DigiNumber
 3B95:EB53       _SoundNumber
 3B95:EB55       _TimerCount
 3B95:EB59       _TimerDivisor
 3B95:EB5D       _nextsoundpos
 3B95:EB5F       _ssIsTandy
 3B95:EB61       _SoundTable
 3B95:EB63       _HackCount
 3B95:EB65       _NeedsDigitized
 3B95:EB67       _SBProPresent
 3B95:EB69       _DigiPlaying
 3B95:EB6B       _NeedsMusic
 3B95:EB6D       _Games
 3B95:EC69       _CursorY
 3B95:EC6B       _CursorX
 3B95:EC6D       _CursorBad
 3B95:EC6F       _Button1
 3B95:EC71       _Button0
 3B95:EC73       _abortprogram
 3B95:EC75       _fastpalette
 3B95:EC77       _bordercolor
 3B95:EC79       _ylookup
 3B95:EE09       _linewidth
 3B95:EE0B       _pelpan
 3B95:EE0D       _bufferheight
 3B95:EE0F       _bufferwidth

Program entry point at 0000:0000

